2025-10-28 16:02:42 [INFO] ⚙️ Low-performing category identified: agreement
2025-10-28 16:02:42 [INFO] 📁 Copied for mitigation: gss-term-loan-agreement-ccd-5_normalized.json
2025-10-28 16:02:42 [INFO] 📁 Copied for mitigation: Personal-Loan-Agreement_normalized.json
2025-10-28 16:02:42 [INFO] 📁 Copied for mitigation: pl_agreement_normalized.json
2025-10-28 16:02:42 [INFO] 📁 Copied for mitigation: specimen-agreement_normalized.json
2025-10-28 16:02:42 [INFO] ✅ Copied 4 file(s) to normalized_mitigated/
2025-10-28 16:02:42 [INFO] 🧾 Mitigation manifest saved → c:\Users\HP\OneDrive\Desktop\doc-understand\reports\mitigation_manifest.yaml
2025-10-28 16:09:57 [INFO] ✅ No significant bias detected. No mitigation needed.
2025-10-28 16:09:57 [INFO] 🧾 Mitigation recommendations saved → c:\Users\HP\OneDrive\Desktop\doc-understand\reports\mitigation_manifest.yaml
2025-10-28 16:11:20 [INFO] 📊 Analyzing bias mitigation recommendations...
2025-10-28 16:11:20 [INFO] 🧾 Mitigation recommendations saved → c:\Users\HP\OneDrive\Desktop\doc-understand\reports\mitigation_manifest.yaml
2025-10-28 16:12:20 [INFO] ✅ No significant bias detected. No mitigation needed.
2025-10-28 16:12:20 [INFO] 🧾 Mitigation recommendations saved → c:\Users\HP\OneDrive\Desktop\doc-understand\reports\mitigation_manifest.yaml
2025-10-28 16:13:29 [INFO] 📊 Analyzing bias mitigation recommendations...
2025-10-28 16:13:29 [INFO] 🧾 Mitigation recommendations saved → c:\Users\HP\OneDrive\Desktop\doc-understand\reports\mitigation_manifest.yaml
2025-10-28 16:14:44 [INFO] ✅ No significant bias detected. No mitigation needed.
2025-10-28 16:14:44 [INFO] 🧾 Mitigation recommendations saved → c:\Users\HP\OneDrive\Desktop\doc-understand\reports\mitigation_manifest.yaml
2025-11-07 18:14:04 [INFO] [bias_mitigation] ✅ No significant bias detected. No mitigation needed.
2025-11-07 18:14:04 [INFO] [bias_mitigation] 🧾 Mitigation recommendations saved → C:\Users\HP\OneDrive\Desktop\doc-understand\reports\aws_extraction_reports\mitigation_manifest.yaml
2025-11-08 12:08:30 [INFO] [bias_mitigation] ✅ No significant bias detected. No mitigation needed.
2025-11-08 12:08:30 [INFO] [bias_mitigation] 🧾 Mitigation recommendations saved → C:\Users\HP\OneDrive\Desktop\doc-understand\reports\aws_extraction_reports\mitigation_manifest.yaml
2025-11-08 14:30:34 [INFO] [bias_mitigation] ✅ No significant bias detected. No mitigation needed.
2025-11-08 14:30:34 [INFO] [bias_mitigation] 🧾 Mitigation recommendations saved → C:\Users\HP\OneDrive\Desktop\doc-understand\reports\aws_extraction_reports\mitigation_manifest.yaml
