2025-12-07 19:16:23 [INFO] [fetch_files] 🚀 [GCS] Listing PDFs in bucket 'doc-understand-gcs-bucket' under prefix 'data/docs/'
2025-12-07 19:16:25 [INFO] [fetch_files] 🔁 Ensuring S3 has: s3://textract-bucket-yash07/docs/Personal-Loan-Agreement.pdf
2025-12-07 19:16:26 [INFO] [fetch_files] ✅ Already present in S3: docs/Personal-Loan-Agreement.pdf
2025-12-07 19:16:26 [INFO] [fetch_files] ✅ Synced 1 PDFs from GCS to S3.
2025-12-07 19:16:27 [INFO] [fetch_files] 📦 Returning S3 keys for Textract: ['docs/Personal-Loan-Agreement.pdf']
2025-12-07 19:16:45 [INFO] [fetch_files] 🚀 [GCS] Listing PDFs in bucket 'doc-understand-gcs-bucket' under prefix 'data/docs/'
2025-12-07 19:16:47 [INFO] [fetch_files] 🔁 Ensuring S3 has: s3://textract-bucket-yash07/docs/Personal-Loan-Agreement.pdf
2025-12-07 19:16:48 [INFO] [fetch_files] ✅ Already present in S3: docs/Personal-Loan-Agreement.pdf
2025-12-07 19:16:48 [INFO] [fetch_files] ✅ Synced 1 PDFs from GCS to S3.
2025-12-07 19:16:48 [INFO] [fetch_files] 📦 Returning S3 keys for Textract: ['docs/Personal-Loan-Agreement.pdf']
2025-12-07 20:34:29 [INFO] [fetch_files] 🚀 [GCS] Listing PDFs in bucket 'doc-understand-gcs-bucket' under prefix 'data/docs/'
2025-12-07 20:34:30 [INFO] [fetch_files] 🔁 Ensuring S3 has: s3://textract-bucket-yash07/docs/Personal-Loan-Agreement.pdf
2025-12-07 20:34:31 [INFO] [fetch_files] ✅ Already present in S3: docs/Personal-Loan-Agreement.pdf
2025-12-07 20:34:31 [INFO] [fetch_files] ✅ Synced 1 PDFs from GCS to S3.
2025-12-07 20:34:31 [INFO] [fetch_files] 📦 Returning S3 keys for Textract: ['docs/Personal-Loan-Agreement.pdf']
2025-12-07 20:34:40 [INFO] [fetch_files] 🚀 [GCS] Listing PDFs in bucket 'doc-understand-gcs-bucket' under prefix 'data/docs/'
2025-12-07 20:34:41 [INFO] [fetch_files] 🔁 Ensuring S3 has: s3://textract-bucket-yash07/docs/Personal-Loan-Agreement.pdf
2025-12-07 20:34:41 [INFO] [fetch_files] ✅ Already present in S3: docs/Personal-Loan-Agreement.pdf
2025-12-07 20:34:41 [INFO] [fetch_files] ✅ Synced 1 PDFs from GCS to S3.
2025-12-07 20:34:42 [INFO] [fetch_files] 📦 Returning S3 keys for Textract: ['docs/Personal-Loan-Agreement.pdf']
