2025-11-16 07:30:54 [INFO] [layout_reconstruct] Layout reconstruction complete: C:\Users\HP\OneDrive\Desktop\doc-understand\data\aws_extraction_data\layout_reconstructed\dummy_normalized_layout.txt
2025-11-16 07:30:54 [INFO] [layout_reconstruct] Layout reconstruction complete: C:\Users\HP\OneDrive\Desktop\doc-understand\data\aws_extraction_data\layout_reconstructed\empty_normalized_layout.txt
2025-11-16 07:30:54 [INFO] [layout_reconstruct] Layout reconstruction complete: C:\Users\HP\OneDrive\Desktop\doc-understand\data\aws_extraction_data\layout_reconstructed\form_centre_showcase_personal_loan_form_normalized_layout.txt
2025-11-16 07:30:54 [INFO] [layout_reconstruct] Layout reconstruction complete: C:\Users\HP\OneDrive\Desktop\doc-understand\data\aws_extraction_data\layout_reconstructed\gss-term-loan-agreement-ccd-5_normalized_layout.txt
2025-11-16 07:30:54 [INFO] [layout_reconstruct] Layout reconstruction complete: C:\Users\HP\OneDrive\Desktop\doc-understand\data\aws_extraction_data\layout_reconstructed\home_loan_001_normalized_layout.txt
2025-11-16 07:30:54 [INFO] [layout_reconstruct] Layout reconstruction complete: C:\Users\HP\OneDrive\Desktop\doc-understand\data\aws_extraction_data\layout_reconstructed\loan1_normalized_layout.txt
2025-11-16 07:30:54 [INFO] [layout_reconstruct] Layout reconstruction complete: C:\Users\HP\OneDrive\Desktop\doc-understand\data\aws_extraction_data\layout_reconstructed\loan2_normalized_layout.txt
2025-11-16 07:30:55 [INFO] [layout_reconstruct] Layout reconstruction complete: C:\Users\HP\OneDrive\Desktop\doc-understand\data\aws_extraction_data\layout_reconstructed\loan3_normalized_layout.txt
2025-11-16 07:30:55 [INFO] [layout_reconstruct] Layout reconstruction complete: C:\Users\HP\OneDrive\Desktop\doc-understand\data\aws_extraction_data\layout_reconstructed\loan_normalized_layout.txt
2025-11-16 07:30:55 [INFO] [layout_reconstruct] Layout reconstruction complete: C:\Users\HP\OneDrive\Desktop\doc-understand\data\aws_extraction_data\layout_reconstructed\Personal-Loan-Agreement_normalized_layout.txt
2025-11-16 07:30:55 [INFO] [layout_reconstruct] Layout reconstruction complete: C:\Users\HP\OneDrive\Desktop\doc-understand\data\aws_extraction_data\layout_reconstructed\pl_agreement_normalized_layout.txt
2025-11-16 07:30:55 [INFO] [layout_reconstruct] Layout reconstruction complete: C:\Users\HP\OneDrive\Desktop\doc-understand\data\aws_extraction_data\layout_reconstructed\specimen-agreement_normalized_layout.txt
2025-11-16 07:30:55 [INFO] [layout_reconstruct] Completed layout reconstruction for 12 files.
2025-11-16 08:29:44 [INFO] [layout_reconstruct] Layout reconstruction complete: C:\Users\HP\OneDrive\Desktop\doc-understand\data\local_pipeline\sessions\session_7d45d811\layout\Personal-Loan-Agreement - Copy_normalized_layout.txt
2025-11-16 08:41:51 [INFO] [layout_reconstruct] Layout reconstruction complete: c:\Users\HP\OneDrive\Desktop\doc-understand\data\local_pipeline\sessions\session_b98bea3e\layout\Personal-Loan-Agreement - Copy_normalized_layout.txt
2025-11-23 15:52:41 [INFO] [layout_reconstruct] Layout reconstruction complete: C:\Users\HP\OneDrive\Desktop\doc-understand\data\local_pipeline\sessions\session_7ea4a86d\layout\tmpa6d_plzy_normalized_layout.txt
2025-11-23 16:26:49 [INFO] [layout_reconstruct] Layout reconstruction complete: C:\Users\HP\OneDrive\Desktop\doc-understand\data\local_pipeline\sessions\session_9d154eda\layout\tmpnbioniwk_normalized_layout.txt
2025-11-23 22:58:32 [INFO] [layout_reconstruct] Layout reconstruction complete: C:\Users\HP\OneDrive\Desktop\doc-understand\data\local_pipeline\sessions\session_f985d8c1\layout\tmp1gh23nv7_normalized_layout.txt
2025-11-24 16:44:42 [INFO] [layout_reconstruct] Layout reconstruction complete: C:\Users\HP\OneDrive\Desktop\doc-understand\data\local_pipeline\sessions\session_c729f346\layout\tmphuoe2xy4_normalized_layout.txt
2025-11-25 11:01:59 [INFO] [layout_reconstruct] Layout reconstruction complete: C:\Users\HP\OneDrive\Desktop\doc-understand\data\local_pipeline\sessions\session_c995ad5e\layout\tmp7d1nnzkb_normalized_layout.txt
2025-11-25 12:38:56 [INFO] [layout_reconstruct] Layout reconstruction complete: C:\Users\HP\OneDrive\Desktop\doc-understand\data\local_pipeline\sessions\session_9ccfa4c5\layout\tmp_timadju_normalized_layout.txt
2025-11-25 13:26:39 [INFO] [layout_reconstruct] Layout reconstruction complete: C:\Users\HP\OneDrive\Desktop\doc-understand\data\local_pipeline\sessions\session_31e1c79d\layout\tmpeffam0f__normalized_layout.txt
