2025-11-14 21:20:44 [INFO] [llm_retrieve_from_index] ✅ Loaded FAISS index, manifest, and embedding model.
2025-11-14 21:20:44 [INFO] [llm_retrieve_from_index] 🔎 Searching for: 'what is the interesr rate' | Top 5 results
2025-11-14 21:20:44 [INFO] [llm_retrieve_from_index] ✅ Retrieved 5 relevant spans.
2025-11-14 22:17:43 [INFO] [llm_retrieve_from_index] ✅ Loaded FAISS index, manifest, and embedding model.
2025-11-14 22:17:43 [INFO] [llm_retrieve_from_index] 🔎 Searching with context window ±3 for: 'rate of intrest'
2025-11-14 22:17:43 [INFO] [llm_retrieve_from_index] ✅ Retrieved 5 enriched spans with context.
2025-11-14 22:22:48 [INFO] [llm_retrieve_from_index] ✅ Loaded FAISS index, manifest, and embedding model.
2025-11-14 22:22:48 [INFO] [llm_retrieve_from_index] 🔎 Searching with context window ±3 for: 'who is the boroower'
2025-11-14 22:22:48 [INFO] [llm_retrieve_from_index] ✅ Retrieved 5 enriched spans with context.
2025-11-14 22:52:32 [INFO] [llm_retrieve_from_index] ✅ Loaded FAISS index, manifest, and embedding model.
2025-11-14 22:52:33 [INFO] [llm_retrieve_from_index] 🔎 Searching with context window ±3 for: 'what is rate of interest'
2025-11-14 22:52:33 [INFO] [llm_retrieve_from_index] ✅ Retrieved 5 enriched spans with context.
2025-11-14 22:57:35 [INFO] [llm_retrieve_from_index] ✅ Loaded FAISS index, manifest, and embedding model.
2025-11-14 22:57:36 [INFO] [llm_retrieve_from_index] 🔎 Searching with context window ±3 for: 'what is rate of interest'
2025-11-14 22:57:36 [INFO] [llm_retrieve_from_index] ✅ Retrieved 5 enriched spans with context.
2025-11-15 08:30:35 [INFO] [llm_retrieve_from_index] ✅ Loaded FAISS index, manifest, and embedding model.
2025-11-15 08:30:35 [INFO] [llm_retrieve_from_index] 🔎 Searching with context window ±3 for: 'what is interest rate'
2025-11-15 08:30:35 [INFO] [llm_retrieve_from_index] ✅ Retrieved 5 enriched spans with context.
2025-11-15 08:52:43 [INFO] [llm_retrieve_from_index] ✅ Loaded FAISS index, manifest, and embedding model.
2025-11-15 08:52:43 [INFO] [llm_retrieve_from_index] 🔎 Searching with context window ±3 for: 'interest rate'
2025-11-15 08:52:44 [INFO] [llm_retrieve_from_index] ✅ Retrieved 5 enriched spans with context.
2025-11-15 08:53:32 [INFO] [llm_retrieve_from_index] ✅ Loaded FAISS index, manifest, and embedding model.
2025-11-15 08:53:32 [INFO] [llm_retrieve_from_index] 🔎 Searching with context window ±3 for: 'rate of interest'
2025-11-15 08:53:32 [INFO] [llm_retrieve_from_index] ✅ Retrieved 5 enriched spans with context.
2025-11-15 08:59:15 [INFO] [llm_retrieve_from_index] ✅ Loaded FAISS index, manifest, and embedding model.
2025-11-15 08:59:15 [INFO] [llm_retrieve_from_index] 🔎 Searching with context window ±3 for: 'what is rate of interest'
2025-11-15 08:59:15 [INFO] [llm_retrieve_from_index] ✅ Retrieved 5 enriched spans with context.
2025-11-15 09:00:16 [INFO] [llm_retrieve_from_index] ✅ Loaded FAISS index, manifest, and embedding model.
2025-11-15 09:00:16 [INFO] [llm_retrieve_from_index] 🔎 Searching with context window ±3 for: 'explain me what is rate of interest'
2025-11-15 09:00:16 [INFO] [llm_retrieve_from_index] ✅ Retrieved 5 enriched spans with context.
2025-11-15 09:01:47 [INFO] [llm_retrieve_from_index] ✅ Loaded FAISS index, manifest, and embedding model.
2025-11-15 09:01:47 [INFO] [llm_retrieve_from_index] 🔎 Searching with context window ±3 for: 'explain rate of inerest'
2025-11-15 09:01:47 [INFO] [llm_retrieve_from_index] ✅ Retrieved 5 enriched spans with context.
2025-11-15 09:06:41 [INFO] [llm_retrieve_from_index] ✅ Loaded FAISS index, manifest, and embedding model.
2025-11-15 09:06:42 [INFO] [llm_retrieve_from_index] 🔎 Searching with context window ±3 for: 'what is rate of interest explain'
2025-11-15 09:06:42 [INFO] [llm_retrieve_from_index] ✅ Retrieved 5 enriched spans with context.
2025-11-15 09:07:37 [INFO] [llm_retrieve_from_index] ✅ Loaded FAISS index, manifest, and embedding model.
2025-11-15 09:07:37 [INFO] [llm_retrieve_from_index] 🔎 Searching with context window ±3 for: 'rate of interest'
2025-11-15 09:07:37 [INFO] [llm_retrieve_from_index] ✅ Retrieved 5 enriched spans with context.
2025-11-15 09:14:56 [INFO] [llm_retrieve_from_index] ✅ Loaded FAISS index, manifest, and embedding model.
2025-11-15 09:14:56 [INFO] [llm_retrieve_from_index] 🔎 Searching with context window ±3 for: 'apr'
2025-11-15 09:14:56 [INFO] [llm_retrieve_from_index] ✅ Retrieved 5 enriched spans with context.
2025-11-15 09:19:58 [INFO] [llm_retrieve_from_index] ✅ Loaded FAISS index, manifest, and embedding model.
2025-11-15 09:19:58 [INFO] [llm_retrieve_from_index] 🔎 Searching with context window ±3 for: 'apr'
2025-11-15 09:19:58 [INFO] [llm_retrieve_from_index] ✅ Retrieved 5 enriched spans with context.
2025-11-15 09:22:58 [INFO] [llm_retrieve_from_index] ✅ Loaded FAISS index, manifest, and embedding model.
2025-11-15 09:22:58 [INFO] [llm_retrieve_from_index] 🔎 Searching with context window ±3 for: 'apr'
2025-11-15 09:22:58 [INFO] [llm_retrieve_from_index] ✅ Retrieved 5 enriched spans with context.
2025-11-15 09:27:24 [INFO] [llm_retrieve_from_index] ✅ Loaded FAISS index, manifest, and embedding model.
2025-11-15 09:27:24 [INFO] [llm_retrieve_from_index] 🔎 Searching with context window ±3 for: 'rate of interest'
2025-11-15 09:27:24 [INFO] [llm_retrieve_from_index] ✅ Retrieved 5 enriched spans with context.
