2025-11-14 12:38:31 [INFO] [llm_build_vector_index] 📚 Found 12 normalized files.
2025-11-14 12:38:31 [INFO] [llm_build_vector_index] 🧠 Total text spans collected: 5332
2025-11-14 12:38:31 [INFO] [llm_build_vector_index] 🔢 Generating embeddings using SentenceTransformer…
2025-11-14 12:39:13 [INFO] [llm_build_vector_index] ✅ FAISS index saved: scripts\rag_reasoning_scripts\vector_index\vector_index.faiss (Vectors: 5332)
2025-11-14 12:39:13 [INFO] [llm_build_vector_index] ✅ Vector index and manifest created successfully. Total vectors: 5332
2025-11-14 14:30:47 [INFO] [llm_build_vector_index] 📚 Found 12 normalized files.
2025-11-14 14:30:47 [INFO] [llm_build_vector_index] 🧠 Total text spans collected: 5332
2025-11-14 14:30:49 [ERROR] [llm_build_vector_index] ❌ Error building vector index: The paging file is too small for this operation to complete. (os error 1455)
Traceback (most recent call last):
  File "c:\Users\HP\OneDrive\Desktop\doc-understand\scripts\rag_reasoning_scripts\build_vector_index.py", line 96, in build_vector_index
    model = load_embedding_model()
            ^^^^^^^^^^^^^^^^^^^^^^
  File "c:\Users\HP\OneDrive\Desktop\doc-understand\scripts\rag_reasoning_scripts\embed_utils.py", line 44, in load_embedding_model
    model = SentenceTransformer(model_name)
            ^^^^^^^^^^^^^^^^^^^^^^^^^^^^^^^
  File "C:\Users\HP\OneDrive\Desktop\doc-understand\.venv312\Lib\site-packages\sentence_transformers\SentenceTransformer.py", line 327, in __init__
    modules, self.module_kwargs = self._load_sbert_model(
                                  ^^^^^^^^^^^^^^^^^^^^^^^
  File "C:\Users\HP\OneDrive\Desktop\doc-understand\.venv312\Lib\site-packages\sentence_transformers\SentenceTransformer.py", line 2305, in _load_sbert_model
    module = module_class.load(
             ^^^^^^^^^^^^^^^^^^
  File "C:\Users\HP\OneDrive\Desktop\doc-understand\.venv312\Lib\site-packages\sentence_transformers\models\Transformer.py", line 365, in load
    return cls(model_name_or_path=model_name_or_path, **init_kwargs)
           ^^^^^^^^^^^^^^^^^^^^^^^^^^^^^^^^^^^^^^^^^^^^^^^^^^^^^^^^^
  File "C:\Users\HP\OneDrive\Desktop\doc-understand\.venv312\Lib\site-packages\sentence_transformers\models\Transformer.py", line 88, in __init__
    self._load_model(model_name_or_path, config, cache_dir, backend, is_peft_model, **model_args)
  File "C:\Users\HP\OneDrive\Desktop\doc-understand\.venv312\Lib\site-packages\sentence_transformers\models\Transformer.py", line 196, in _load_model
    self.auto_model = AutoModel.from_pretrained(
                      ^^^^^^^^^^^^^^^^^^^^^^^^^^
  File "C:\Users\HP\OneDrive\Desktop\doc-understand\.venv312\Lib\site-packages\transformers\models\auto\auto_factory.py", line 604, in from_pretrained
    return model_class.from_pretrained(
           ^^^^^^^^^^^^^^^^^^^^^^^^^^^^
  File "C:\Users\HP\OneDrive\Desktop\doc-understand\.venv312\Lib\site-packages\transformers\modeling_utils.py", line 277, in _wrapper
    return func(*args, **kwargs)
           ^^^^^^^^^^^^^^^^^^^^^
  File "C:\Users\HP\OneDrive\Desktop\doc-understand\.venv312\Lib\site-packages\transformers\modeling_utils.py", line 4925, in from_pretrained
    with safe_open(checkpoint_files[0], framework="pt") as f:
         ^^^^^^^^^^^^^^^^^^^^^^^^^^^^^^^^^^^^^^^^^^^^^^
OSError: The paging file is too small for this operation to complete. (os error 1455)
2025-11-14 15:14:48 [INFO] [llm_build_vector_index] 📚 Found 12 normalized files.
2025-11-14 15:14:48 [INFO] [llm_build_vector_index] 🧠 Total text spans collected: 5332
2025-11-14 15:15:26 [INFO] [llm_build_vector_index] ✅ FAISS index saved: scripts\rag_reasoning_scripts\vector_index\vector_index.faiss (Vectors: 5332)
2025-11-14 15:15:26 [INFO] [llm_build_vector_index] ✅ Vector index and manifest created successfully. Total vectors: 5332
2025-11-14 15:15:42 [INFO] [llm_build_vector_index] 📚 Found 12 normalized files.
2025-11-14 15:15:42 [INFO] [llm_build_vector_index] 🧠 Total text spans collected: 5332
2025-11-14 15:16:13 [INFO] [llm_build_vector_index] ✅ FAISS index saved: scripts\rag_reasoning_scripts\vector_index\vector_index.faiss (Vectors: 5332)
2025-11-14 15:16:13 [INFO] [llm_build_vector_index] ✅ Vector index and manifest created successfully. Total vectors: 5332
2025-11-14 15:16:29 [INFO] [llm_build_vector_index] 📚 Found 12 normalized files.
2025-11-14 15:16:29 [INFO] [llm_build_vector_index] 🧠 Total text spans collected: 5332
2025-11-14 15:16:59 [INFO] [llm_build_vector_index] ✅ FAISS index saved: scripts\rag_reasoning_scripts\vector_index\vector_index.faiss (Vectors: 5332)
2025-11-14 15:16:59 [INFO] [llm_build_vector_index] ✅ Vector index and manifest created successfully. Total vectors: 5332
2025-11-14 15:17:11 [INFO] [llm_build_vector_index] 📚 Found 12 normalized files.
2025-11-14 15:17:11 [INFO] [llm_build_vector_index] 🧠 Total text spans collected: 5332
2025-11-14 15:17:42 [INFO] [llm_build_vector_index] ✅ FAISS index saved: scripts\rag_reasoning_scripts\vector_index\vector_index.faiss (Vectors: 5332)
2025-11-14 15:17:42 [INFO] [llm_build_vector_index] ✅ Vector index and manifest created successfully. Total vectors: 5332
2025-11-14 15:19:16 [INFO] [llm_build_vector_index] 📚 Found 12 normalized files.
2025-11-14 15:19:16 [INFO] [llm_build_vector_index] 🧠 Total text spans collected: 5332
2025-11-14 15:19:42 [INFO] [llm_build_vector_index] ✅ FAISS index saved: scripts\rag_reasoning_scripts\vector_index\vector_index.faiss (Vectors: 5332)
2025-11-14 15:19:42 [INFO] [llm_build_vector_index] ✅ Vector index and manifest created successfully. Total vectors: 5332
2025-11-14 15:41:30 [INFO] [llm_build_vector_index] 📚 Found 12 normalized files.
2025-11-14 15:41:30 [INFO] [llm_build_vector_index] 🧠 Total text spans collected: 5332
2025-11-14 15:41:54 [INFO] [llm_build_vector_index] ✅ FAISS index saved: scripts\rag_reasoning_scripts\vector_index\vector_index.faiss (Vectors: 5332)
2025-11-14 15:41:54 [INFO] [llm_build_vector_index] ✅ Vector index and manifest created successfully. Total vectors: 5332
2025-11-14 16:08:57 [INFO] [llm_build_vector_index] 📚 Found 12 normalized files.
2025-11-14 16:08:57 [INFO] [llm_build_vector_index] 🧠 Total text spans collected: 5332
2025-11-14 16:20:04 [INFO] [llm_build_vector_index] 📚 Found 12 normalized files.
2025-11-14 16:20:04 [INFO] [llm_build_vector_index] 🧠 Total text spans collected: 5332
2025-11-14 16:20:58 [INFO] [llm_build_vector_index] 📚 Found 12 normalized files.
2025-11-14 16:20:58 [INFO] [llm_build_vector_index] 🧠 Total text spans collected: 5332
2025-11-14 16:21:29 [INFO] [llm_build_vector_index] ✅ FAISS index saved: scripts\rag_reasoning_scripts\vector_index\vector_index.faiss (Vectors: 5332)
2025-11-14 16:21:29 [INFO] [llm_build_vector_index] ✅ Vector index and manifest created successfully. Total vectors: 5332
2025-11-14 16:28:52 [INFO] [llm_build_vector_index] 📚 Found 12 normalized files.
2025-11-14 16:28:52 [INFO] [llm_build_vector_index] 🧠 Total text spans collected: 5332
2025-11-14 16:29:21 [INFO] [llm_build_vector_index] ✅ FAISS index saved: scripts\rag_reasoning_scripts\vector_index\vector_index.faiss (Vectors: 5332)
2025-11-14 16:29:21 [INFO] [llm_build_vector_index] ✅ Vector index and manifest created successfully. Total vectors: 5332
2025-11-14 16:39:38 [INFO] [llm_build_vector_index] 📚 Found 12 normalized files.
2025-11-14 16:39:38 [INFO] [llm_build_vector_index] 🧠 Total text spans collected: 5332
2025-11-14 16:40:07 [INFO] [llm_build_vector_index] ✅ FAISS index saved: scripts\rag_reasoning_scripts\vector_index\vector_index.faiss (Vectors: 5332)
2025-11-14 16:40:07 [INFO] [llm_build_vector_index] ✅ Vector index and manifest created successfully. Total vectors: 5332
2025-11-14 17:14:31 [INFO] [llm_build_vector_index] 📚 Found 12 normalized files.
2025-11-14 17:14:31 [INFO] [llm_build_vector_index] 🧠 Total text spans collected: 5332
2025-11-14 17:15:01 [INFO] [llm_build_vector_index] ✅ FAISS index saved: scripts\rag_reasoning_scripts\vector_index\vector_index.faiss (Vectors: 5332)
2025-11-14 17:15:01 [INFO] [llm_build_vector_index] ✅ Vector index and manifest created successfully. Total vectors: 5332
