2025-11-14 14:30:47 [INFO] [llm_embed_utils] 🔍 Loading embedding model: sentence-transformers/all-MiniLM-L6-v2
2025-11-14 14:30:49 [ERROR] [llm_embed_utils] ❌ Failed to load embedding model: The paging file is too small for this operation to complete. (os error 1455)
Traceback (most recent call last):
  File "c:\Users\HP\OneDrive\Desktop\doc-understand\scripts\rag_reasoning_scripts\embed_utils.py", line 44, in load_embedding_model
    model = SentenceTransformer(model_name)
            ^^^^^^^^^^^^^^^^^^^^^^^^^^^^^^^
  File "C:\Users\HP\OneDrive\Desktop\doc-understand\.venv312\Lib\site-packages\sentence_transformers\SentenceTransformer.py", line 327, in __init__
    modules, self.module_kwargs = self._load_sbert_model(
                                  ^^^^^^^^^^^^^^^^^^^^^^^
  File "C:\Users\HP\OneDrive\Desktop\doc-understand\.venv312\Lib\site-packages\sentence_transformers\SentenceTransformer.py", line 2305, in _load_sbert_model
    module = module_class.load(
             ^^^^^^^^^^^^^^^^^^
  File "C:\Users\HP\OneDrive\Desktop\doc-understand\.venv312\Lib\site-packages\sentence_transformers\models\Transformer.py", line 365, in load
    return cls(model_name_or_path=model_name_or_path, **init_kwargs)
           ^^^^^^^^^^^^^^^^^^^^^^^^^^^^^^^^^^^^^^^^^^^^^^^^^^^^^^^^^
  File "C:\Users\HP\OneDrive\Desktop\doc-understand\.venv312\Lib\site-packages\sentence_transformers\models\Transformer.py", line 88, in __init__
    self._load_model(model_name_or_path, config, cache_dir, backend, is_peft_model, **model_args)
  File "C:\Users\HP\OneDrive\Desktop\doc-understand\.venv312\Lib\site-packages\sentence_transformers\models\Transformer.py", line 196, in _load_model
    self.auto_model = AutoModel.from_pretrained(
                      ^^^^^^^^^^^^^^^^^^^^^^^^^^
  File "C:\Users\HP\OneDrive\Desktop\doc-understand\.venv312\Lib\site-packages\transformers\models\auto\auto_factory.py", line 604, in from_pretrained
    return model_class.from_pretrained(
           ^^^^^^^^^^^^^^^^^^^^^^^^^^^^
  File "C:\Users\HP\OneDrive\Desktop\doc-understand\.venv312\Lib\site-packages\transformers\modeling_utils.py", line 277, in _wrapper
    return func(*args, **kwargs)
           ^^^^^^^^^^^^^^^^^^^^^
  File "C:\Users\HP\OneDrive\Desktop\doc-understand\.venv312\Lib\site-packages\transformers\modeling_utils.py", line 4925, in from_pretrained
    with safe_open(checkpoint_files[0], framework="pt") as f:
         ^^^^^^^^^^^^^^^^^^^^^^^^^^^^^^^^^^^^^^^^^^^^^^
OSError: The paging file is too small for this operation to complete. (os error 1455)
2025-11-14 15:14:48 [INFO] [llm_embed_utils] 🔍 Loading embedding model: sentence-transformers/all-MiniLM-L6-v2
2025-11-14 15:14:51 [INFO] [llm_embed_utils] ✅ Model loaded successfully (CPU mode).
2025-11-14 15:14:51 [INFO] [llm_embed_utils] 🧩 Generating embeddings for 5332 text spans...
2025-11-14 15:15:26 [INFO] [llm_embed_utils] ✅ Generated embeddings with shape: (5332, 384)
2025-11-14 15:15:42 [INFO] [llm_embed_utils] 🔍 Loading embedding model: sentence-transformers/all-MiniLM-L6-v2
2025-11-14 15:15:44 [INFO] [llm_embed_utils] ✅ Model loaded successfully (CPU mode).
2025-11-14 15:15:44 [INFO] [llm_embed_utils] 🧩 Generating embeddings for 5332 text spans...
2025-11-14 15:16:13 [INFO] [llm_embed_utils] ✅ Generated embeddings with shape: (5332, 384)
2025-11-14 15:16:29 [INFO] [llm_embed_utils] 🔍 Loading embedding model: sentence-transformers/all-MiniLM-L6-v2
2025-11-14 15:16:31 [INFO] [llm_embed_utils] ✅ Model loaded successfully (CPU mode).
2025-11-14 15:16:31 [INFO] [llm_embed_utils] 🧩 Generating embeddings for 5332 text spans...
2025-11-14 15:16:59 [INFO] [llm_embed_utils] ✅ Generated embeddings with shape: (5332, 384)
2025-11-14 15:17:11 [INFO] [llm_embed_utils] 🔍 Loading embedding model: sentence-transformers/all-MiniLM-L6-v2
2025-11-14 15:17:14 [INFO] [llm_embed_utils] ✅ Model loaded successfully (CPU mode).
2025-11-14 15:17:14 [INFO] [llm_embed_utils] 🧩 Generating embeddings for 5332 text spans...
2025-11-14 15:17:42 [INFO] [llm_embed_utils] ✅ Generated embeddings with shape: (5332, 384)
2025-11-14 15:19:16 [INFO] [llm_embed_utils] 🔍 Loading embedding model: sentence-transformers/all-MiniLM-L6-v2
2025-11-14 15:19:18 [INFO] [llm_embed_utils] ✅ Model loaded successfully (CPU mode).
2025-11-14 15:19:18 [INFO] [llm_embed_utils] 🧩 Generating embeddings for 5332 text spans...
2025-11-14 15:19:42 [INFO] [llm_embed_utils] ✅ Generated embeddings with shape: (5332, 384)
2025-11-14 15:41:30 [INFO] [llm_embed_utils] 🔍 Loading embedding model: sentence-transformers/all-MiniLM-L6-v2
2025-11-14 15:41:32 [INFO] [llm_embed_utils] ✅ Model loaded successfully (CPU mode).
2025-11-14 15:41:32 [INFO] [llm_embed_utils] 🧩 Generating embeddings for 5332 text spans...
2025-11-14 15:41:54 [INFO] [llm_embed_utils] ✅ Generated embeddings with shape: (5332, 384)
2025-11-14 16:08:57 [INFO] [llm_embed_utils] 🔍 Loading embedding model: sentence-transformers/all-MiniLM-L6-v2
2025-11-14 16:08:59 [INFO] [llm_embed_utils] ✅ Model loaded successfully (CPU mode).
2025-11-14 16:08:59 [INFO] [llm_embed_utils] 🧩 Generating embeddings for 5332 text spans...
2025-11-14 16:20:04 [INFO] [llm_embed_utils] 🔍 Loading embedding model: sentence-transformers/all-MiniLM-L6-v2
2025-11-14 16:20:06 [INFO] [llm_embed_utils] ✅ Model loaded successfully (CPU mode).
2025-11-14 16:20:06 [INFO] [llm_embed_utils] 🧩 Generating embeddings for 5332 text spans...
2025-11-14 16:20:58 [INFO] [llm_embed_utils] 🔍 Loading embedding model: sentence-transformers/all-MiniLM-L6-v2
2025-11-14 16:21:01 [INFO] [llm_embed_utils] ✅ Model loaded successfully (CPU mode).
2025-11-14 16:21:01 [INFO] [llm_embed_utils] 🧩 Generating embeddings for 5332 text spans...
2025-11-14 16:21:29 [INFO] [llm_embed_utils] ✅ Generated embeddings with shape: (5332, 384)
2025-11-14 16:28:52 [INFO] [llm_embed_utils] 🔍 Loading embedding model: sentence-transformers/all-MiniLM-L6-v2
2025-11-14 16:28:54 [INFO] [llm_embed_utils] ✅ Model loaded successfully (CPU mode).
2025-11-14 16:28:54 [INFO] [llm_embed_utils] 🧩 Generating embeddings for 5332 text spans...
2025-11-14 16:29:21 [INFO] [llm_embed_utils] ✅ Generated embeddings with shape: (5332, 384)
2025-11-14 16:39:38 [INFO] [llm_embed_utils] 🔍 Loading embedding model: sentence-transformers/all-MiniLM-L6-v2
2025-11-14 16:39:40 [INFO] [llm_embed_utils] ✅ Model loaded successfully (CPU mode).
2025-11-14 16:39:40 [INFO] [llm_embed_utils] 🧩 Generating embeddings for 5332 text spans...
2025-11-14 16:40:07 [INFO] [llm_embed_utils] ✅ Generated embeddings with shape: (5332, 384)
2025-11-14 17:14:31 [INFO] [llm_embed_utils] 🔍 Loading embedding model: sentence-transformers/all-MiniLM-L6-v2
2025-11-14 17:14:33 [INFO] [llm_embed_utils] ✅ Model loaded successfully (CPU mode).
2025-11-14 17:14:33 [INFO] [llm_embed_utils] 🧩 Generating embeddings for 5332 text spans...
2025-11-14 17:15:01 [INFO] [llm_embed_utils] ✅ Generated embeddings with shape: (5332, 384)
2025-11-14 21:20:41 [INFO] [llm_embed_utils] 🔍 Loading embedding model: sentence-transformers/all-MiniLM-L6-v2
2025-11-14 21:20:44 [INFO] [llm_embed_utils] ✅ Model loaded successfully (CPU mode).
2025-11-14 21:20:44 [INFO] [llm_embed_utils] ✅ Query embedding created for: 'what is the interesr rate'
2025-11-14 22:17:41 [INFO] [llm_embed_utils] 🔍 Loading embedding model: sentence-transformers/all-MiniLM-L6-v2
2025-11-14 22:17:43 [INFO] [llm_embed_utils] ✅ Model loaded successfully (CPU mode).
2025-11-14 22:17:43 [INFO] [llm_embed_utils] ✅ Query embedding created for: 'rate of intrest'
2025-11-14 22:22:45 [INFO] [llm_embed_utils] 🔍 Loading embedding model: sentence-transformers/all-MiniLM-L6-v2
2025-11-14 22:22:47 [INFO] [llm_embed_utils] ✅ Model loaded successfully (CPU mode).
2025-11-14 22:22:48 [INFO] [llm_embed_utils] ✅ Query embedding created for: 'who is the boroower'
2025-11-14 22:52:29 [INFO] [llm_embed_utils] 🔍 Loading embedding model: sentence-transformers/all-MiniLM-L6-v2
2025-11-14 22:52:32 [INFO] [llm_embed_utils] ✅ Model loaded successfully (CPU mode).
2025-11-14 22:52:33 [INFO] [llm_embed_utils] ✅ Query embedding created for: 'what is rate of interest'
2025-11-14 22:57:33 [INFO] [llm_embed_utils] 🔍 Loading embedding model: sentence-transformers/all-MiniLM-L6-v2
2025-11-14 22:57:35 [INFO] [llm_embed_utils] ✅ Model loaded successfully (CPU mode).
2025-11-14 22:57:36 [INFO] [llm_embed_utils] ✅ Query embedding created for: 'what is rate of interest'
2025-11-15 08:30:33 [INFO] [llm_embed_utils] 🔍 Loading embedding model: sentence-transformers/all-MiniLM-L6-v2
2025-11-15 08:30:35 [INFO] [llm_embed_utils] ✅ Model loaded successfully (CPU mode).
2025-11-15 08:30:35 [INFO] [llm_embed_utils] ✅ Query embedding created for: 'what is interest rate'
2025-11-15 08:52:41 [INFO] [llm_embed_utils] 🔍 Loading embedding model: sentence-transformers/all-MiniLM-L6-v2
2025-11-15 08:52:43 [INFO] [llm_embed_utils] ✅ Model loaded successfully (CPU mode).
2025-11-15 08:52:43 [INFO] [llm_embed_utils] ✅ Query embedding created for: 'interest rate'
2025-11-15 08:53:29 [INFO] [llm_embed_utils] 🔍 Loading embedding model: sentence-transformers/all-MiniLM-L6-v2
2025-11-15 08:53:32 [INFO] [llm_embed_utils] ✅ Model loaded successfully (CPU mode).
2025-11-15 08:53:32 [INFO] [llm_embed_utils] ✅ Query embedding created for: 'rate of interest'
2025-11-15 08:59:14 [INFO] [llm_embed_utils] 🔍 Loading embedding model: sentence-transformers/all-MiniLM-L6-v2
2025-11-15 08:59:15 [INFO] [llm_embed_utils] ✅ Model loaded successfully (CPU mode).
2025-11-15 08:59:15 [INFO] [llm_embed_utils] ✅ Query embedding created for: 'what is rate of interest'
2025-11-15 09:00:15 [INFO] [llm_embed_utils] 🔍 Loading embedding model: sentence-transformers/all-MiniLM-L6-v2
2025-11-15 09:00:16 [INFO] [llm_embed_utils] ✅ Model loaded successfully (CPU mode).
2025-11-15 09:00:16 [INFO] [llm_embed_utils] ✅ Query embedding created for: 'explain me what is rate of interest'
2025-11-15 09:01:44 [INFO] [llm_embed_utils] 🔍 Loading embedding model: sentence-transformers/all-MiniLM-L6-v2
2025-11-15 09:01:47 [INFO] [llm_embed_utils] ✅ Model loaded successfully (CPU mode).
2025-11-15 09:01:47 [INFO] [llm_embed_utils] ✅ Query embedding created for: 'explain rate of inerest'
2025-11-15 09:06:39 [INFO] [llm_embed_utils] 🔍 Loading embedding model: sentence-transformers/all-MiniLM-L6-v2
2025-11-15 09:06:41 [INFO] [llm_embed_utils] ✅ Model loaded successfully (CPU mode).
2025-11-15 09:06:42 [INFO] [llm_embed_utils] ✅ Query embedding created for: 'what is rate of interest explain'
2025-11-15 09:07:36 [INFO] [llm_embed_utils] 🔍 Loading embedding model: sentence-transformers/all-MiniLM-L6-v2
2025-11-15 09:07:37 [INFO] [llm_embed_utils] ✅ Model loaded successfully (CPU mode).
2025-11-15 09:07:37 [INFO] [llm_embed_utils] ✅ Query embedding created for: 'rate of interest'
2025-11-15 09:14:54 [INFO] [llm_embed_utils] 🔍 Loading embedding model: sentence-transformers/all-MiniLM-L6-v2
2025-11-15 09:14:56 [INFO] [llm_embed_utils] ✅ Model loaded successfully (CPU mode).
2025-11-15 09:14:56 [INFO] [llm_embed_utils] ✅ Query embedding created for: 'apr'
2025-11-15 09:19:56 [INFO] [llm_embed_utils] 🔍 Loading embedding model: sentence-transformers/all-MiniLM-L6-v2
2025-11-15 09:19:58 [INFO] [llm_embed_utils] ✅ Model loaded successfully (CPU mode).
2025-11-15 09:19:58 [INFO] [llm_embed_utils] ✅ Query embedding created for: 'apr'
2025-11-15 09:22:57 [INFO] [llm_embed_utils] 🔍 Loading embedding model: sentence-transformers/all-MiniLM-L6-v2
2025-11-15 09:22:58 [INFO] [llm_embed_utils] ✅ Model loaded successfully (CPU mode).
2025-11-15 09:22:58 [INFO] [llm_embed_utils] ✅ Query embedding created for: 'apr'
2025-11-15 09:27:21 [INFO] [llm_embed_utils] 🔍 Loading embedding model: sentence-transformers/all-MiniLM-L6-v2
2025-11-15 09:27:24 [INFO] [llm_embed_utils] ✅ Model loaded successfully (CPU mode).
2025-11-15 09:27:24 [INFO] [llm_embed_utils] ✅ Query embedding created for: 'rate of interest'
