2025-10-28 09:10:21 [INFO] ✅ Normalized file saved: data/normalized\gss-term-loan-agreement-ccd-5_normalized.json (Lines: 1164)
2025-10-28 09:10:21 [INFO] ✅ Normalized file saved: data/normalized\loan1_normalized.json (Lines: 508)
2025-10-28 09:10:22 [INFO] ✅ Normalized file saved: data/normalized\loan2_normalized.json (Lines: 367)
2025-10-28 09:10:22 [INFO] ✅ Normalized file saved: data/normalized\loan3_normalized.json (Lines: 938)
2025-10-28 09:10:22 [INFO] ✅ Normalized file saved: data/normalized\Personal-Loan-Agreement_normalized.json (Lines: 132)
2025-10-28 09:10:22 [INFO] ✅ Normalized file saved: data/normalized\pl_agreement_normalized.json (Lines: 1194)
2025-10-28 09:10:22 [INFO] ✅ Normalized file saved: data/normalized\specimen-agreement_normalized.json (Lines: 446)
2025-10-28 09:10:22 [INFO] ✅ Completed normalization for 7 files.
2025-10-28 09:16:46 [INFO] ✅ Normalized file saved: data/normalized\gss-term-loan-agreement-ccd-5_normalized.json (Lines: 1164)
2025-10-28 09:16:46 [INFO] ✅ Normalized file saved: data/normalized\loan1_normalized.json (Lines: 508)
2025-10-28 09:16:46 [INFO] ✅ Normalized file saved: data/normalized\loan2_normalized.json (Lines: 367)
2025-10-28 09:16:46 [INFO] ✅ Normalized file saved: data/normalized\loan3_normalized.json (Lines: 938)
2025-10-28 09:16:46 [INFO] ✅ Normalized file saved: data/normalized\Personal-Loan-Agreement_normalized.json (Lines: 132)
2025-10-28 09:16:46 [INFO] ✅ Normalized file saved: data/normalized\pl_agreement_normalized.json (Lines: 1194)
2025-10-28 09:16:46 [INFO] ✅ Normalized file saved: data/normalized\specimen-agreement_normalized.json (Lines: 446)
2025-10-28 09:16:46 [INFO] ✅ Completed normalization for 7 files.
2025-10-28 09:23:49 [INFO] ✅ Normalized file saved: data/normalized\loan_normalized.json (Lines: 2)
2025-10-28 09:23:49 [INFO] ✅ Normalized file saved: data/normalized\empty_normalized.json (Lines: 0)
2025-10-28 09:23:49 [INFO] ✅ Normalized file saved: data/normalized\loan_normalized.json (Lines: 2)
2025-10-28 09:28:37 [INFO] ✅ Normalized file saved: data/normalized\loan_normalized.json (Lines: 2)
2025-10-28 09:28:37 [INFO] ✅ Normalized file saved: data/normalized\empty_normalized.json (Lines: 0)
2025-10-28 09:28:37 [INFO] ✅ Normalized file saved: data/normalized\loan_normalized.json (Lines: 2)
2025-10-28 09:33:10 [INFO] ✅ Normalized file saved: data/normalized\loan_normalized.json (Lines: 2)
2025-10-28 09:33:10 [INFO] ✅ Normalized file saved: data/normalized\empty_normalized.json (Lines: 0)
2025-10-28 09:33:10 [INFO] ✅ Normalized file saved: data/normalized\loan_normalized.json (Lines: 2)
2025-10-28 09:38:58 [INFO] ✅ Normalized file saved: data/normalized\loan_normalized.json (Lines: 2)
2025-10-28 09:38:58 [INFO] ✅ Normalized file saved: data/normalized\empty_normalized.json (Lines: 0)
2025-10-28 09:38:58 [INFO] ✅ Normalized file saved: data/normalized\loan_normalized.json (Lines: 2)
2025-10-28 09:39:55 [INFO] ✅ Normalized file saved: data/normalized\loan_normalized.json (Lines: 2)
2025-10-28 09:39:55 [INFO] ✅ Normalized file saved: data/normalized\empty_normalized.json (Lines: 0)
2025-10-28 09:39:55 [INFO] ✅ Normalized file saved: data/normalized\loan_normalized.json (Lines: 2)
2025-10-28 09:48:09 [INFO] ✅ Normalized file saved: data/normalized\loan_normalized.json (Lines: 2)
2025-10-28 09:48:09 [INFO] ✅ Normalized file saved: data/normalized\empty_normalized.json (Lines: 0)
2025-10-28 09:48:09 [INFO] ✅ Normalized file saved: data/normalized\loan_normalized.json (Lines: 2)
2025-10-28 09:52:18 [INFO] ✅ Normalized file saved: data/normalized\loan_normalized.json (Lines: 2)
2025-10-28 09:52:18 [INFO] ✅ Normalized file saved: data/normalized\empty_normalized.json (Lines: 0)
2025-10-28 09:52:18 [INFO] ✅ Normalized file saved: data/normalized\loan_normalized.json (Lines: 2)
2025-10-28 09:53:08 [INFO] ✅ Normalized file saved: data/normalized\loan_normalized.json (Lines: 2)
2025-10-28 09:53:08 [INFO] ✅ Normalized file saved: data/normalized\empty_normalized.json (Lines: 0)
2025-10-28 09:53:08 [INFO] ✅ Normalized file saved: data/normalized\loan_normalized.json (Lines: 2)
2025-10-28 09:53:08 [INFO] ✅ Normalized file saved: data/normalized\loan_normalized.json (Lines: 2)
2025-10-28 09:53:08 [INFO] ✅ Normalized file saved: data/normalized\empty_normalized.json (Lines: 0)
2025-10-28 09:53:08 [INFO] ✅ Normalized file saved: data/normalized\loan_normalized.json (Lines: 2)
2025-10-28 09:53:29 [INFO] ✅ Normalized file saved: data/normalized\loan_normalized.json (Lines: 2)
2025-10-28 09:53:29 [INFO] ✅ Normalized file saved: data/normalized\empty_normalized.json (Lines: 0)
2025-10-28 09:53:29 [INFO] ✅ Normalized file saved: data/normalized\loan_normalized.json (Lines: 2)
2025-10-28 09:55:34 [INFO] ✅ Normalized file saved: data/normalized\loan_normalized.json (Lines: 2)
2025-10-28 09:55:34 [INFO] ✅ Normalized file saved: data/normalized\empty_normalized.json (Lines: 0)
2025-10-28 09:55:34 [INFO] ✅ Normalized file saved: data/normalized\loan_normalized.json (Lines: 2)
2025-10-28 10:00:01 [INFO] ✅ Normalized file saved: data/normalized\loan_normalized.json (Lines: 2)
2025-10-28 10:00:01 [INFO] ✅ Normalized file saved: data/normalized\empty_normalized.json (Lines: 0)
2025-10-28 10:00:01 [INFO] ✅ Normalized file saved: data/normalized\loan_normalized.json (Lines: 2)
2025-10-28 10:02:32 [INFO] ✅ Normalized file saved: data/normalized\loan_normalized.json (Lines: 2)
2025-10-28 10:02:32 [INFO] ✅ Normalized file saved: data/normalized\empty_normalized.json (Lines: 0)
2025-10-28 10:02:32 [INFO] ✅ Normalized file saved: data/normalized\loan_normalized.json (Lines: 2)
2025-10-28 10:02:58 [INFO] ✅ Normalized file saved: data/normalized\loan_normalized.json (Lines: 2)
2025-10-28 10:02:58 [INFO] ✅ Normalized file saved: data/normalized\empty_normalized.json (Lines: 0)
2025-10-28 10:02:58 [INFO] ✅ Normalized file saved: data/normalized\loan_normalized.json (Lines: 2)
2025-10-28 10:57:34 [INFO] ✅ Normalized file saved: data/normalized\dummy_normalized.json (Lines: 1)
2025-10-28 10:57:34 [INFO] ✅ Normalized file saved: data/normalized\empty_normalized.json (Lines: 0)
2025-10-28 10:57:34 [INFO] ✅ Normalized file saved: data/normalized\gss-term-loan-agreement-ccd-5_normalized.json (Lines: 1164)
2025-10-28 10:57:34 [INFO] ✅ Normalized file saved: data/normalized\loan1_normalized.json (Lines: 508)
2025-10-28 10:57:34 [INFO] ✅ Normalized file saved: data/normalized\loan2_normalized.json (Lines: 367)
2025-10-28 10:57:34 [INFO] ✅ Normalized file saved: data/normalized\loan3_normalized.json (Lines: 938)
2025-10-28 10:57:34 [INFO] ✅ Normalized file saved: data/normalized\loan_normalized.json (Lines: 2)
2025-10-28 10:57:34 [INFO] ✅ Normalized file saved: data/normalized\Personal-Loan-Agreement_normalized.json (Lines: 132)
2025-10-28 10:57:34 [INFO] ✅ Normalized file saved: data/normalized\pl_agreement_normalized.json (Lines: 1194)
2025-10-28 10:57:34 [INFO] ✅ Normalized file saved: data/normalized\specimen-agreement_normalized.json (Lines: 446)
2025-10-28 10:57:34 [INFO] ✅ Completed normalization for 10 files.
2025-10-28 23:39:49 [INFO] ✅ Normalized file saved: data/normalized/dummy_normalized.json (Lines: 1)
2025-10-28 23:39:49 [INFO] ✅ Normalized file saved: data/normalized/empty_normalized.json (Lines: 0)
2025-10-28 23:39:49 [INFO] ✅ Normalized file saved: data/normalized/gss-term-loan-agreement-ccd-5_normalized.json (Lines: 1164)
2025-10-28 23:39:49 [INFO] ✅ Normalized file saved: data/normalized/loan1_normalized.json (Lines: 508)
2025-10-28 23:39:50 [INFO] ✅ Normalized file saved: data/normalized/loan2_normalized.json (Lines: 367)
2025-10-28 23:39:50 [INFO] ✅ Normalized file saved: data/normalized/loan3_normalized.json (Lines: 938)
2025-10-28 23:39:50 [INFO] ✅ Normalized file saved: data/normalized/loan_normalized.json (Lines: 2)
2025-10-28 23:39:50 [INFO] ✅ Normalized file saved: data/normalized/Personal-Loan-Agreement_normalized.json (Lines: 132)
2025-10-28 23:39:50 [INFO] ✅ Normalized file saved: data/normalized/pl_agreement_normalized.json (Lines: 1194)
2025-10-28 23:39:50 [INFO] ✅ Normalized file saved: data/normalized/specimen-agreement_normalized.json (Lines: 446)
2025-10-28 23:39:50 [INFO] ✅ Completed normalization for 10 files.
2025-10-28 21:51:32 [INFO] ✅ Normalized file saved: data/normalized\loan_normalized.json (Lines: 2)
2025-10-28 21:51:32 [INFO] ✅ Normalized file saved: data/normalized\empty_normalized.json (Lines: 0)
2025-10-28 21:51:33 [INFO] ✅ Normalized file saved: data/normalized\loan_normalized.json (Lines: 2)
2025-10-28 21:51:37 [INFO] ✅ Normalized file saved: data/normalized\loan_normalized.json (Lines: 2)
2025-10-28 21:51:37 [INFO] ✅ Normalized file saved: data/normalized\empty_normalized.json (Lines: 0)
2025-10-28 21:51:38 [INFO] ✅ Normalized file saved: data/normalized\loan_normalized.json (Lines: 2)
2025-10-29 16:45:46 [INFO] ✅ Normalized file saved: data/normalized/dummy_normalized.json (Lines: 1)
2025-10-29 16:45:46 [INFO] ✅ Normalized file saved: data/normalized/empty_normalized.json (Lines: 0)
2025-10-29 16:45:46 [INFO] ✅ Normalized file saved: data/normalized/gss-term-loan-agreement-ccd-5_normalized.json (Lines: 1164)
2025-10-29 16:45:46 [INFO] ✅ Normalized file saved: data/normalized/loan1_normalized.json (Lines: 508)
2025-10-29 16:45:46 [INFO] ✅ Normalized file saved: data/normalized/loan2_normalized.json (Lines: 367)
2025-10-29 16:45:46 [INFO] ✅ Normalized file saved: data/normalized/loan3_normalized.json (Lines: 938)
2025-10-29 16:45:46 [INFO] ✅ Normalized file saved: data/normalized/loan_normalized.json (Lines: 2)
2025-10-29 16:45:46 [INFO] ✅ Normalized file saved: data/normalized/Personal-Loan-Agreement_normalized.json (Lines: 132)
2025-10-29 16:45:47 [INFO] ✅ Normalized file saved: data/normalized/pl_agreement_normalized.json (Lines: 1194)
2025-10-29 16:45:47 [INFO] ✅ Normalized file saved: data/normalized/specimen-agreement_normalized.json (Lines: 446)
2025-10-29 16:45:47 [INFO] ✅ Completed normalization for 10 files.
2025-10-29 17:15:44 [INFO] ✅ Normalized file saved: data/normalized/dummy_normalized.json (Lines: 1)
2025-10-29 17:15:44 [INFO] ✅ Normalized file saved: data/normalized/empty_normalized.json (Lines: 0)
2025-10-29 17:15:45 [INFO] ✅ Normalized file saved: data/normalized/gss-term-loan-agreement-ccd-5_normalized.json (Lines: 1164)
2025-10-29 17:15:45 [INFO] ✅ Normalized file saved: data/normalized/loan1_normalized.json (Lines: 508)
2025-10-29 17:15:45 [INFO] ✅ Normalized file saved: data/normalized/loan2_normalized.json (Lines: 367)
2025-10-29 17:15:45 [INFO] ✅ Normalized file saved: data/normalized/loan3_normalized.json (Lines: 938)
2025-10-29 17:15:45 [INFO] ✅ Normalized file saved: data/normalized/loan_normalized.json (Lines: 2)
2025-10-29 17:15:45 [INFO] ✅ Normalized file saved: data/normalized/Personal-Loan-Agreement_normalized.json (Lines: 132)
2025-10-29 17:15:45 [INFO] ✅ Normalized file saved: data/normalized/pl_agreement_normalized.json (Lines: 1194)
2025-10-29 17:15:45 [INFO] ✅ Normalized file saved: data/normalized/specimen-agreement_normalized.json (Lines: 446)
2025-10-29 17:15:45 [INFO] ✅ Completed normalization for 10 files.
2025-10-29 17:31:43 [INFO] ✅ Normalized file saved: data/normalized/dummy_normalized.json (Lines: 1)
2025-10-29 17:31:44 [INFO] ✅ Normalized file saved: data/normalized/empty_normalized.json (Lines: 0)
2025-10-29 17:31:44 [INFO] ✅ Normalized file saved: data/normalized/gss-term-loan-agreement-ccd-5_normalized.json (Lines: 1164)
2025-10-29 17:31:44 [INFO] ✅ Normalized file saved: data/normalized/loan1_normalized.json (Lines: 508)
2025-10-29 17:31:44 [INFO] ✅ Normalized file saved: data/normalized/loan2_normalized.json (Lines: 367)
2025-10-29 17:31:44 [INFO] ✅ Normalized file saved: data/normalized/loan3_normalized.json (Lines: 938)
2025-10-29 17:31:44 [INFO] ✅ Normalized file saved: data/normalized/loan_normalized.json (Lines: 2)
2025-10-29 17:31:44 [INFO] ✅ Normalized file saved: data/normalized/Personal-Loan-Agreement_normalized.json (Lines: 132)
2025-10-29 17:31:44 [INFO] ✅ Normalized file saved: data/normalized/pl_agreement_normalized.json (Lines: 1194)
2025-10-29 17:31:44 [INFO] ✅ Normalized file saved: data/normalized/specimen-agreement_normalized.json (Lines: 446)
2025-10-29 17:31:44 [INFO] ✅ Completed normalization for 10 files.
2025-10-29 18:01:46 [INFO] ✅ Normalized file saved: data/normalized/dummy_normalized.json (Lines: 1)
2025-10-29 18:01:46 [INFO] ✅ Normalized file saved: data/normalized/empty_normalized.json (Lines: 0)
2025-10-29 18:01:46 [INFO] ✅ Normalized file saved: data/normalized/gss-term-loan-agreement-ccd-5_normalized.json (Lines: 1164)
2025-10-29 18:01:46 [INFO] ✅ Normalized file saved: data/normalized/loan1_normalized.json (Lines: 508)
2025-10-29 18:01:46 [INFO] ✅ Normalized file saved: data/normalized/loan2_normalized.json (Lines: 367)
2025-10-29 18:01:46 [INFO] ✅ Normalized file saved: data/normalized/loan3_normalized.json (Lines: 938)
2025-10-29 18:01:46 [INFO] ✅ Normalized file saved: data/normalized/loan_normalized.json (Lines: 2)
2025-10-29 18:01:46 [INFO] ✅ Normalized file saved: data/normalized/Personal-Loan-Agreement_normalized.json (Lines: 132)
2025-10-29 18:01:47 [INFO] ✅ Normalized file saved: data/normalized/pl_agreement_normalized.json (Lines: 1194)
2025-10-29 18:01:47 [INFO] ✅ Normalized file saved: data/normalized/specimen-agreement_normalized.json (Lines: 446)
2025-10-29 18:01:47 [INFO] ✅ Completed normalization for 10 files.
2025-10-29 15:12:15 [INFO] [airflow.models.dag] Sync 1 DAGs
2025-10-29 15:12:15 [INFO] [airflow.models.dag] Setting next_dagrun for ocr_pipeline_dag to None, run_after=None
2025-10-29 15:12:46 [INFO] [airflow.models.dag] Sync 1 DAGs
2025-10-29 15:12:46 [INFO] [airflow.models.dag] Setting next_dagrun for ocr_pipeline_dag to None, run_after=None
2025-10-29 15:13:18 [INFO] [airflow.models.dag] Sync 1 DAGs
2025-10-29 15:13:18 [INFO] [airflow.models.dag] Setting next_dagrun for ocr_pipeline_dag to None, run_after=None
2025-10-29 15:13:49 [INFO] [airflow.models.dag] Sync 1 DAGs
2025-10-29 15:13:49 [INFO] [airflow.models.dag] Setting next_dagrun for ocr_pipeline_dag to None, run_after=None
2025-10-29 15:14:20 [INFO] [airflow.models.dag] Sync 1 DAGs
2025-10-29 15:14:20 [INFO] [airflow.models.dag] Setting next_dagrun for ocr_pipeline_dag to None, run_after=None
2025-10-29 15:14:52 [INFO] [airflow.models.dag] Sync 1 DAGs
2025-10-29 15:14:52 [INFO] [airflow.models.dag] Setting next_dagrun for ocr_pipeline_dag to None, run_after=None
2025-10-29 15:15:23 [INFO] [airflow.models.dag] Sync 1 DAGs
2025-10-29 15:15:23 [INFO] [airflow.models.dag] Setting next_dagrun for ocr_pipeline_dag to None, run_after=None
2025-10-29 15:15:53 [INFO] [airflow.models.dag] Sync 1 DAGs
2025-10-29 15:15:53 [INFO] [airflow.models.dag] Setting next_dagrun for ocr_pipeline_dag to None, run_after=None
2025-10-29 15:16:24 [INFO] [airflow.models.dag] Sync 1 DAGs
2025-10-29 15:16:24 [INFO] [airflow.models.dag] Setting next_dagrun for ocr_pipeline_dag to None, run_after=None
2025-10-29 15:16:55 [INFO] [airflow.models.dag] Sync 1 DAGs
2025-10-29 15:16:55 [INFO] [airflow.models.dag] Setting next_dagrun for ocr_pipeline_dag to None, run_after=None
2025-10-29 15:17:26 [INFO] [airflow.models.dag] Sync 1 DAGs
2025-10-29 15:17:26 [INFO] [airflow.models.dag] Setting next_dagrun for ocr_pipeline_dag to None, run_after=None
2025-10-29 15:29:21 [INFO] [normalize_text] ✅ Normalized file saved: data/normalized/dummy_normalized.json (Lines: 1)
2025-10-29 15:29:21 [INFO] [normalize_text] ✅ Normalized file saved: data/normalized/empty_normalized.json (Lines: 0)
2025-10-29 15:29:22 [INFO] [normalize_text] ✅ Normalized file saved: data/normalized/gss-term-loan-agreement-ccd-5_normalized.json (Lines: 1164)
2025-10-29 15:29:22 [INFO] [normalize_text] ✅ Normalized file saved: data/normalized/loan1_normalized.json (Lines: 508)
2025-10-29 15:29:22 [INFO] [normalize_text] ✅ Normalized file saved: data/normalized/loan2_normalized.json (Lines: 367)
2025-10-29 15:29:22 [INFO] [normalize_text] ✅ Normalized file saved: data/normalized/loan3_normalized.json (Lines: 938)
2025-10-29 15:29:22 [INFO] [normalize_text] ✅ Normalized file saved: data/normalized/loan_normalized.json (Lines: 2)
2025-10-29 15:29:22 [INFO] [normalize_text] ✅ Normalized file saved: data/normalized/Personal-Loan-Agreement_normalized.json (Lines: 132)
2025-10-29 15:29:22 [INFO] [normalize_text] ✅ Normalized file saved: data/normalized/pl_agreement_normalized.json (Lines: 1194)
2025-10-29 15:29:22 [INFO] [normalize_text] ✅ Normalized file saved: data/normalized/specimen-agreement_normalized.json (Lines: 446)
2025-10-29 15:29:22 [INFO] [normalize_text] ✅ Completed normalization for 10 files.
2025-10-29 15:51:07 [INFO] [normalize_text] ✅ Normalized file saved: data/normalized/dummy_normalized.json (Lines: 1)
2025-10-29 15:51:07 [INFO] [normalize_text] ✅ Normalized file saved: data/normalized/empty_normalized.json (Lines: 0)
2025-10-29 15:51:07 [INFO] [normalize_text] ✅ Normalized file saved: data/normalized/gss-term-loan-agreement-ccd-5_normalized.json (Lines: 1164)
2025-10-29 15:51:07 [INFO] [normalize_text] ✅ Normalized file saved: data/normalized/loan1_normalized.json (Lines: 508)
2025-10-29 15:51:07 [INFO] [normalize_text] ✅ Normalized file saved: data/normalized/loan2_normalized.json (Lines: 367)
2025-10-29 15:51:07 [INFO] [normalize_text] ✅ Normalized file saved: data/normalized/loan3_normalized.json (Lines: 938)
2025-10-29 15:51:07 [INFO] [normalize_text] ✅ Normalized file saved: data/normalized/loan_normalized.json (Lines: 2)
2025-10-29 15:51:07 [INFO] [normalize_text] ✅ Normalized file saved: data/normalized/Personal-Loan-Agreement_normalized.json (Lines: 132)
2025-10-29 15:51:08 [INFO] [normalize_text] ✅ Normalized file saved: data/normalized/pl_agreement_normalized.json (Lines: 1194)
2025-10-29 15:51:08 [INFO] [normalize_text] ✅ Normalized file saved: data/normalized/specimen-agreement_normalized.json (Lines: 446)
2025-10-29 15:51:08 [INFO] [normalize_text] ✅ Completed normalization for 10 files.
2025-10-29 16:13:23 [INFO] [normalize_text] ✅ Normalized file saved: data/normalized/dummy_normalized.json (Lines: 1)
2025-10-29 16:13:23 [INFO] [normalize_text] ✅ Normalized file saved: data/normalized/empty_normalized.json (Lines: 0)
2025-10-29 16:13:23 [INFO] [normalize_text] ✅ Normalized file saved: data/normalized/gss-term-loan-agreement-ccd-5_normalized.json (Lines: 1164)
2025-10-29 16:13:23 [INFO] [normalize_text] ✅ Normalized file saved: data/normalized/loan1_normalized.json (Lines: 508)
2025-10-29 16:13:24 [INFO] [normalize_text] ✅ Normalized file saved: data/normalized/loan2_normalized.json (Lines: 367)
2025-10-29 16:13:24 [INFO] [normalize_text] ✅ Normalized file saved: data/normalized/loan3_normalized.json (Lines: 938)
2025-10-29 16:13:24 [INFO] [normalize_text] ✅ Normalized file saved: data/normalized/loan_normalized.json (Lines: 2)
2025-10-29 16:13:24 [INFO] [normalize_text] ✅ Normalized file saved: data/normalized/Personal-Loan-Agreement_normalized.json (Lines: 132)
2025-10-29 16:13:24 [INFO] [normalize_text] ✅ Normalized file saved: data/normalized/pl_agreement_normalized.json (Lines: 1194)
2025-10-29 16:13:24 [INFO] [normalize_text] ✅ Normalized file saved: data/normalized/specimen-agreement_normalized.json (Lines: 446)
2025-10-29 16:13:24 [INFO] [normalize_text] ✅ Completed normalization for 10 files.
2025-10-29 16:27:46 [INFO] [normalize_text] ✅ Normalized file saved: data/normalized/dummy_normalized.json (Lines: 1)
2025-10-29 16:27:46 [INFO] [normalize_text] ✅ Normalized file saved: data/normalized/empty_normalized.json (Lines: 0)
2025-10-29 16:27:46 [INFO] [normalize_text] ✅ Normalized file saved: data/normalized/gss-term-loan-agreement-ccd-5_normalized.json (Lines: 1164)
2025-10-29 16:27:47 [INFO] [normalize_text] ✅ Normalized file saved: data/normalized/loan1_normalized.json (Lines: 508)
2025-10-29 16:27:47 [INFO] [normalize_text] ✅ Normalized file saved: data/normalized/loan2_normalized.json (Lines: 367)
2025-10-29 16:27:47 [INFO] [normalize_text] ✅ Normalized file saved: data/normalized/loan3_normalized.json (Lines: 938)
2025-10-29 16:27:47 [INFO] [normalize_text] ✅ Normalized file saved: data/normalized/loan_normalized.json (Lines: 2)
2025-10-29 16:27:47 [INFO] [normalize_text] ✅ Normalized file saved: data/normalized/Personal-Loan-Agreement_normalized.json (Lines: 132)
2025-10-29 16:27:48 [INFO] [normalize_text] ✅ Normalized file saved: data/normalized/pl_agreement_normalized.json (Lines: 1194)
2025-10-29 16:27:48 [INFO] [normalize_text] ✅ Normalized file saved: data/normalized/specimen-agreement_normalized.json (Lines: 446)
2025-10-29 16:27:48 [INFO] [normalize_text] ✅ Completed normalization for 10 files.
2025-10-29 16:41:10 [INFO] [normalize_text] ✅ Normalized file saved: data/normalized/dummy_normalized.json (Lines: 1)
2025-10-29 16:41:10 [INFO] [normalize_text] ✅ Normalized file saved: data/normalized/empty_normalized.json (Lines: 0)
2025-10-29 16:41:10 [INFO] [normalize_text] ✅ Normalized file saved: data/normalized/gss-term-loan-agreement-ccd-5_normalized.json (Lines: 1164)
2025-10-29 16:41:10 [INFO] [normalize_text] ✅ Normalized file saved: data/normalized/loan1_normalized.json (Lines: 508)
2025-10-29 16:41:10 [INFO] [normalize_text] ✅ Normalized file saved: data/normalized/loan2_normalized.json (Lines: 367)
2025-10-29 16:41:10 [INFO] [normalize_text] ✅ Normalized file saved: data/normalized/loan3_normalized.json (Lines: 938)
2025-10-29 16:41:10 [INFO] [normalize_text] ✅ Normalized file saved: data/normalized/loan_normalized.json (Lines: 2)
2025-10-29 16:41:10 [INFO] [normalize_text] ✅ Normalized file saved: data/normalized/Personal-Loan-Agreement_normalized.json (Lines: 132)
2025-10-29 16:41:11 [INFO] [normalize_text] ✅ Normalized file saved: data/normalized/pl_agreement_normalized.json (Lines: 1194)
2025-10-29 16:41:11 [INFO] [normalize_text] ✅ Normalized file saved: data/normalized/specimen-agreement_normalized.json (Lines: 446)
2025-10-29 16:41:11 [INFO] [normalize_text] ✅ Completed normalization for 10 files.
2025-10-31 07:58:27 [INFO] [normalize_text] ✅ Normalized file saved: data/normalized/dummy_normalized.json (Lines: 1)
2025-10-31 07:58:27 [INFO] [normalize_text] ✅ Normalized file saved: data/normalized/empty_normalized.json (Lines: 0)
2025-10-31 07:58:28 [INFO] [normalize_text] ✅ Normalized file saved: data/normalized/gss-term-loan-agreement-ccd-5_normalized.json (Lines: 1164)
2025-10-31 07:58:28 [INFO] [normalize_text] ✅ Normalized file saved: data/normalized/loan1_normalized.json (Lines: 508)
2025-10-31 07:58:28 [INFO] [normalize_text] ✅ Normalized file saved: data/normalized/loan2_normalized.json (Lines: 367)
2025-10-31 07:58:28 [INFO] [normalize_text] ✅ Normalized file saved: data/normalized/loan3_normalized.json (Lines: 938)
2025-10-31 07:58:28 [INFO] [normalize_text] ✅ Normalized file saved: data/normalized/loan_normalized.json (Lines: 2)
2025-10-31 07:58:28 [INFO] [normalize_text] ✅ Normalized file saved: data/normalized/Personal-Loan-Agreement_normalized.json (Lines: 132)
2025-10-31 07:58:29 [INFO] [normalize_text] ✅ Normalized file saved: data/normalized/pl_agreement_normalized.json (Lines: 1194)
2025-10-31 07:58:29 [INFO] [normalize_text] ✅ Normalized file saved: data/normalized/specimen-agreement_normalized.json (Lines: 446)
2025-10-31 07:58:29 [INFO] [normalize_text] ✅ Completed normalization for 10 files.
2025-10-31 08:09:36 [INFO] [normalize_text] ✅ Normalized file saved: data/normalized/dummy_normalized.json (Lines: 1)
2025-10-31 08:09:36 [INFO] [normalize_text] ✅ Normalized file saved: data/normalized/empty_normalized.json (Lines: 0)
2025-10-31 08:09:36 [INFO] [normalize_text] ✅ Normalized file saved: data/normalized/gss-term-loan-agreement-ccd-5_normalized.json (Lines: 1164)
2025-10-31 08:09:36 [INFO] [normalize_text] ✅ Normalized file saved: data/normalized/loan1_normalized.json (Lines: 508)
2025-10-31 08:09:36 [INFO] [normalize_text] ✅ Normalized file saved: data/normalized/loan2_normalized.json (Lines: 367)
2025-10-31 08:09:36 [INFO] [normalize_text] ✅ Normalized file saved: data/normalized/loan3_normalized.json (Lines: 938)
2025-10-31 08:09:37 [INFO] [normalize_text] ✅ Normalized file saved: data/normalized/loan_normalized.json (Lines: 2)
2025-10-31 08:09:37 [INFO] [normalize_text] ✅ Normalized file saved: data/normalized/Personal-Loan-Agreement_normalized.json (Lines: 132)
2025-10-31 08:09:37 [INFO] [normalize_text] ✅ Normalized file saved: data/normalized/pl_agreement_normalized.json (Lines: 1194)
2025-10-31 08:09:37 [INFO] [normalize_text] ✅ Normalized file saved: data/normalized/specimen-agreement_normalized.json (Lines: 446)
2025-10-31 08:09:37 [INFO] [normalize_text] ✅ Completed normalization for 10 files.
2025-10-31 10:59:38 [INFO] [normalize_text] ✅ Normalized file saved: data/normalized/dummy_normalized.json (Lines: 1)
2025-10-31 10:59:38 [INFO] [normalize_text] ✅ Normalized file saved: data/normalized/empty_normalized.json (Lines: 0)
2025-10-31 10:59:38 [INFO] [normalize_text] ✅ Normalized file saved: data/normalized/gss-term-loan-agreement-ccd-5_normalized.json (Lines: 1164)
2025-10-31 10:59:38 [INFO] [normalize_text] ✅ Normalized file saved: data/normalized/loan1_normalized.json (Lines: 508)
2025-10-31 10:59:38 [INFO] [normalize_text] ✅ Normalized file saved: data/normalized/loan2_normalized.json (Lines: 367)
2025-10-31 10:59:38 [INFO] [normalize_text] ✅ Normalized file saved: data/normalized/loan3_normalized.json (Lines: 938)
2025-10-31 10:59:38 [INFO] [normalize_text] ✅ Normalized file saved: data/normalized/loan_normalized.json (Lines: 2)
2025-10-31 10:59:38 [INFO] [normalize_text] ✅ Normalized file saved: data/normalized/Personal-Loan-Agreement_normalized.json (Lines: 132)
2025-10-31 10:59:39 [INFO] [normalize_text] ✅ Normalized file saved: data/normalized/pl_agreement_normalized.json (Lines: 1194)
2025-10-31 10:59:39 [INFO] [normalize_text] ✅ Normalized file saved: data/normalized/specimen-agreement_normalized.json (Lines: 446)
2025-10-31 10:59:39 [INFO] [normalize_text] ✅ Completed normalization for 10 files.
2025-10-31 11:08:22 [INFO] [normalize_text] ✅ Normalized file saved: data/normalized/dummy_normalized.json (Lines: 1)
2025-10-31 11:08:22 [INFO] [normalize_text] ✅ Normalized file saved: data/normalized/empty_normalized.json (Lines: 0)
2025-10-31 11:08:23 [INFO] [normalize_text] ✅ Normalized file saved: data/normalized/gss-term-loan-agreement-ccd-5_normalized.json (Lines: 1164)
2025-10-31 11:08:23 [INFO] [normalize_text] ✅ Normalized file saved: data/normalized/loan1_normalized.json (Lines: 508)
2025-10-31 11:08:23 [INFO] [normalize_text] ✅ Normalized file saved: data/normalized/loan2_normalized.json (Lines: 367)
2025-10-31 11:08:23 [INFO] [normalize_text] ✅ Normalized file saved: data/normalized/loan3_normalized.json (Lines: 938)
2025-10-31 11:08:23 [INFO] [normalize_text] ✅ Normalized file saved: data/normalized/loan_normalized.json (Lines: 2)
2025-10-31 11:08:23 [INFO] [normalize_text] ✅ Normalized file saved: data/normalized/Personal-Loan-Agreement_normalized.json (Lines: 132)
2025-10-31 11:08:23 [INFO] [normalize_text] ✅ Normalized file saved: data/normalized/pl_agreement_normalized.json (Lines: 1194)
2025-10-31 11:08:23 [INFO] [normalize_text] ✅ Normalized file saved: data/normalized/specimen-agreement_normalized.json (Lines: 446)
2025-10-31 11:08:23 [INFO] [normalize_text] ✅ Completed normalization for 10 files.
2025-10-31 11:31:39 [INFO] [normalize_text] ✅ Normalized file saved: data/normalized/dummy_normalized.json (Lines: 1)
2025-10-31 11:31:39 [INFO] [normalize_text] ✅ Normalized file saved: data/normalized/empty_normalized.json (Lines: 0)
2025-10-31 11:31:39 [INFO] [normalize_text] ✅ Normalized file saved: data/normalized/form_centre_showcase_personal_loan_form_normalized.json (Lines: 568)
2025-10-31 11:31:40 [INFO] [normalize_text] ✅ Normalized file saved: data/normalized/gss-term-loan-agreement-ccd-5_normalized.json (Lines: 1164)
2025-10-31 11:31:40 [INFO] [normalize_text] ✅ Normalized file saved: data/normalized/loan1_normalized.json (Lines: 508)
2025-10-31 11:31:40 [INFO] [normalize_text] ✅ Normalized file saved: data/normalized/loan2_normalized.json (Lines: 367)
2025-10-31 11:31:40 [INFO] [normalize_text] ✅ Normalized file saved: data/normalized/loan3_normalized.json (Lines: 938)
2025-10-31 11:31:40 [INFO] [normalize_text] ✅ Normalized file saved: data/normalized/loan_normalized.json (Lines: 2)
2025-10-31 11:31:40 [INFO] [normalize_text] ✅ Normalized file saved: data/normalized/Personal-Loan-Agreement_normalized.json (Lines: 132)
2025-10-31 11:31:40 [INFO] [normalize_text] ✅ Normalized file saved: data/normalized/pl_agreement_normalized.json (Lines: 1194)
2025-10-31 11:31:40 [INFO] [normalize_text] ✅ Normalized file saved: data/normalized/specimen-agreement_normalized.json (Lines: 446)
2025-10-31 11:31:40 [INFO] [normalize_text] ✅ Completed normalization for 11 files.
2025-10-31 11:32:00 [INFO] [normalize_text] ✅ Normalized file saved: data/normalized/dummy_normalized.json (Lines: 1)
2025-10-31 11:32:00 [INFO] [normalize_text] ✅ Normalized file saved: data/normalized/empty_normalized.json (Lines: 0)
2025-10-31 11:32:00 [INFO] [normalize_text] ✅ Normalized file saved: data/normalized/form_centre_showcase_personal_loan_form_normalized.json (Lines: 568)
2025-10-31 11:32:00 [INFO] [normalize_text] ✅ Normalized file saved: data/normalized/gss-term-loan-agreement-ccd-5_normalized.json (Lines: 1164)
2025-10-31 11:32:00 [INFO] [normalize_text] ✅ Normalized file saved: data/normalized/loan1_normalized.json (Lines: 508)
2025-10-31 11:32:00 [INFO] [normalize_text] ✅ Normalized file saved: data/normalized/loan2_normalized.json (Lines: 367)
2025-10-31 11:32:00 [INFO] [normalize_text] ✅ Normalized file saved: data/normalized/loan3_normalized.json (Lines: 938)
2025-10-31 11:32:00 [INFO] [normalize_text] ✅ Normalized file saved: data/normalized/loan_normalized.json (Lines: 2)
2025-10-31 11:32:00 [INFO] [normalize_text] ✅ Normalized file saved: data/normalized/Personal-Loan-Agreement_normalized.json (Lines: 132)
2025-10-31 11:32:01 [INFO] [normalize_text] ✅ Normalized file saved: data/normalized/pl_agreement_normalized.json (Lines: 1194)
2025-10-31 11:32:01 [INFO] [normalize_text] ✅ Normalized file saved: data/normalized/specimen-agreement_normalized.json (Lines: 446)
2025-10-31 11:32:01 [INFO] [normalize_text] ✅ Completed normalization for 11 files.
2025-10-31 13:46:37 [INFO] [normalize_text] ✅ Normalized file saved: data/normalized\form_centre_showcase_personal_loan_form_normalized.json (Lines: 568)
2025-10-31 13:46:37 [INFO] [normalize_text] ✅ Normalized file saved: data/normalized\gss-term-loan-agreement-ccd-5_normalized.json (Lines: 1164)
2025-10-31 13:46:38 [INFO] [normalize_text] ✅ Normalized file saved: data/normalized\loan1_normalized.json (Lines: 508)
2025-10-31 13:46:38 [INFO] [normalize_text] ✅ Normalized file saved: data/normalized\loan2_normalized.json (Lines: 367)
2025-10-31 13:46:38 [INFO] [normalize_text] ✅ Normalized file saved: data/normalized\loan3_normalized.json (Lines: 938)
2025-10-31 13:46:38 [INFO] [normalize_text] ✅ Normalized file saved: data/normalized\Personal-Loan-Agreement_normalized.json (Lines: 132)
2025-10-31 13:46:38 [INFO] [normalize_text] ✅ Normalized file saved: data/normalized\pl_agreement_normalized.json (Lines: 1194)
2025-10-31 13:46:38 [INFO] [normalize_text] ✅ Normalized file saved: data/normalized\specimen-agreement_normalized.json (Lines: 446)
2025-10-31 13:46:38 [INFO] [normalize_text] ✅ Completed normalization for 8 files.
2025-11-06 15:45:28 [INFO] [normalize_text] ✅ Normalized file saved: data/normalized/form_centre_showcase_personal_loan_form_normalized.json (Lines: 568)
2025-11-06 15:45:28 [INFO] [normalize_text] ✅ Normalized file saved: data/normalized/gss-term-loan-agreement-ccd-5_normalized.json (Lines: 1164)
2025-11-06 15:45:28 [INFO] [normalize_text] ✅ Normalized file saved: data/normalized/loan1_normalized.json (Lines: 508)
2025-11-06 15:45:28 [INFO] [normalize_text] ✅ Normalized file saved: data/normalized/loan2_normalized.json (Lines: 367)
2025-11-06 15:45:28 [INFO] [normalize_text] ✅ Normalized file saved: data/normalized/loan3_normalized.json (Lines: 938)
2025-11-06 15:45:28 [INFO] [normalize_text] ✅ Normalized file saved: data/normalized/Personal-Loan-Agreement_normalized.json (Lines: 132)
2025-11-06 15:45:28 [INFO] [normalize_text] ✅ Normalized file saved: data/normalized/pl_agreement_normalized.json (Lines: 1194)
2025-11-06 15:45:28 [INFO] [normalize_text] ✅ Normalized file saved: data/normalized/specimen-agreement_normalized.json (Lines: 446)
2025-11-06 15:45:28 [INFO] [normalize_text] ✅ Completed normalization for 8 files.
2025-11-06 16:37:57 [INFO] [normalize_text] ✅ Normalized file saved: data/normalized/form_centre_showcase_personal_loan_form_normalized.json (Lines: 568)
2025-11-06 16:37:57 [INFO] [normalize_text] ✅ Normalized file saved: data/normalized/gss-term-loan-agreement-ccd-5_normalized.json (Lines: 1164)
2025-11-06 16:37:57 [INFO] [normalize_text] ✅ Normalized file saved: data/normalized/loan1_normalized.json (Lines: 508)
2025-11-06 16:37:57 [INFO] [normalize_text] ✅ Normalized file saved: data/normalized/loan2_normalized.json (Lines: 367)
2025-11-06 16:37:58 [INFO] [normalize_text] ✅ Normalized file saved: data/normalized/loan3_normalized.json (Lines: 938)
2025-11-06 16:37:58 [INFO] [normalize_text] ✅ Normalized file saved: data/normalized/Personal-Loan-Agreement_normalized.json (Lines: 132)
2025-11-06 16:37:58 [INFO] [normalize_text] ✅ Normalized file saved: data/normalized/pl_agreement_normalized.json (Lines: 1194)
2025-11-06 16:37:58 [INFO] [normalize_text] ✅ Normalized file saved: data/normalized/specimen-agreement_normalized.json (Lines: 446)
2025-11-06 16:37:58 [INFO] [normalize_text] ✅ Completed normalization for 8 files.
2025-11-06 16:40:31 [INFO] [normalize_text] ✅ Normalized file saved: data/normalized/form_centre_showcase_personal_loan_form_normalized.json (Lines: 568)
2025-11-06 16:40:31 [INFO] [normalize_text] ✅ Normalized file saved: data/normalized/gss-term-loan-agreement-ccd-5_normalized.json (Lines: 1164)
2025-11-06 16:40:31 [INFO] [normalize_text] ✅ Normalized file saved: data/normalized/loan1_normalized.json (Lines: 508)
2025-11-06 16:40:31 [INFO] [normalize_text] ✅ Normalized file saved: data/normalized/loan2_normalized.json (Lines: 367)
2025-11-06 16:40:31 [INFO] [normalize_text] ✅ Normalized file saved: data/normalized/loan3_normalized.json (Lines: 938)
2025-11-06 16:40:31 [INFO] [normalize_text] ✅ Normalized file saved: data/normalized/Personal-Loan-Agreement_normalized.json (Lines: 132)
2025-11-06 16:40:32 [INFO] [normalize_text] ✅ Normalized file saved: data/normalized/pl_agreement_normalized.json (Lines: 1194)
2025-11-06 16:40:32 [INFO] [normalize_text] ✅ Normalized file saved: data/normalized/specimen-agreement_normalized.json (Lines: 446)
2025-11-06 16:40:32 [INFO] [normalize_text] ✅ Completed normalization for 8 files.
2025-11-06 17:24:11 [INFO] [normalize_text] ✅ Normalized file saved: data/normalized/form_centre_showcase_personal_loan_form_normalized.json (Lines: 568)
2025-11-06 17:24:12 [INFO] [normalize_text] ✅ Normalized file saved: data/normalized/gss-term-loan-agreement-ccd-5_normalized.json (Lines: 1164)
2025-11-06 17:24:12 [INFO] [normalize_text] ✅ Normalized file saved: data/normalized/home_loan_001_normalized.json (Lines: 12)
2025-11-06 17:24:12 [INFO] [normalize_text] ✅ Normalized file saved: data/normalized/loan1_normalized.json (Lines: 508)
2025-11-06 17:24:12 [INFO] [normalize_text] ✅ Normalized file saved: data/normalized/loan2_normalized.json (Lines: 367)
2025-11-06 17:24:12 [INFO] [normalize_text] ✅ Normalized file saved: data/normalized/loan3_normalized.json (Lines: 938)
2025-11-06 17:24:12 [INFO] [normalize_text] ✅ Normalized file saved: data/normalized/Personal-Loan-Agreement_normalized.json (Lines: 132)
2025-11-06 17:24:12 [INFO] [normalize_text] ✅ Normalized file saved: data/normalized/pl_agreement_normalized.json (Lines: 1194)
2025-11-06 17:24:12 [INFO] [normalize_text] ✅ Normalized file saved: data/normalized/specimen-agreement_normalized.json (Lines: 446)
2025-11-06 17:24:12 [INFO] [normalize_text] ✅ Completed normalization for 9 files.
2025-11-07 18:04:04 [INFO] [normalize_text] ✅ Normalized file saved: C:\Users\HP\OneDrive\Desktop\doc-understand\data\aws_extraction_data\normalized\form_centre_showcase_personal_loan_form_normalized.json (Lines: 568)
2025-11-07 18:04:05 [INFO] [normalize_text] ✅ Normalized file saved: C:\Users\HP\OneDrive\Desktop\doc-understand\data\aws_extraction_data\normalized\gss-term-loan-agreement-ccd-5_normalized.json (Lines: 1164)
2025-11-07 18:04:05 [INFO] [normalize_text] ✅ Normalized file saved: C:\Users\HP\OneDrive\Desktop\doc-understand\data\aws_extraction_data\normalized\home_loan_001_normalized.json (Lines: 12)
2025-11-07 18:04:05 [INFO] [normalize_text] ✅ Normalized file saved: C:\Users\HP\OneDrive\Desktop\doc-understand\data\aws_extraction_data\normalized\loan1_normalized.json (Lines: 508)
2025-11-07 18:04:05 [INFO] [normalize_text] ✅ Normalized file saved: C:\Users\HP\OneDrive\Desktop\doc-understand\data\aws_extraction_data\normalized\loan2_normalized.json (Lines: 367)
2025-11-07 18:04:05 [INFO] [normalize_text] ✅ Normalized file saved: C:\Users\HP\OneDrive\Desktop\doc-understand\data\aws_extraction_data\normalized\loan3_normalized.json (Lines: 938)
2025-11-07 18:04:05 [INFO] [normalize_text] ✅ Normalized file saved: C:\Users\HP\OneDrive\Desktop\doc-understand\data\aws_extraction_data\normalized\Personal-Loan-Agreement_normalized.json (Lines: 132)
2025-11-07 18:04:05 [INFO] [normalize_text] ✅ Normalized file saved: C:\Users\HP\OneDrive\Desktop\doc-understand\data\aws_extraction_data\normalized\pl_agreement_normalized.json (Lines: 1194)
2025-11-07 18:04:06 [INFO] [normalize_text] ✅ Normalized file saved: C:\Users\HP\OneDrive\Desktop\doc-understand\data\aws_extraction_data\normalized\specimen-agreement_normalized.json (Lines: 446)
2025-11-07 18:04:06 [INFO] [normalize_text] ✅ Completed normalization for 9 files.
2025-11-07 18:39:58 [INFO] [normalize_text] ✅ Normalized file saved: C:\Users\HP\OneDrive\Desktop\doc-understand\data\aws_extraction_data\normalized\form_centre_showcase_personal_loan_form_normalized.json (Lines: 568)
2025-11-07 18:39:58 [INFO] [normalize_text] ✅ Normalized file saved: C:\Users\HP\OneDrive\Desktop\doc-understand\data\aws_extraction_data\normalized\gss-term-loan-agreement-ccd-5_normalized.json (Lines: 1164)
2025-11-07 18:39:58 [INFO] [normalize_text] ✅ Normalized file saved: C:\Users\HP\OneDrive\Desktop\doc-understand\data\aws_extraction_data\normalized\home_loan_001_normalized.json (Lines: 12)
2025-11-07 18:39:58 [INFO] [normalize_text] ✅ Normalized file saved: C:\Users\HP\OneDrive\Desktop\doc-understand\data\aws_extraction_data\normalized\loan1_normalized.json (Lines: 508)
2025-11-07 18:39:58 [INFO] [normalize_text] ✅ Normalized file saved: C:\Users\HP\OneDrive\Desktop\doc-understand\data\aws_extraction_data\normalized\loan2_normalized.json (Lines: 367)
2025-11-07 18:39:58 [INFO] [normalize_text] ✅ Normalized file saved: C:\Users\HP\OneDrive\Desktop\doc-understand\data\aws_extraction_data\normalized\loan3_normalized.json (Lines: 938)
2025-11-07 18:39:58 [INFO] [normalize_text] ✅ Normalized file saved: C:\Users\HP\OneDrive\Desktop\doc-understand\data\aws_extraction_data\normalized\Personal-Loan-Agreement_normalized.json (Lines: 132)
2025-11-07 18:39:58 [INFO] [normalize_text] ✅ Normalized file saved: C:\Users\HP\OneDrive\Desktop\doc-understand\data\aws_extraction_data\normalized\pl_agreement_normalized.json (Lines: 1194)
2025-11-07 18:39:59 [INFO] [normalize_text] ✅ Normalized file saved: C:\Users\HP\OneDrive\Desktop\doc-understand\data\aws_extraction_data\normalized\specimen-agreement_normalized.json (Lines: 446)
2025-11-07 18:39:59 [INFO] [normalize_text] ✅ Completed normalization for 9 files.
2025-11-07 19:02:41 [INFO] [normalize_text] ✅ Normalized file saved: C:\Users\HP\OneDrive\Desktop\doc-understand\data\aws_extraction_data\normalized\dummy_normalized.json (Lines: 1)
2025-11-07 19:02:42 [INFO] [normalize_text] ✅ Normalized file saved: C:\Users\HP\OneDrive\Desktop\doc-understand\data\aws_extraction_data\normalized\empty_normalized.json (Lines: 0)
2025-11-07 19:02:42 [INFO] [normalize_text] ✅ Normalized file saved: C:\Users\HP\OneDrive\Desktop\doc-understand\data\aws_extraction_data\normalized\form_centre_showcase_personal_loan_form_normalized.json (Lines: 568)
2025-11-07 19:02:42 [INFO] [normalize_text] ✅ Normalized file saved: C:\Users\HP\OneDrive\Desktop\doc-understand\data\aws_extraction_data\normalized\gss-term-loan-agreement-ccd-5_normalized.json (Lines: 1164)
2025-11-07 19:02:42 [INFO] [normalize_text] ✅ Normalized file saved: C:\Users\HP\OneDrive\Desktop\doc-understand\data\aws_extraction_data\normalized\home_loan_001_normalized.json (Lines: 12)
2025-11-07 19:02:42 [INFO] [normalize_text] ✅ Normalized file saved: C:\Users\HP\OneDrive\Desktop\doc-understand\data\aws_extraction_data\normalized\loan1_normalized.json (Lines: 508)
2025-11-07 19:02:42 [INFO] [normalize_text] ✅ Normalized file saved: C:\Users\HP\OneDrive\Desktop\doc-understand\data\aws_extraction_data\normalized\loan2_normalized.json (Lines: 367)
2025-11-07 19:02:42 [INFO] [normalize_text] ✅ Normalized file saved: C:\Users\HP\OneDrive\Desktop\doc-understand\data\aws_extraction_data\normalized\loan3_normalized.json (Lines: 938)
2025-11-07 19:02:42 [INFO] [normalize_text] ✅ Normalized file saved: C:\Users\HP\OneDrive\Desktop\doc-understand\data\aws_extraction_data\normalized\loan_normalized.json (Lines: 2)
2025-11-07 19:02:43 [INFO] [normalize_text] ✅ Normalized file saved: C:\Users\HP\OneDrive\Desktop\doc-understand\data\aws_extraction_data\normalized\Personal-Loan-Agreement_normalized.json (Lines: 132)
2025-11-07 19:02:43 [INFO] [normalize_text] ✅ Normalized file saved: C:\Users\HP\OneDrive\Desktop\doc-understand\data\aws_extraction_data\normalized\pl_agreement_normalized.json (Lines: 1194)
2025-11-07 19:02:43 [INFO] [normalize_text] ✅ Normalized file saved: C:\Users\HP\OneDrive\Desktop\doc-understand\data\aws_extraction_data\normalized\specimen-agreement_normalized.json (Lines: 446)
2025-11-07 19:02:43 [INFO] [normalize_text] ✅ Completed normalization for 12 files.
2025-11-07 19:10:30 [INFO] [normalize_text] ✅ Normalized file saved: C:\Users\HP\OneDrive\Desktop\doc-understand\data\aws_extraction_data\normalized\dummy_normalized.json (Lines: 1)
2025-11-07 19:10:30 [INFO] [normalize_text] ✅ Normalized file saved: C:\Users\HP\OneDrive\Desktop\doc-understand\data\aws_extraction_data\normalized\empty_normalized.json (Lines: 0)
2025-11-07 19:10:31 [INFO] [normalize_text] ✅ Normalized file saved: C:\Users\HP\OneDrive\Desktop\doc-understand\data\aws_extraction_data\normalized\form_centre_showcase_personal_loan_form_normalized.json (Lines: 568)
2025-11-07 19:10:31 [INFO] [normalize_text] ✅ Normalized file saved: C:\Users\HP\OneDrive\Desktop\doc-understand\data\aws_extraction_data\normalized\gss-term-loan-agreement-ccd-5_normalized.json (Lines: 1164)
2025-11-07 19:10:31 [INFO] [normalize_text] ✅ Normalized file saved: C:\Users\HP\OneDrive\Desktop\doc-understand\data\aws_extraction_data\normalized\home_loan_001_normalized.json (Lines: 12)
2025-11-07 19:10:31 [INFO] [normalize_text] ✅ Normalized file saved: C:\Users\HP\OneDrive\Desktop\doc-understand\data\aws_extraction_data\normalized\loan1_normalized.json (Lines: 508)
2025-11-07 19:10:31 [INFO] [normalize_text] ✅ Normalized file saved: C:\Users\HP\OneDrive\Desktop\doc-understand\data\aws_extraction_data\normalized\loan2_normalized.json (Lines: 367)
2025-11-07 19:10:31 [INFO] [normalize_text] ✅ Normalized file saved: C:\Users\HP\OneDrive\Desktop\doc-understand\data\aws_extraction_data\normalized\loan3_normalized.json (Lines: 938)
2025-11-07 19:10:31 [INFO] [normalize_text] ✅ Normalized file saved: C:\Users\HP\OneDrive\Desktop\doc-understand\data\aws_extraction_data\normalized\loan_normalized.json (Lines: 2)
2025-11-07 19:10:31 [INFO] [normalize_text] ✅ Normalized file saved: C:\Users\HP\OneDrive\Desktop\doc-understand\data\aws_extraction_data\normalized\Personal-Loan-Agreement_normalized.json (Lines: 132)
2025-11-07 19:10:31 [INFO] [normalize_text] ✅ Normalized file saved: C:\Users\HP\OneDrive\Desktop\doc-understand\data\aws_extraction_data\normalized\pl_agreement_normalized.json (Lines: 1194)
2025-11-07 19:10:32 [INFO] [normalize_text] ✅ Normalized file saved: C:\Users\HP\OneDrive\Desktop\doc-understand\data\aws_extraction_data\normalized\specimen-agreement_normalized.json (Lines: 446)
2025-11-07 19:10:32 [INFO] [normalize_text] ✅ Completed normalization for 12 files.
2025-11-07 19:10:53 [INFO] [normalize_text] ✅ Normalized file saved: C:\Users\HP\OneDrive\Desktop\doc-understand\data\aws_extraction_data\normalized\loan_normalized.json (Lines: 2)
2025-11-07 19:10:53 [INFO] [normalize_text] ✅ Normalized file saved: C:\Users\HP\OneDrive\Desktop\doc-understand\data\aws_extraction_data\normalized\empty_normalized.json (Lines: 0)
2025-11-07 19:10:53 [INFO] [normalize_text] ✅ Normalized file saved: C:\Users\HP\OneDrive\Desktop\doc-understand\data\aws_extraction_data\normalized\loan_normalized.json (Lines: 2)
2025-11-07 19:17:13 [INFO] [normalize_text] ✅ Normalized file saved: C:\Users\HP\OneDrive\Desktop\doc-understand\data\aws_extraction_data\normalized\loan_normalized.json (Lines: 2)
2025-11-07 19:17:13 [INFO] [normalize_text] ✅ Normalized file saved: C:\Users\HP\OneDrive\Desktop\doc-understand\data\aws_extraction_data\normalized\empty_normalized.json (Lines: 0)
2025-11-07 19:17:13 [INFO] [normalize_text] ✅ Normalized file saved: C:\Users\HP\OneDrive\Desktop\doc-understand\data\aws_extraction_data\normalized\loan_normalized.json (Lines: 2)
2025-11-07 19:20:03 [INFO] [normalize_text] ✅ Normalized file saved: C:\Users\HP\OneDrive\Desktop\doc-understand\data\aws_extraction_data\normalized\loan_normalized.json (Lines: 2)
2025-11-07 19:20:03 [INFO] [normalize_text] ✅ Normalized file saved: C:\Users\HP\OneDrive\Desktop\doc-understand\data\aws_extraction_data\normalized\empty_normalized.json (Lines: 0)
2025-11-07 19:20:03 [INFO] [normalize_text] ✅ Normalized file saved: C:\Users\HP\OneDrive\Desktop\doc-understand\data\aws_extraction_data\normalized\loan_normalized.json (Lines: 2)
2025-11-08 10:20:25 [INFO] [normalize_text] ✅ Normalized file saved: /opt/airflow/data/aws_extraction_data/normalized/dummy_normalized.json (Lines: 1)
2025-11-08 10:20:25 [INFO] [normalize_text] ✅ Normalized file saved: /opt/airflow/data/aws_extraction_data/normalized/empty_normalized.json (Lines: 0)
2025-11-08 10:20:25 [INFO] [normalize_text] ✅ Normalized file saved: /opt/airflow/data/aws_extraction_data/normalized/form_centre_showcase_personal_loan_form_normalized.json (Lines: 568)
2025-11-08 10:20:25 [INFO] [normalize_text] ✅ Normalized file saved: /opt/airflow/data/aws_extraction_data/normalized/gss-term-loan-agreement-ccd-5_normalized.json (Lines: 1164)
2025-11-08 10:20:26 [INFO] [normalize_text] ✅ Normalized file saved: /opt/airflow/data/aws_extraction_data/normalized/home_loan_001_normalized.json (Lines: 12)
2025-11-08 10:20:26 [INFO] [normalize_text] ✅ Normalized file saved: /opt/airflow/data/aws_extraction_data/normalized/loan1_normalized.json (Lines: 508)
2025-11-08 10:20:26 [INFO] [normalize_text] ✅ Normalized file saved: /opt/airflow/data/aws_extraction_data/normalized/loan2_normalized.json (Lines: 367)
2025-11-08 10:20:26 [INFO] [normalize_text] ✅ Normalized file saved: /opt/airflow/data/aws_extraction_data/normalized/loan3_normalized.json (Lines: 938)
2025-11-08 10:20:26 [INFO] [normalize_text] ✅ Normalized file saved: /opt/airflow/data/aws_extraction_data/normalized/loan_normalized.json (Lines: 2)
2025-11-08 10:20:26 [INFO] [normalize_text] ✅ Normalized file saved: /opt/airflow/data/aws_extraction_data/normalized/Personal-Loan-Agreement_normalized.json (Lines: 132)
2025-11-08 10:20:26 [INFO] [normalize_text] ✅ Normalized file saved: /opt/airflow/data/aws_extraction_data/normalized/pl_agreement_normalized.json (Lines: 1194)
2025-11-08 10:20:26 [INFO] [normalize_text] ✅ Normalized file saved: /opt/airflow/data/aws_extraction_data/normalized/specimen-agreement_normalized.json (Lines: 446)
2025-11-08 10:20:26 [INFO] [normalize_text] ✅ Completed normalization for 12 files.
2025-11-08 10:21:11 [INFO] [normalize_text] ✅ Normalized file saved: /opt/airflow/data/aws_extraction_data/normalized/dummy_normalized.json (Lines: 1)
2025-11-08 10:21:11 [INFO] [normalize_text] ✅ Normalized file saved: /opt/airflow/data/aws_extraction_data/normalized/empty_normalized.json (Lines: 0)
2025-11-08 10:21:11 [INFO] [normalize_text] ✅ Normalized file saved: /opt/airflow/data/aws_extraction_data/normalized/form_centre_showcase_personal_loan_form_normalized.json (Lines: 568)
2025-11-08 10:21:11 [INFO] [normalize_text] ✅ Normalized file saved: /opt/airflow/data/aws_extraction_data/normalized/gss-term-loan-agreement-ccd-5_normalized.json (Lines: 1164)
2025-11-08 10:21:11 [INFO] [normalize_text] ✅ Normalized file saved: /opt/airflow/data/aws_extraction_data/normalized/home_loan_001_normalized.json (Lines: 12)
2025-11-08 10:21:11 [INFO] [normalize_text] ✅ Normalized file saved: /opt/airflow/data/aws_extraction_data/normalized/loan1_normalized.json (Lines: 508)
2025-11-08 10:21:11 [INFO] [normalize_text] ✅ Normalized file saved: /opt/airflow/data/aws_extraction_data/normalized/loan2_normalized.json (Lines: 367)
2025-11-08 10:21:11 [INFO] [normalize_text] ✅ Normalized file saved: /opt/airflow/data/aws_extraction_data/normalized/loan3_normalized.json (Lines: 938)
2025-11-08 10:21:11 [INFO] [normalize_text] ✅ Normalized file saved: /opt/airflow/data/aws_extraction_data/normalized/loan_normalized.json (Lines: 2)
2025-11-08 10:21:11 [INFO] [normalize_text] ✅ Normalized file saved: /opt/airflow/data/aws_extraction_data/normalized/Personal-Loan-Agreement_normalized.json (Lines: 132)
2025-11-08 10:21:12 [INFO] [normalize_text] ✅ Normalized file saved: /opt/airflow/data/aws_extraction_data/normalized/pl_agreement_normalized.json (Lines: 1194)
2025-11-08 10:21:12 [INFO] [normalize_text] ✅ Normalized file saved: /opt/airflow/data/aws_extraction_data/normalized/specimen-agreement_normalized.json (Lines: 446)
2025-11-08 10:21:12 [INFO] [normalize_text] ✅ Completed normalization for 12 files.
2025-11-08 10:29:39 [INFO] [normalize_text] ✅ Normalized file saved: /opt/airflow/data/aws_extraction_data/normalized/dummy_normalized.json (Lines: 1)
2025-11-08 10:29:39 [INFO] [normalize_text] ✅ Normalized file saved: /opt/airflow/data/aws_extraction_data/normalized/empty_normalized.json (Lines: 0)
2025-11-08 10:29:39 [INFO] [normalize_text] ✅ Normalized file saved: /opt/airflow/data/aws_extraction_data/normalized/form_centre_showcase_personal_loan_form_normalized.json (Lines: 568)
2025-11-08 10:29:39 [INFO] [normalize_text] ✅ Normalized file saved: /opt/airflow/data/aws_extraction_data/normalized/gss-term-loan-agreement-ccd-5_normalized.json (Lines: 1164)
2025-11-08 10:29:40 [INFO] [normalize_text] ✅ Normalized file saved: /opt/airflow/data/aws_extraction_data/normalized/home_loan_001_normalized.json (Lines: 12)
2025-11-08 10:29:40 [INFO] [normalize_text] ✅ Normalized file saved: /opt/airflow/data/aws_extraction_data/normalized/loan1_normalized.json (Lines: 508)
2025-11-08 10:29:40 [INFO] [normalize_text] ✅ Normalized file saved: /opt/airflow/data/aws_extraction_data/normalized/loan2_normalized.json (Lines: 367)
2025-11-08 10:29:40 [INFO] [normalize_text] ✅ Normalized file saved: /opt/airflow/data/aws_extraction_data/normalized/loan3_normalized.json (Lines: 938)
2025-11-08 10:29:40 [INFO] [normalize_text] ✅ Normalized file saved: /opt/airflow/data/aws_extraction_data/normalized/loan_normalized.json (Lines: 2)
2025-11-08 10:29:40 [INFO] [normalize_text] ✅ Normalized file saved: /opt/airflow/data/aws_extraction_data/normalized/Personal-Loan-Agreement_normalized.json (Lines: 132)
2025-11-08 10:29:40 [INFO] [normalize_text] ✅ Normalized file saved: /opt/airflow/data/aws_extraction_data/normalized/pl_agreement_normalized.json (Lines: 1194)
2025-11-08 10:29:40 [INFO] [normalize_text] ✅ Normalized file saved: /opt/airflow/data/aws_extraction_data/normalized/specimen-agreement_normalized.json (Lines: 446)
2025-11-08 10:29:40 [INFO] [normalize_text] ✅ Completed normalization for 12 files.
2025-11-08 10:36:17 [INFO] [normalize_text] ✅ Normalized file saved: /opt/airflow/data/aws_extraction_data/normalized/dummy_normalized.json (Lines: 1)
2025-11-08 10:36:17 [INFO] [normalize_text] ✅ Normalized file saved: /opt/airflow/data/aws_extraction_data/normalized/empty_normalized.json (Lines: 0)
2025-11-08 10:36:17 [INFO] [normalize_text] ✅ Normalized file saved: /opt/airflow/data/aws_extraction_data/normalized/form_centre_showcase_personal_loan_form_normalized.json (Lines: 568)
2025-11-08 10:36:17 [INFO] [normalize_text] ✅ Normalized file saved: /opt/airflow/data/aws_extraction_data/normalized/gss-term-loan-agreement-ccd-5_normalized.json (Lines: 1164)
2025-11-08 10:36:17 [INFO] [normalize_text] ✅ Normalized file saved: /opt/airflow/data/aws_extraction_data/normalized/home_loan_001_normalized.json (Lines: 12)
2025-11-08 10:36:17 [INFO] [normalize_text] ✅ Normalized file saved: /opt/airflow/data/aws_extraction_data/normalized/loan1_normalized.json (Lines: 508)
2025-11-08 10:36:18 [INFO] [normalize_text] ✅ Normalized file saved: /opt/airflow/data/aws_extraction_data/normalized/loan2_normalized.json (Lines: 367)
2025-11-08 10:36:18 [INFO] [normalize_text] ✅ Normalized file saved: /opt/airflow/data/aws_extraction_data/normalized/loan3_normalized.json (Lines: 938)
2025-11-08 10:36:18 [INFO] [normalize_text] ✅ Normalized file saved: /opt/airflow/data/aws_extraction_data/normalized/loan_normalized.json (Lines: 2)
2025-11-08 10:36:18 [INFO] [normalize_text] ✅ Normalized file saved: /opt/airflow/data/aws_extraction_data/normalized/Personal-Loan-Agreement_normalized.json (Lines: 132)
2025-11-08 10:36:18 [INFO] [normalize_text] ✅ Normalized file saved: /opt/airflow/data/aws_extraction_data/normalized/pl_agreement_normalized.json (Lines: 1194)
2025-11-08 10:36:18 [INFO] [normalize_text] ✅ Normalized file saved: /opt/airflow/data/aws_extraction_data/normalized/specimen-agreement_normalized.json (Lines: 446)
2025-11-08 10:36:18 [INFO] [normalize_text] ✅ Completed normalization for 12 files.
2025-11-08 10:45:23 [INFO] [normalize_text] ✅ Normalized file saved: /opt/airflow/data/aws_extraction_data/normalized/dummy_normalized.json (Lines: 1)
2025-11-08 10:45:23 [INFO] [normalize_text] ✅ Normalized file saved: /opt/airflow/data/aws_extraction_data/normalized/empty_normalized.json (Lines: 0)
2025-11-08 10:45:23 [INFO] [normalize_text] ✅ Normalized file saved: /opt/airflow/data/aws_extraction_data/normalized/form_centre_showcase_personal_loan_form_normalized.json (Lines: 568)
2025-11-08 10:45:23 [INFO] [normalize_text] ✅ Normalized file saved: /opt/airflow/data/aws_extraction_data/normalized/gss-term-loan-agreement-ccd-5_normalized.json (Lines: 1164)
2025-11-08 10:45:23 [INFO] [normalize_text] ✅ Normalized file saved: /opt/airflow/data/aws_extraction_data/normalized/home_loan_001_normalized.json (Lines: 12)
2025-11-08 10:45:23 [INFO] [normalize_text] ✅ Normalized file saved: /opt/airflow/data/aws_extraction_data/normalized/loan1_normalized.json (Lines: 508)
2025-11-08 10:45:24 [INFO] [normalize_text] ✅ Normalized file saved: /opt/airflow/data/aws_extraction_data/normalized/loan2_normalized.json (Lines: 367)
2025-11-08 10:45:24 [INFO] [normalize_text] ✅ Normalized file saved: /opt/airflow/data/aws_extraction_data/normalized/loan3_normalized.json (Lines: 938)
2025-11-08 10:45:24 [INFO] [normalize_text] ✅ Normalized file saved: /opt/airflow/data/aws_extraction_data/normalized/loan_normalized.json (Lines: 2)
2025-11-08 10:45:24 [INFO] [normalize_text] ✅ Normalized file saved: /opt/airflow/data/aws_extraction_data/normalized/Personal-Loan-Agreement_normalized.json (Lines: 132)
2025-11-08 10:45:24 [INFO] [normalize_text] ✅ Normalized file saved: /opt/airflow/data/aws_extraction_data/normalized/pl_agreement_normalized.json (Lines: 1194)
2025-11-08 10:45:24 [INFO] [normalize_text] ✅ Normalized file saved: /opt/airflow/data/aws_extraction_data/normalized/specimen-agreement_normalized.json (Lines: 446)
2025-11-08 10:45:24 [INFO] [normalize_text] ✅ Completed normalization for 12 files.
2025-11-08 10:49:32 [INFO] [normalize_text] ✅ Normalized file saved: /opt/airflow/data/aws_extraction_data/normalized/dummy_normalized.json (Lines: 1)
2025-11-08 10:49:32 [INFO] [normalize_text] ✅ Normalized file saved: /opt/airflow/data/aws_extraction_data/normalized/empty_normalized.json (Lines: 0)
2025-11-08 10:49:32 [INFO] [normalize_text] ✅ Normalized file saved: /opt/airflow/data/aws_extraction_data/normalized/form_centre_showcase_personal_loan_form_normalized.json (Lines: 568)
2025-11-08 10:49:32 [INFO] [normalize_text] ✅ Normalized file saved: /opt/airflow/data/aws_extraction_data/normalized/gss-term-loan-agreement-ccd-5_normalized.json (Lines: 1164)
2025-11-08 10:49:32 [INFO] [normalize_text] ✅ Normalized file saved: /opt/airflow/data/aws_extraction_data/normalized/home_loan_001_normalized.json (Lines: 12)
2025-11-08 10:49:32 [INFO] [normalize_text] ✅ Normalized file saved: /opt/airflow/data/aws_extraction_data/normalized/loan1_normalized.json (Lines: 508)
2025-11-08 10:49:32 [INFO] [normalize_text] ✅ Normalized file saved: /opt/airflow/data/aws_extraction_data/normalized/loan2_normalized.json (Lines: 367)
2025-11-08 10:49:33 [INFO] [normalize_text] ✅ Normalized file saved: /opt/airflow/data/aws_extraction_data/normalized/loan3_normalized.json (Lines: 938)
2025-11-08 10:49:33 [INFO] [normalize_text] ✅ Normalized file saved: /opt/airflow/data/aws_extraction_data/normalized/loan_normalized.json (Lines: 2)
2025-11-08 10:49:33 [INFO] [normalize_text] ✅ Normalized file saved: /opt/airflow/data/aws_extraction_data/normalized/Personal-Loan-Agreement_normalized.json (Lines: 132)
2025-11-08 10:49:33 [INFO] [normalize_text] ✅ Normalized file saved: /opt/airflow/data/aws_extraction_data/normalized/pl_agreement_normalized.json (Lines: 1194)
2025-11-08 10:49:33 [INFO] [normalize_text] ✅ Normalized file saved: /opt/airflow/data/aws_extraction_data/normalized/specimen-agreement_normalized.json (Lines: 446)
2025-11-08 10:49:33 [INFO] [normalize_text] ✅ Completed normalization for 12 files.
2025-11-08 11:44:52 [INFO] [normalize_text] 🧭 Logger initialized for stage 'normalize_text' → /opt/project/logs/aws_extraction_logs/normalize_text.log
2025-11-08 11:45:27 [INFO] [normalize_text] 🧭 Logger initialized for stage 'normalize_text' → /opt/project/logs/aws_extraction_logs/normalize_text.log
2025-11-08 11:45:34 [INFO] [normalize_text] 🧭 Logger initialized for stage 'normalize_text' → /opt/project/logs/aws_extraction_logs/normalize_text.log
2025-11-08 11:45:39 [INFO] [normalize_text] 🧭 Logger initialized for stage 'normalize_text' → /opt/project/logs/aws_extraction_logs/normalize_text.log
2025-11-08 11:45:43 [INFO] [normalize_text] 🧭 Logger initialized for stage 'normalize_text' → /opt/project/logs/aws_extraction_logs/normalize_text.log
2025-11-08 11:45:51 [INFO] [normalize_text] 🧭 Logger initialized for stage 'normalize_text' → /opt/project/logs/aws_extraction_logs/normalize_text.log
2025-11-08 11:45:52 [INFO] [normalize_text] ✅ Normalized file saved: /opt/project/data/aws_extraction_data/normalized/dummy_normalized.json (Lines: 1)
2025-11-08 11:45:52 [INFO] [normalize_text] ✅ Normalized file saved: /opt/project/data/aws_extraction_data/normalized/empty_normalized.json (Lines: 0)
2025-11-08 11:45:52 [INFO] [normalize_text] ✅ Normalized file saved: /opt/project/data/aws_extraction_data/normalized/form_centre_showcase_personal_loan_form_normalized.json (Lines: 568)
2025-11-08 11:45:52 [INFO] [normalize_text] ✅ Normalized file saved: /opt/project/data/aws_extraction_data/normalized/gss-term-loan-agreement-ccd-5_normalized.json (Lines: 1164)
2025-11-08 11:45:52 [INFO] [normalize_text] ✅ Normalized file saved: /opt/project/data/aws_extraction_data/normalized/home_loan_001_normalized.json (Lines: 12)
2025-11-08 11:45:53 [INFO] [normalize_text] ✅ Normalized file saved: /opt/project/data/aws_extraction_data/normalized/loan1_normalized.json (Lines: 508)
2025-11-08 11:45:53 [INFO] [normalize_text] ✅ Normalized file saved: /opt/project/data/aws_extraction_data/normalized/loan2_normalized.json (Lines: 367)
2025-11-08 11:45:53 [INFO] [normalize_text] ✅ Normalized file saved: /opt/project/data/aws_extraction_data/normalized/loan3_normalized.json (Lines: 938)
2025-11-08 11:45:53 [INFO] [normalize_text] ✅ Normalized file saved: /opt/project/data/aws_extraction_data/normalized/loan_normalized.json (Lines: 2)
2025-11-08 11:45:53 [INFO] [normalize_text] ✅ Normalized file saved: /opt/project/data/aws_extraction_data/normalized/Personal-Loan-Agreement_normalized.json (Lines: 132)
2025-11-08 11:45:53 [INFO] [normalize_text] ✅ Normalized file saved: /opt/project/data/aws_extraction_data/normalized/pl_agreement_normalized.json (Lines: 1194)
2025-11-08 11:45:54 [INFO] [normalize_text] ✅ Normalized file saved: /opt/project/data/aws_extraction_data/normalized/specimen-agreement_normalized.json (Lines: 446)
2025-11-08 11:45:54 [INFO] [normalize_text] ✅ Completed normalization for 12 files.
2025-11-08 11:45:55 [INFO] [normalize_text] 🧭 Logger initialized for stage 'normalize_text' → /opt/project/logs/aws_extraction_logs/normalize_text.log
2025-11-08 11:45:58 [INFO] [normalize_text] 🧭 Logger initialized for stage 'normalize_text' → /opt/project/logs/aws_extraction_logs/normalize_text.log
2025-11-08 11:46:30 [INFO] [normalize_text] 🧭 Logger initialized for stage 'normalize_text' → /opt/project/logs/aws_extraction_logs/normalize_text.log
2025-11-08 11:47:02 [INFO] [normalize_text] 🧭 Logger initialized for stage 'normalize_text' → /opt/project/logs/aws_extraction_logs/normalize_text.log
2025-11-08 11:47:33 [INFO] [normalize_text] 🧭 Logger initialized for stage 'normalize_text' → /opt/project/logs/aws_extraction_logs/normalize_text.log
2025-11-08 11:47:51 [INFO] [normalize_text] 🧭 Logger initialized for stage 'normalize_text' → /opt/project/logs/aws_extraction_logs/normalize_text.log
2025-11-08 11:47:55 [INFO] [normalize_text] 🧭 Logger initialized for stage 'normalize_text' → /opt/project/logs/aws_extraction_logs/normalize_text.log
2025-11-08 11:47:58 [INFO] [normalize_text] 🧭 Logger initialized for stage 'normalize_text' → /opt/project/logs/aws_extraction_logs/normalize_text.log
2025-11-08 11:48:05 [INFO] [normalize_text] 🧭 Logger initialized for stage 'normalize_text' → /opt/project/logs/aws_extraction_logs/normalize_text.log
2025-11-08 11:48:05 [INFO] [normalize_text] 🧭 Logger initialized for stage 'normalize_text' → /opt/project/logs/aws_extraction_logs/normalize_text.log
2025-11-08 11:48:07 [INFO] [normalize_text] ✅ Normalized file saved: /opt/project/data/aws_extraction_data/normalized/dummy_normalized.json (Lines: 1)
2025-11-08 11:48:07 [INFO] [normalize_text] ✅ Normalized file saved: /opt/project/data/aws_extraction_data/normalized/empty_normalized.json (Lines: 0)
2025-11-08 11:48:07 [INFO] [normalize_text] ✅ Normalized file saved: /opt/project/data/aws_extraction_data/normalized/form_centre_showcase_personal_loan_form_normalized.json (Lines: 568)
2025-11-08 11:48:07 [INFO] [normalize_text] ✅ Normalized file saved: /opt/project/data/aws_extraction_data/normalized/gss-term-loan-agreement-ccd-5_normalized.json (Lines: 1164)
2025-11-08 11:48:07 [INFO] [normalize_text] ✅ Normalized file saved: /opt/project/data/aws_extraction_data/normalized/home_loan_001_normalized.json (Lines: 12)
2025-11-08 11:48:08 [INFO] [normalize_text] ✅ Normalized file saved: /opt/project/data/aws_extraction_data/normalized/loan1_normalized.json (Lines: 508)
2025-11-08 11:48:08 [INFO] [normalize_text] ✅ Normalized file saved: /opt/project/data/aws_extraction_data/normalized/loan2_normalized.json (Lines: 367)
2025-11-08 11:48:08 [INFO] [normalize_text] ✅ Normalized file saved: /opt/project/data/aws_extraction_data/normalized/loan3_normalized.json (Lines: 938)
2025-11-08 11:48:08 [INFO] [normalize_text] ✅ Normalized file saved: /opt/project/data/aws_extraction_data/normalized/loan_normalized.json (Lines: 2)
2025-11-08 11:48:08 [INFO] [normalize_text] ✅ Normalized file saved: /opt/project/data/aws_extraction_data/normalized/Personal-Loan-Agreement_normalized.json (Lines: 132)
2025-11-08 11:48:09 [INFO] [normalize_text] ✅ Normalized file saved: /opt/project/data/aws_extraction_data/normalized/pl_agreement_normalized.json (Lines: 1194)
2025-11-08 11:48:09 [INFO] [normalize_text] ✅ Normalized file saved: /opt/project/data/aws_extraction_data/normalized/specimen-agreement_normalized.json (Lines: 446)
2025-11-08 11:48:09 [INFO] [normalize_text] ✅ Completed normalization for 12 files.
2025-11-08 11:48:10 [INFO] [normalize_text] 🧭 Logger initialized for stage 'normalize_text' → /opt/project/logs/aws_extraction_logs/normalize_text.log
2025-11-08 11:48:38 [INFO] [normalize_text] 🧭 Logger initialized for stage 'normalize_text' → /opt/project/logs/aws_extraction_logs/normalize_text.log
2025-11-08 11:49:09 [INFO] [normalize_text] 🧭 Logger initialized for stage 'normalize_text' → /opt/project/logs/aws_extraction_logs/normalize_text.log
2025-11-08 11:49:41 [INFO] [normalize_text] 🧭 Logger initialized for stage 'normalize_text' → /opt/project/logs/aws_extraction_logs/normalize_text.log
2025-11-08 11:50:13 [INFO] [normalize_text] 🧭 Logger initialized for stage 'normalize_text' → /opt/project/logs/aws_extraction_logs/normalize_text.log
2025-11-08 11:50:44 [INFO] [normalize_text] 🧭 Logger initialized for stage 'normalize_text' → /opt/project/logs/aws_extraction_logs/normalize_text.log
2025-11-08 11:51:15 [INFO] [normalize_text] 🧭 Logger initialized for stage 'normalize_text' → /opt/project/logs/aws_extraction_logs/normalize_text.log
2025-11-08 11:51:47 [INFO] [normalize_text] 🧭 Logger initialized for stage 'normalize_text' → /opt/project/logs/aws_extraction_logs/normalize_text.log
2025-11-08 11:52:19 [INFO] [normalize_text] 🧭 Logger initialized for stage 'normalize_text' → /opt/project/logs/aws_extraction_logs/normalize_text.log
2025-11-08 11:52:50 [INFO] [normalize_text] 🧭 Logger initialized for stage 'normalize_text' → /opt/project/logs/aws_extraction_logs/normalize_text.log
2025-11-08 11:53:22 [INFO] [normalize_text] 🧭 Logger initialized for stage 'normalize_text' → /opt/project/logs/aws_extraction_logs/normalize_text.log
2025-11-08 11:53:54 [INFO] [normalize_text] 🧭 Logger initialized for stage 'normalize_text' → /opt/project/logs/aws_extraction_logs/normalize_text.log
2025-11-08 12:05:59 [INFO] [normalize_text] ✅ Normalized file saved: /opt/project/data/aws_extraction_data/normalized/dummy_normalized.json (Lines: 1)
2025-11-08 12:05:59 [INFO] [normalize_text] ✅ Normalized file saved: /opt/project/data/aws_extraction_data/normalized/empty_normalized.json (Lines: 0)
2025-11-08 12:05:59 [INFO] [normalize_text] ✅ Normalized file saved: /opt/project/data/aws_extraction_data/normalized/form_centre_showcase_personal_loan_form_normalized.json (Lines: 568)
2025-11-08 12:06:00 [INFO] [normalize_text] ✅ Normalized file saved: /opt/project/data/aws_extraction_data/normalized/gss-term-loan-agreement-ccd-5_normalized.json (Lines: 1164)
2025-11-08 12:06:00 [INFO] [normalize_text] ✅ Normalized file saved: /opt/project/data/aws_extraction_data/normalized/home_loan_001_normalized.json (Lines: 12)
2025-11-08 12:06:00 [INFO] [normalize_text] ✅ Normalized file saved: /opt/project/data/aws_extraction_data/normalized/loan1_normalized.json (Lines: 508)
2025-11-08 12:06:00 [INFO] [normalize_text] ✅ Normalized file saved: /opt/project/data/aws_extraction_data/normalized/loan2_normalized.json (Lines: 367)
2025-11-08 12:06:01 [INFO] [normalize_text] ✅ Normalized file saved: /opt/project/data/aws_extraction_data/normalized/loan3_normalized.json (Lines: 938)
2025-11-08 12:06:01 [INFO] [normalize_text] ✅ Normalized file saved: /opt/project/data/aws_extraction_data/normalized/loan_normalized.json (Lines: 2)
2025-11-08 12:06:01 [INFO] [normalize_text] ✅ Normalized file saved: /opt/project/data/aws_extraction_data/normalized/Personal-Loan-Agreement_normalized.json (Lines: 132)
2025-11-08 12:06:01 [INFO] [normalize_text] ✅ Normalized file saved: /opt/project/data/aws_extraction_data/normalized/pl_agreement_normalized.json (Lines: 1194)
2025-11-08 12:06:01 [INFO] [normalize_text] ✅ Normalized file saved: /opt/project/data/aws_extraction_data/normalized/specimen-agreement_normalized.json (Lines: 446)
2025-11-08 12:06:01 [INFO] [normalize_text] ✅ Completed normalization for 12 files.
2025-11-08 12:09:33 [INFO] [normalize_text] ✅ Normalized file saved: /opt/project/data/aws_extraction_data/normalized/dummy_normalized.json (Lines: 1)
2025-11-08 12:09:33 [INFO] [normalize_text] ✅ Normalized file saved: /opt/project/data/aws_extraction_data/normalized/empty_normalized.json (Lines: 0)
2025-11-08 12:09:33 [INFO] [normalize_text] ✅ Normalized file saved: /opt/project/data/aws_extraction_data/normalized/form_centre_showcase_personal_loan_form_normalized.json (Lines: 568)
2025-11-08 12:09:33 [INFO] [normalize_text] ✅ Normalized file saved: /opt/project/data/aws_extraction_data/normalized/gss-term-loan-agreement-ccd-5_normalized.json (Lines: 1164)
2025-11-08 12:09:34 [INFO] [normalize_text] ✅ Normalized file saved: /opt/project/data/aws_extraction_data/normalized/home_loan_001_normalized.json (Lines: 12)
2025-11-08 12:09:34 [INFO] [normalize_text] ✅ Normalized file saved: /opt/project/data/aws_extraction_data/normalized/loan1_normalized.json (Lines: 508)
2025-11-08 12:09:34 [INFO] [normalize_text] ✅ Normalized file saved: /opt/project/data/aws_extraction_data/normalized/loan2_normalized.json (Lines: 367)
2025-11-08 12:09:34 [INFO] [normalize_text] ✅ Normalized file saved: /opt/project/data/aws_extraction_data/normalized/loan3_normalized.json (Lines: 938)
2025-11-08 12:09:34 [INFO] [normalize_text] ✅ Normalized file saved: /opt/project/data/aws_extraction_data/normalized/loan_normalized.json (Lines: 2)
2025-11-08 12:09:35 [INFO] [normalize_text] ✅ Normalized file saved: /opt/project/data/aws_extraction_data/normalized/Personal-Loan-Agreement_normalized.json (Lines: 132)
2025-11-08 12:09:35 [INFO] [normalize_text] ✅ Normalized file saved: /opt/project/data/aws_extraction_data/normalized/pl_agreement_normalized.json (Lines: 1194)
2025-11-08 12:09:35 [INFO] [normalize_text] ✅ Normalized file saved: /opt/project/data/aws_extraction_data/normalized/specimen-agreement_normalized.json (Lines: 446)
2025-11-08 12:09:35 [INFO] [normalize_text] ✅ Completed normalization for 12 files.
2025-11-08 12:23:58 [INFO] [normalize_text] ✅ Normalized file saved: /opt/project/data/aws_extraction_data/normalized/dummy_normalized.json (Lines: 1)
2025-11-08 12:23:58 [INFO] [normalize_text] ✅ Normalized file saved: /opt/project/data/aws_extraction_data/normalized/empty_normalized.json (Lines: 0)
2025-11-08 12:23:59 [INFO] [normalize_text] ✅ Normalized file saved: /opt/project/data/aws_extraction_data/normalized/form_centre_showcase_personal_loan_form_normalized.json (Lines: 568)
2025-11-08 12:23:59 [INFO] [normalize_text] ✅ Normalized file saved: /opt/project/data/aws_extraction_data/normalized/gss-term-loan-agreement-ccd-5_normalized.json (Lines: 1164)
2025-11-08 12:23:59 [INFO] [normalize_text] ✅ Normalized file saved: /opt/project/data/aws_extraction_data/normalized/home_loan_001_normalized.json (Lines: 12)
2025-11-08 12:23:59 [INFO] [normalize_text] ✅ Normalized file saved: /opt/project/data/aws_extraction_data/normalized/loan1_normalized.json (Lines: 508)
2025-11-08 12:23:59 [INFO] [normalize_text] ✅ Normalized file saved: /opt/project/data/aws_extraction_data/normalized/loan2_normalized.json (Lines: 367)
2025-11-08 12:23:59 [INFO] [normalize_text] ✅ Normalized file saved: /opt/project/data/aws_extraction_data/normalized/loan3_normalized.json (Lines: 938)
2025-11-08 12:23:59 [INFO] [normalize_text] ✅ Normalized file saved: /opt/project/data/aws_extraction_data/normalized/loan_normalized.json (Lines: 2)
2025-11-08 12:24:00 [INFO] [normalize_text] ✅ Normalized file saved: /opt/project/data/aws_extraction_data/normalized/Personal-Loan-Agreement_normalized.json (Lines: 132)
2025-11-08 12:24:00 [INFO] [normalize_text] ✅ Normalized file saved: /opt/project/data/aws_extraction_data/normalized/pl_agreement_normalized.json (Lines: 1194)
2025-11-08 12:24:00 [INFO] [normalize_text] ✅ Normalized file saved: /opt/project/data/aws_extraction_data/normalized/specimen-agreement_normalized.json (Lines: 446)
2025-11-08 12:24:00 [INFO] [normalize_text] ✅ Completed normalization for 12 files.
2025-11-08 14:25:30 [INFO] [normalize_text] ✅ Normalized file saved: C:\Users\HP\OneDrive\Desktop\doc-understand\data\aws_extraction_data\normalized\form_centre_showcase_personal_loan_form_normalized.json (Lines: 568)
2025-11-08 14:25:30 [INFO] [normalize_text] ✅ Normalized file saved: C:\Users\HP\OneDrive\Desktop\doc-understand\data\aws_extraction_data\normalized\gss-term-loan-agreement-ccd-5_normalized.json (Lines: 1164)
2025-11-08 14:25:30 [INFO] [normalize_text] ✅ Normalized file saved: C:\Users\HP\OneDrive\Desktop\doc-understand\data\aws_extraction_data\normalized\home_loan_001_normalized.json (Lines: 12)
2025-11-08 14:25:30 [INFO] [normalize_text] ✅ Normalized file saved: C:\Users\HP\OneDrive\Desktop\doc-understand\data\aws_extraction_data\normalized\loan1_normalized.json (Lines: 508)
2025-11-08 14:25:31 [INFO] [normalize_text] ✅ Normalized file saved: C:\Users\HP\OneDrive\Desktop\doc-understand\data\aws_extraction_data\normalized\loan2_normalized.json (Lines: 367)
2025-11-08 14:25:31 [INFO] [normalize_text] ✅ Normalized file saved: C:\Users\HP\OneDrive\Desktop\doc-understand\data\aws_extraction_data\normalized\loan3_normalized.json (Lines: 938)
2025-11-08 14:25:31 [INFO] [normalize_text] ✅ Normalized file saved: C:\Users\HP\OneDrive\Desktop\doc-understand\data\aws_extraction_data\normalized\Personal-Loan-Agreement_normalized.json (Lines: 132)
2025-11-08 14:25:31 [INFO] [normalize_text] ✅ Normalized file saved: C:\Users\HP\OneDrive\Desktop\doc-understand\data\aws_extraction_data\normalized\pl_agreement_normalized.json (Lines: 1194)
2025-11-08 14:25:31 [INFO] [normalize_text] ✅ Normalized file saved: C:\Users\HP\OneDrive\Desktop\doc-understand\data\aws_extraction_data\normalized\specimen-agreement_normalized.json (Lines: 446)
2025-11-08 14:25:31 [INFO] [normalize_text] ✅ Completed normalization for 9 files.
2025-11-08 14:28:10 [INFO] [normalize_text] ✅ Normalized file saved: /opt/project/data/aws_extraction_data/normalized/form_centre_showcase_personal_loan_form_normalized.json (Lines: 568)
2025-11-08 14:28:10 [INFO] [normalize_text] ✅ Normalized file saved: /opt/project/data/aws_extraction_data/normalized/gss-term-loan-agreement-ccd-5_normalized.json (Lines: 1164)
2025-11-08 14:28:11 [INFO] [normalize_text] ✅ Normalized file saved: /opt/project/data/aws_extraction_data/normalized/home_loan_001_normalized.json (Lines: 12)
2025-11-08 14:28:11 [INFO] [normalize_text] ✅ Normalized file saved: /opt/project/data/aws_extraction_data/normalized/loan1_normalized.json (Lines: 508)
2025-11-08 14:28:11 [INFO] [normalize_text] ✅ Normalized file saved: /opt/project/data/aws_extraction_data/normalized/loan2_normalized.json (Lines: 367)
2025-11-08 14:28:12 [INFO] [normalize_text] ✅ Normalized file saved: /opt/project/data/aws_extraction_data/normalized/loan3_normalized.json (Lines: 938)
2025-11-08 14:28:12 [INFO] [normalize_text] ✅ Normalized file saved: /opt/project/data/aws_extraction_data/normalized/Personal-Loan-Agreement_normalized.json (Lines: 132)
2025-11-08 14:28:12 [INFO] [normalize_text] ✅ Normalized file saved: /opt/project/data/aws_extraction_data/normalized/pl_agreement_normalized.json (Lines: 1194)
2025-11-08 14:28:12 [INFO] [normalize_text] ✅ Normalized file saved: /opt/project/data/aws_extraction_data/normalized/specimen-agreement_normalized.json (Lines: 446)
2025-11-08 14:28:12 [INFO] [normalize_text] ✅ Completed normalization for 9 files.
