2025-11-06 14:38:23 [INFO] [schema_stats] Starting schema & statistics generation step.
2025-11-06 14:38:24 [INFO] [schema_stats] Loaded 5317 rows from 8 normalized files.
2025-11-06 14:38:24 [INFO] [schema_stats] Inferring schema and basic statistics for normalized data.
2025-11-06 14:38:24 [INFO] [schema_stats] Schema inference and statistics computation complete.
2025-11-06 14:38:24 [INFO] [schema_stats] Running data-quality validation rules.
2025-11-06 14:38:24 [INFO] [schema_stats] Validation rule passed: required_columns_present
2025-11-06 14:38:24 [INFO] [schema_stats] Validation rule passed: text_not_null
2025-11-06 14:38:24 [INFO] [schema_stats] Validation rule passed: conf_in_range_0_100
2025-11-06 14:38:24 [INFO] [schema_stats] Schema & statistics generation completed successfully.
2025-11-06 14:38:24 [INFO] [schema_stats] Schema & rules saved to: C:\Users\HP\OneDrive\Desktop\doc-understand\data\schema\expectations.json
2025-11-06 14:38:24 [INFO] [schema_stats] Validation stats saved to: C:\Users\HP\OneDrive\Desktop\doc-understand\data\schema\validation_result.json
2025-11-06 14:42:52 [INFO] [schema_stats] Starting schema & statistics generation step.
2025-11-06 14:42:52 [INFO] [schema_stats] Loaded 5317 rows from 8 normalized files.
2025-11-06 14:42:53 [INFO] [schema_stats] Schema & statistics generation completed successfully.
2025-11-06 14:42:53 [INFO] [schema_stats] Schema & rules saved to: C:\Users\HP\OneDrive\Desktop\doc-understand\data\schema\expectations.json
2025-11-06 14:42:53 [INFO] [schema_stats] Validation stats saved to: C:\Users\HP\OneDrive\Desktop\doc-understand\data\schema\validation_result.json
2025-11-06 14:46:09 [INFO] [schema_stats] Starting schema & statistics generation step.
2025-11-06 14:46:09 [INFO] [schema_stats] Loaded 5317 rows from 8 normalized files.
2025-11-06 14:46:09 [INFO] [schema_stats] Validation rule passed: required_columns_present
2025-11-06 14:46:09 [INFO] [schema_stats] Validation rule passed: text_not_null
2025-11-06 14:46:09 [INFO] [schema_stats] Validation rule passed: conf_in_range_0_100
2025-11-06 14:46:09 [INFO] [schema_stats] Schema & statistics generation completed successfully.
2025-11-06 14:46:09 [INFO] [schema_stats] Schema & rules saved to: C:\Users\HP\OneDrive\Desktop\doc-understand\data\schema\expectations.json
2025-11-06 14:46:09 [INFO] [schema_stats] Validation stats saved to: C:\Users\HP\OneDrive\Desktop\doc-understand\data\schema\validation_result.json
2025-11-06 15:15:13 [INFO] [schema_stats] Starting schema & statistics generation step.
2025-11-06 15:15:13 [INFO] [schema_stats] Loaded 5317 rows from 8 normalized files.
2025-11-06 15:15:13 [INFO] [schema_stats] Validation rule passed: required_columns_present
2025-11-06 15:15:13 [INFO] [schema_stats] Validation rule passed: text_not_null
2025-11-06 15:15:13 [INFO] [schema_stats] Validation rule passed: conf_in_range_0_100
2025-11-06 15:15:13 [INFO] [schema_stats] Schema & statistics generation completed successfully.
2025-11-06 15:15:13 [INFO] [schema_stats] Schema & rules saved to: C:\Users\HP\OneDrive\Desktop\doc-understand\data\schema\expectations.json
2025-11-06 15:15:13 [INFO] [schema_stats] Validation stats saved to: C:\Users\HP\OneDrive\Desktop\doc-understand\data\schema\validation_result.json
2025-11-06 16:38:01 [INFO] [schema_stats] Starting schema & statistics generation step.
2025-11-06 16:38:01 [INFO] [schema_stats] Loaded 5317 rows from 8 normalized files.
2025-11-06 16:38:01 [INFO] [schema_stats] Validation rule passed: required_columns_present
2025-11-06 16:38:01 [INFO] [schema_stats] Validation rule passed: text_not_null
2025-11-06 16:38:01 [INFO] [schema_stats] Validation rule passed: conf_in_range_0_100
2025-11-06 16:38:01 [INFO] [schema_stats] Schema & statistics generation completed successfully.
2025-11-06 16:38:01 [INFO] [schema_stats] Schema & rules saved to: /opt/airflow/data/schema/expectations.json
2025-11-06 16:38:01 [INFO] [schema_stats] Validation stats saved to: /opt/airflow/data/schema/validation_result.json
2025-11-06 16:40:34 [INFO] [schema_stats] Starting schema & statistics generation step.
2025-11-06 16:40:35 [INFO] [schema_stats] Loaded 5317 rows from 8 normalized files.
2025-11-06 16:40:35 [INFO] [schema_stats] Validation rule passed: required_columns_present
2025-11-06 16:40:35 [INFO] [schema_stats] Validation rule passed: text_not_null
2025-11-06 16:40:35 [INFO] [schema_stats] Validation rule passed: conf_in_range_0_100
2025-11-06 16:40:35 [INFO] [schema_stats] Schema & statistics generation completed successfully.
2025-11-06 16:40:35 [INFO] [schema_stats] Schema & rules saved to: /opt/airflow/data/schema/expectations.json
2025-11-06 16:40:35 [INFO] [schema_stats] Validation stats saved to: /opt/airflow/data/schema/validation_result.json
2025-11-06 17:24:17 [INFO] [schema_stats] Starting schema & statistics generation step.
2025-11-06 17:24:18 [INFO] [schema_stats] Loaded 5329 rows from 9 normalized files.
2025-11-06 17:24:18 [INFO] [schema_stats] Validation rule passed: required_columns_present
2025-11-06 17:24:18 [INFO] [schema_stats] Validation rule passed: text_not_null
2025-11-06 17:24:18 [INFO] [schema_stats] Validation rule passed: conf_in_range_0_100
2025-11-06 17:24:18 [INFO] [schema_stats] Schema & statistics generation completed successfully.
2025-11-06 17:24:18 [INFO] [schema_stats] Schema & rules saved to: /opt/airflow/data/schema/expectations.json
2025-11-06 17:24:18 [INFO] [schema_stats] Validation stats saved to: /opt/airflow/data/schema/validation_result.json
2025-11-07 15:04:18 [INFO] [schema_stats] Starting schema & statistics generation step.
2025-11-07 15:04:18 [WARNING] [schema_stats] No normalized JSON files found in data/normalized/
2025-11-07 15:04:18 [ERROR] [schema_stats] No data to validate. Exiting schema_stats step.
2025-11-07 18:07:22 [INFO] [schema_stats] 🚀 Starting schema & validation statistics generation...
2025-11-07 18:07:22 [INFO] [schema_stats] ✅ Loaded 5329 rows from 9 normalized files.
2025-11-07 18:07:22 [INFO] [schema_stats] ✅ Validation rule passed: required_columns_present
2025-11-07 18:07:22 [INFO] [schema_stats] ✅ Validation rule passed: text_not_null
2025-11-07 18:07:22 [INFO] [schema_stats] ✅ Validation rule passed: conf_in_range_0_100
2025-11-07 18:07:22 [INFO] [schema_stats] ✅ Schema & validation results saved: C:\Users\HP\OneDrive\Desktop\doc-understand\data\aws_extraction_data\schema\expectations.json, C:\Users\HP\OneDrive\Desktop\doc-understand\data\aws_extraction_data\schema\validation_result.json
2025-11-07 19:13:48 [INFO] [schema_stats] 🚀 Starting schema & validation statistics generation...
2025-11-07 19:13:49 [INFO] [schema_stats] ✅ Loaded 5332 rows from 12 normalized files.
2025-11-07 19:13:49 [INFO] [schema_stats] ✅ Validation rule passed: required_columns_present
2025-11-07 19:13:49 [INFO] [schema_stats] ✅ Validation rule passed: text_not_null
2025-11-07 19:13:49 [INFO] [schema_stats] ✅ Validation rule passed: conf_in_range_0_100
2025-11-07 19:13:49 [INFO] [schema_stats] ✅ Schema & validation results saved: C:\Users\HP\OneDrive\Desktop\doc-understand\data\aws_extraction_data\schema\expectations.json, C:\Users\HP\OneDrive\Desktop\doc-understand\data\aws_extraction_data\schema\validation_result.json
2025-11-07 19:17:14 [INFO] [schema_stats] 🚀 Starting schema & validation statistics generation...
2025-11-07 19:17:14 [INFO] [schema_stats] ✅ Loaded 2 rows from 1 normalized files.
2025-11-07 19:17:14 [INFO] [schema_stats] ✅ Validation rule passed: required_columns_present
2025-11-07 19:17:14 [INFO] [schema_stats] ✅ Validation rule passed: text_not_null
2025-11-07 19:17:14 [INFO] [schema_stats] ✅ Validation rule passed: conf_in_range_0_100
2025-11-07 19:17:14 [INFO] [schema_stats] ✅ Schema & validation results saved: C:\Users\HP\AppData\Local\Temp\pytest-of-HP\pytest-10\test_generate_schema_stats0\schema\expectations.json, C:\Users\HP\AppData\Local\Temp\pytest-of-HP\pytest-10\test_generate_schema_stats0\schema\validation_result.json
2025-11-07 19:20:03 [INFO] [schema_stats] 🚀 Starting schema & validation statistics generation...
2025-11-07 19:20:03 [INFO] [schema_stats] ✅ Loaded 2 rows from 1 normalized files.
2025-11-07 19:20:03 [INFO] [schema_stats] ✅ Validation rule passed: required_columns_present
2025-11-07 19:20:03 [INFO] [schema_stats] ✅ Validation rule passed: text_not_null
2025-11-07 19:20:03 [INFO] [schema_stats] ✅ Validation rule passed: conf_in_range_0_100
2025-11-07 19:20:03 [INFO] [schema_stats] ✅ Schema & validation results saved: C:\Users\HP\AppData\Local\Temp\pytest-of-HP\pytest-11\test_generate_schema_stats0\schema\expectations.json, C:\Users\HP\AppData\Local\Temp\pytest-of-HP\pytest-11\test_generate_schema_stats0\schema\validation_result.json
2025-11-08 10:20:29 [INFO] [schema_stats] 🚀 Starting schema & validation statistics generation...
2025-11-08 10:20:29 [INFO] [schema_stats] ✅ Loaded 5332 rows from 12 normalized files.
2025-11-08 10:20:30 [INFO] [schema_stats] ✅ Validation rule passed: required_columns_present
2025-11-08 10:20:30 [INFO] [schema_stats] ✅ Validation rule passed: text_not_null
2025-11-08 10:20:30 [INFO] [schema_stats] ✅ Validation rule passed: conf_in_range_0_100
2025-11-08 10:20:30 [INFO] [schema_stats] ✅ Schema & validation results saved: /opt/airflow/data/aws_extraction_data/schema/expectations.json, /opt/airflow/data/aws_extraction_data/schema/validation_result.json
2025-11-08 10:21:15 [INFO] [schema_stats] 🚀 Starting schema & validation statistics generation...
2025-11-08 10:21:15 [INFO] [schema_stats] ✅ Loaded 5332 rows from 12 normalized files.
2025-11-08 10:21:15 [INFO] [schema_stats] ✅ Validation rule passed: required_columns_present
2025-11-08 10:21:15 [INFO] [schema_stats] ✅ Validation rule passed: text_not_null
2025-11-08 10:21:15 [INFO] [schema_stats] ✅ Validation rule passed: conf_in_range_0_100
2025-11-08 10:21:15 [INFO] [schema_stats] ✅ Schema & validation results saved: /opt/airflow/data/aws_extraction_data/schema/expectations.json, /opt/airflow/data/aws_extraction_data/schema/validation_result.json
2025-11-08 10:29:43 [INFO] [schema_stats] 🚀 Starting schema & validation statistics generation...
2025-11-08 10:29:43 [INFO] [schema_stats] ✅ Loaded 5332 rows from 12 normalized files.
2025-11-08 10:29:43 [INFO] [schema_stats] ✅ Validation rule passed: required_columns_present
2025-11-08 10:29:43 [INFO] [schema_stats] ✅ Validation rule passed: text_not_null
2025-11-08 10:29:43 [INFO] [schema_stats] ✅ Validation rule passed: conf_in_range_0_100
2025-11-08 10:29:43 [INFO] [schema_stats] ✅ Schema & validation results saved: /opt/airflow/data/aws_extraction_data/schema/expectations.json, /opt/airflow/data/aws_extraction_data/schema/validation_result.json
2025-11-08 10:36:21 [INFO] [schema_stats] 🚀 Starting schema & validation statistics generation...
2025-11-08 10:36:21 [INFO] [schema_stats] ✅ Loaded 5332 rows from 12 normalized files.
2025-11-08 10:36:21 [INFO] [schema_stats] ✅ Validation rule passed: required_columns_present
2025-11-08 10:36:21 [INFO] [schema_stats] ✅ Validation rule passed: text_not_null
2025-11-08 10:36:21 [INFO] [schema_stats] ✅ Validation rule passed: conf_in_range_0_100
2025-11-08 10:36:21 [INFO] [schema_stats] ✅ Schema & validation results saved: /opt/airflow/data/aws_extraction_data/schema/expectations.json, /opt/airflow/data/aws_extraction_data/schema/validation_result.json
2025-11-08 10:45:26 [INFO] [schema_stats] 🚀 Starting schema & validation statistics generation...
2025-11-08 10:45:26 [INFO] [schema_stats] ✅ Loaded 5332 rows from 12 normalized files.
2025-11-08 10:45:26 [INFO] [schema_stats] ✅ Validation rule passed: required_columns_present
2025-11-08 10:45:26 [INFO] [schema_stats] ✅ Validation rule passed: text_not_null
2025-11-08 10:45:26 [INFO] [schema_stats] ✅ Validation rule passed: conf_in_range_0_100
2025-11-08 10:45:26 [INFO] [schema_stats] ✅ Schema & validation results saved: /opt/airflow/data/aws_extraction_data/schema/expectations.json, /opt/airflow/data/aws_extraction_data/schema/validation_result.json
2025-11-08 10:49:35 [INFO] [schema_stats] 🚀 Starting schema & validation statistics generation...
2025-11-08 10:49:36 [INFO] [schema_stats] ✅ Loaded 5332 rows from 12 normalized files.
2025-11-08 10:49:36 [INFO] [schema_stats] ✅ Validation rule passed: required_columns_present
2025-11-08 10:49:36 [INFO] [schema_stats] ✅ Validation rule passed: text_not_null
2025-11-08 10:49:36 [INFO] [schema_stats] ✅ Validation rule passed: conf_in_range_0_100
2025-11-08 10:49:36 [INFO] [schema_stats] ✅ Schema & validation results saved: /opt/airflow/data/aws_extraction_data/schema/expectations.json, /opt/airflow/data/aws_extraction_data/schema/validation_result.json
2025-11-08 11:44:55 [INFO] [schema_stats] 🧭 Logger initialized for stage 'schema_stats' → /opt/project/logs/aws_extraction_logs/schema_stats.log
2025-11-08 11:45:27 [INFO] [schema_stats] 🧭 Logger initialized for stage 'schema_stats' → /opt/project/logs/aws_extraction_logs/schema_stats.log
2025-11-08 11:45:35 [INFO] [schema_stats] 🧭 Logger initialized for stage 'schema_stats' → /opt/project/logs/aws_extraction_logs/schema_stats.log
2025-11-08 11:45:41 [INFO] [schema_stats] 🧭 Logger initialized for stage 'schema_stats' → /opt/project/logs/aws_extraction_logs/schema_stats.log
2025-11-08 11:45:44 [INFO] [schema_stats] 🧭 Logger initialized for stage 'schema_stats' → /opt/project/logs/aws_extraction_logs/schema_stats.log
2025-11-08 11:45:51 [INFO] [schema_stats] 🧭 Logger initialized for stage 'schema_stats' → /opt/project/logs/aws_extraction_logs/schema_stats.log
2025-11-08 11:45:55 [INFO] [schema_stats] 🧭 Logger initialized for stage 'schema_stats' → /opt/project/logs/aws_extraction_logs/schema_stats.log
2025-11-08 11:45:56 [INFO] [schema_stats] 🚀 Starting schema & validation statistics generation...
2025-11-08 11:45:56 [INFO] [schema_stats] ✅ Loaded 5332 rows from 12 normalized files.
2025-11-08 11:45:56 [INFO] [schema_stats] ✅ Validation rule passed: required_columns_present
2025-11-08 11:45:56 [INFO] [schema_stats] ✅ Validation rule passed: text_not_null
2025-11-08 11:45:56 [INFO] [schema_stats] ✅ Validation rule passed: conf_in_range_0_100
2025-11-08 11:45:56 [INFO] [schema_stats] ✅ Schema & validation results saved: /opt/project/data/aws_extraction_data/schema/expectations.json, /opt/project/data/aws_extraction_data/schema/validation_result.json
2025-11-08 11:45:59 [INFO] [schema_stats] 🧭 Logger initialized for stage 'schema_stats' → /opt/project/logs/aws_extraction_logs/schema_stats.log
2025-11-08 11:46:31 [INFO] [schema_stats] 🧭 Logger initialized for stage 'schema_stats' → /opt/project/logs/aws_extraction_logs/schema_stats.log
2025-11-08 11:47:03 [INFO] [schema_stats] 🧭 Logger initialized for stage 'schema_stats' → /opt/project/logs/aws_extraction_logs/schema_stats.log
2025-11-08 11:47:34 [INFO] [schema_stats] 🧭 Logger initialized for stage 'schema_stats' → /opt/project/logs/aws_extraction_logs/schema_stats.log
2025-11-08 11:47:51 [INFO] [schema_stats] 🧭 Logger initialized for stage 'schema_stats' → /opt/project/logs/aws_extraction_logs/schema_stats.log
2025-11-08 11:47:55 [INFO] [schema_stats] 🧭 Logger initialized for stage 'schema_stats' → /opt/project/logs/aws_extraction_logs/schema_stats.log
2025-11-08 11:47:59 [INFO] [schema_stats] 🧭 Logger initialized for stage 'schema_stats' → /opt/project/logs/aws_extraction_logs/schema_stats.log
2025-11-08 11:48:05 [INFO] [schema_stats] 🧭 Logger initialized for stage 'schema_stats' → /opt/project/logs/aws_extraction_logs/schema_stats.log
2025-11-08 11:48:07 [INFO] [schema_stats] 🧭 Logger initialized for stage 'schema_stats' → /opt/project/logs/aws_extraction_logs/schema_stats.log
2025-11-08 11:48:11 [INFO] [schema_stats] 🧭 Logger initialized for stage 'schema_stats' → /opt/project/logs/aws_extraction_logs/schema_stats.log
2025-11-08 11:48:12 [INFO] [schema_stats] 🚀 Starting schema & validation statistics generation...
2025-11-08 11:48:12 [INFO] [schema_stats] ✅ Loaded 5332 rows from 12 normalized files.
2025-11-08 11:48:12 [INFO] [schema_stats] ✅ Validation rule passed: required_columns_present
2025-11-08 11:48:12 [INFO] [schema_stats] ✅ Validation rule passed: text_not_null
2025-11-08 11:48:12 [INFO] [schema_stats] ✅ Validation rule passed: conf_in_range_0_100
2025-11-08 11:48:12 [INFO] [schema_stats] ✅ Schema & validation results saved: /opt/project/data/aws_extraction_data/schema/expectations.json, /opt/project/data/aws_extraction_data/schema/validation_result.json
2025-11-08 11:48:39 [INFO] [schema_stats] 🧭 Logger initialized for stage 'schema_stats' → /opt/project/logs/aws_extraction_logs/schema_stats.log
2025-11-08 11:49:10 [INFO] [schema_stats] 🧭 Logger initialized for stage 'schema_stats' → /opt/project/logs/aws_extraction_logs/schema_stats.log
2025-11-08 11:49:42 [INFO] [schema_stats] 🧭 Logger initialized for stage 'schema_stats' → /opt/project/logs/aws_extraction_logs/schema_stats.log
2025-11-08 11:50:13 [INFO] [schema_stats] 🧭 Logger initialized for stage 'schema_stats' → /opt/project/logs/aws_extraction_logs/schema_stats.log
2025-11-08 11:50:44 [INFO] [schema_stats] 🧭 Logger initialized for stage 'schema_stats' → /opt/project/logs/aws_extraction_logs/schema_stats.log
2025-11-08 11:51:16 [INFO] [schema_stats] 🧭 Logger initialized for stage 'schema_stats' → /opt/project/logs/aws_extraction_logs/schema_stats.log
2025-11-08 11:51:48 [INFO] [schema_stats] 🧭 Logger initialized for stage 'schema_stats' → /opt/project/logs/aws_extraction_logs/schema_stats.log
2025-11-08 11:52:19 [INFO] [schema_stats] 🧭 Logger initialized for stage 'schema_stats' → /opt/project/logs/aws_extraction_logs/schema_stats.log
2025-11-08 11:52:51 [INFO] [schema_stats] 🧭 Logger initialized for stage 'schema_stats' → /opt/project/logs/aws_extraction_logs/schema_stats.log
2025-11-08 11:53:23 [INFO] [schema_stats] 🧭 Logger initialized for stage 'schema_stats' → /opt/project/logs/aws_extraction_logs/schema_stats.log
2025-11-08 12:06:05 [INFO] [schema_stats] 🚀 Starting schema & validation statistics generation...
2025-11-08 12:06:05 [INFO] [schema_stats] ✅ Loaded 5332 rows from 12 normalized files.
2025-11-08 12:06:05 [INFO] [schema_stats] ✅ Validation rule passed: required_columns_present
2025-11-08 12:06:05 [INFO] [schema_stats] ✅ Validation rule passed: text_not_null
2025-11-08 12:06:05 [INFO] [schema_stats] ✅ Validation rule passed: conf_in_range_0_100
2025-11-08 12:06:05 [INFO] [schema_stats] ✅ Schema & validation results saved: /opt/project/data/aws_extraction_data/schema/expectations.json, /opt/project/data/aws_extraction_data/schema/validation_result.json
2025-11-08 12:09:38 [INFO] [schema_stats] 🚀 Starting schema & validation statistics generation...
2025-11-08 12:09:38 [INFO] [schema_stats] ✅ Loaded 5332 rows from 12 normalized files.
2025-11-08 12:09:38 [INFO] [schema_stats] ✅ Validation rule passed: required_columns_present
2025-11-08 12:09:38 [INFO] [schema_stats] ✅ Validation rule passed: text_not_null
2025-11-08 12:09:38 [INFO] [schema_stats] ✅ Validation rule passed: conf_in_range_0_100
2025-11-08 12:09:38 [INFO] [schema_stats] ✅ Schema & validation results saved: /opt/project/data/aws_extraction_data/schema/expectations.json, /opt/project/data/aws_extraction_data/schema/validation_result.json
2025-11-08 12:24:03 [INFO] [schema_stats] 🚀 Starting schema & validation statistics generation...
2025-11-08 12:24:04 [INFO] [schema_stats] ✅ Loaded 5332 rows from 12 normalized files.
2025-11-08 12:24:04 [INFO] [schema_stats] ✅ Validation rule passed: required_columns_present
2025-11-08 12:24:04 [INFO] [schema_stats] ✅ Validation rule passed: text_not_null
2025-11-08 12:24:04 [INFO] [schema_stats] ✅ Validation rule passed: conf_in_range_0_100
2025-11-08 12:24:04 [INFO] [schema_stats] ✅ Schema & validation results saved: /opt/project/data/aws_extraction_data/schema/expectations.json, /opt/project/data/aws_extraction_data/schema/validation_result.json
2025-11-08 14:25:53 [INFO] [schema_stats] 🚀 Starting schema & validation statistics generation...
2025-11-08 14:25:54 [INFO] [schema_stats] ✅ Loaded 5332 rows from 12 normalized files.
2025-11-08 14:25:54 [INFO] [schema_stats] ✅ Validation rule passed: required_columns_present
2025-11-08 14:25:54 [INFO] [schema_stats] ✅ Validation rule passed: text_not_null
2025-11-08 14:25:54 [INFO] [schema_stats] ✅ Validation rule passed: conf_in_range_0_100
2025-11-08 14:25:54 [INFO] [schema_stats] ✅ Schema & validation results saved: C:\Users\HP\OneDrive\Desktop\doc-understand\data\aws_extraction_data\schema\expectations.json, C:\Users\HP\OneDrive\Desktop\doc-understand\data\aws_extraction_data\schema\validation_result.json
2025-11-08 14:28:16 [INFO] [schema_stats] 🚀 Starting schema & validation statistics generation...
2025-11-08 14:28:16 [INFO] [schema_stats] ✅ Loaded 5332 rows from 12 normalized files.
2025-11-08 14:28:17 [INFO] [schema_stats] ✅ Validation rule passed: required_columns_present
2025-11-08 14:28:17 [INFO] [schema_stats] ✅ Validation rule passed: text_not_null
2025-11-08 14:28:17 [INFO] [schema_stats] ✅ Validation rule passed: conf_in_range_0_100
2025-11-08 14:28:17 [INFO] [schema_stats] ✅ Schema & validation results saved: /opt/project/data/aws_extraction_data/schema/expectations.json, /opt/project/data/aws_extraction_data/schema/validation_result.json
