2025-12-07 19:16:59 [INFO] [segment_text] [GCS] Listing raw Textract JSONs in bucket 'doc-understand-gcs-bucket' under prefix 'data/aws_extraction_data/raw/'
2025-12-07 19:17:01 [INFO] [segment_text] [GCS] Found 1 raw JSON files.
2025-12-07 19:17:02 [INFO] [segment_text] Processing file: C:\Users\HP\OneDrive\Desktop\doc-understand\data\aws_extraction_data\raw\Personal-Loan-Agreement_raw.json
2025-12-07 19:17:02 [INFO] [segment_text] Total blocks found: 1134
2025-12-07 19:17:02 [INFO] [segment_text] Segmented output saved: C:\Users\HP\OneDrive\Desktop\doc-understand\data\aws_extraction_data\segmented\Personal-Loan-Agreement_segmented.json (Lines: 132)
2025-12-07 19:17:03 [INFO] [segment_text] Completed segmentation for 1 files.
2025-12-07 19:30:26 [INFO] [segment_text] Processing file: C:\Users\HP\OneDrive\Desktop\doc-understand\data\local_pipeline\sessions\session_36933cfa\raw\Generative Project_raw.json
2025-12-07 19:30:26 [INFO] [segment_text] Total blocks found: 829
2025-12-07 19:30:27 [INFO] [segment_text] Segmented output saved: C:\Users\HP\OneDrive\Desktop\doc-understand\data\local_pipeline\sessions\session_36933cfa\segmented\Generative Project_segmented.json (Lines: 172)
2025-12-07 19:40:24 [INFO] [segment_text] Processing file: C:\Users\HP\OneDrive\Desktop\doc-understand\data\local_pipeline\sessions\session_0d83116e\raw\Generative Project_raw.json
2025-12-07 19:40:24 [INFO] [segment_text] Total blocks found: 829
2025-12-07 19:40:24 [INFO] [segment_text] Segmented output saved: C:\Users\HP\OneDrive\Desktop\doc-understand\data\local_pipeline\sessions\session_0d83116e\segmented\Generative Project_segmented.json (Lines: 172)
2025-12-07 19:52:58 [INFO] [segment_text] Processing file: C:\Users\HP\OneDrive\Desktop\doc-understand\data\local_pipeline\sessions\session_bca9630e\raw\Generative Project_raw.json
2025-12-07 19:52:58 [INFO] [segment_text] Total blocks found: 829
2025-12-07 19:52:58 [INFO] [segment_text] Segmented output saved: C:\Users\HP\OneDrive\Desktop\doc-understand\data\local_pipeline\sessions\session_bca9630e\segmented\Generative Project_segmented.json (Lines: 172)
2025-12-07 20:38:49 [INFO] [segment_text] Processing file: C:\Users\HP\OneDrive\Desktop\doc-understand\data\local_pipeline\sessions\session_b8a2e70e\raw\Generative Project_raw.json
2025-12-07 20:38:49 [INFO] [segment_text] Total blocks found: 829
2025-12-07 20:38:49 [INFO] [segment_text] Segmented output saved: C:\Users\HP\OneDrive\Desktop\doc-understand\data\local_pipeline\sessions\session_b8a2e70e\segmented\Generative Project_segmented.json (Lines: 172)
2025-12-07 20:50:40 [INFO] [segment_text] Processing file: C:\Users\HP\OneDrive\Desktop\doc-understand\data\local_pipeline\sessions\session_35b32cca\raw\tmpn2amssce_raw.json
2025-12-07 20:50:40 [INFO] [segment_text] Total blocks found: 1353
2025-12-07 20:50:41 [INFO] [segment_text] Segmented output saved: C:\Users\HP\OneDrive\Desktop\doc-understand\data\local_pipeline\sessions\session_35b32cca\segmented\tmpn2amssce_segmented.json (Lines: 140)
2025-12-08 11:32:55 [INFO] [segment_text] Processing file: C:\Users\HP\OneDrive\Desktop\doc-understand\data\local_pipeline\sessions\session_3b4a3ed9\raw\tmp6azetfmz_raw.json
2025-12-08 11:32:55 [INFO] [segment_text] Total blocks found: 1134
2025-12-08 11:32:55 [INFO] [segment_text] Segmented output saved: C:\Users\HP\OneDrive\Desktop\doc-understand\data\local_pipeline\sessions\session_3b4a3ed9\segmented\tmp6azetfmz_segmented.json (Lines: 132)
2025-12-08 11:56:10 [INFO] [segment_text] Processing file: C:\Users\HP\OneDrive\Desktop\doc-understand\data\local_pipeline\sessions\session_ffd62eb9\raw\tmprz7sq8ft_raw.json
2025-12-08 11:56:10 [INFO] [segment_text] Total blocks found: 1134
2025-12-08 11:56:10 [INFO] [segment_text] Segmented output saved: C:\Users\HP\OneDrive\Desktop\doc-understand\data\local_pipeline\sessions\session_ffd62eb9\segmented\tmprz7sq8ft_segmented.json (Lines: 132)
