2025-12-07 19:28:35 [INFO] [sync_gcs_to_s3] Starting GCS→S3 sync: bucket=doc-understand-gcs-bucket, gcs_prefix='data/user_uploads/', s3_prefix='user_uploads/'
2025-12-07 19:28:37 [INFO] [sync_gcs_to_s3] Finished GCS→S3 sync for prefix 'data/user_uploads/'. Files copied: 0
2025-12-07 19:30:12 [INFO] [sync_gcs_to_s3] Starting GCS→S3 sync: bucket=doc-understand-gcs-bucket, gcs_prefix='data/user_uploads/', s3_prefix='user_uploads/'
2025-12-07 19:30:14 [INFO] [sync_gcs_to_s3] Syncing gs://doc-understand-gcs-bucket/data/user_uploads/Generative Project.pdf -> s3://textract-bucket-yash07/user_uploads/Generative Project.pdf
2025-12-07 19:30:15 [INFO] [sync_gcs_to_s3] Finished GCS→S3 sync for prefix 'data/user_uploads/'. Files copied: 1
2025-12-07 19:39:44 [INFO] [sync_gcs_to_s3] Starting GCS→S3 sync: bucket=doc-understand-gcs-bucket, gcs_prefix='data/user_uploads/', s3_prefix='user_uploads/'
2025-12-07 19:39:47 [INFO] [sync_gcs_to_s3] Syncing gs://doc-understand-gcs-bucket/data/user_uploads/Generative Project.pdf -> s3://textract-bucket-yash07/user_uploads/Generative Project.pdf
2025-12-07 19:39:48 [INFO] [sync_gcs_to_s3] Finished GCS→S3 sync for prefix 'data/user_uploads/'. Files copied: 1
2025-12-07 19:52:31 [INFO] [sync_gcs_to_s3] Starting GCS→S3 sync: bucket=doc-understand-gcs-bucket, gcs_prefix='data/user_uploads/', s3_prefix='user_uploads/'
2025-12-07 19:52:36 [INFO] [sync_gcs_to_s3] Syncing gs://doc-understand-gcs-bucket/data/user_uploads/Generative Project.pdf -> s3://textract-bucket-yash07/user_uploads/Generative Project.pdf
2025-12-07 19:52:38 [INFO] [sync_gcs_to_s3] Finished GCS→S3 sync for prefix 'data/user_uploads/'. Files copied: 1
2025-12-07 20:31:32 [INFO] [sync_gcs_to_s3] Starting GCS→S3 sync: bucket=doc-understand-gcs-bucket, gcs_prefix='data/user_uploads/', s3_prefix='user_uploads/'
2025-12-07 20:31:36 [INFO] [sync_gcs_to_s3] Syncing gs://doc-understand-gcs-bucket/data/user_uploads/Generative Project.pdf -> s3://textract-bucket-yash07/user_uploads/Generative Project.pdf
2025-12-07 20:31:42 [INFO] [sync_gcs_to_s3] Finished GCS→S3 sync for prefix 'data/user_uploads/'. Files copied: 1
2025-12-07 20:31:42 [INFO] [sync_gcs_to_s3] Starting GCS→S3 sync: bucket=doc-understand-gcs-bucket, gcs_prefix='data/user_uploads/', s3_prefix='user_uploads/'
2025-12-07 20:31:46 [INFO] [sync_gcs_to_s3] Syncing gs://doc-understand-gcs-bucket/data/user_uploads/Generative Project.pdf -> s3://textract-bucket-yash07/user_uploads/Generative Project.pdf
2025-12-07 20:31:48 [INFO] [sync_gcs_to_s3] Finished GCS→S3 sync for prefix 'data/user_uploads/'. Files copied: 1
2025-12-07 20:37:18 [INFO] [sync_gcs_to_s3] Starting GCS→S3 sync: bucket=doc-understand-gcs-bucket, gcs_prefix='data/user_uploads/', s3_prefix='user_uploads/'
2025-12-07 20:37:20 [INFO] [sync_gcs_to_s3] Syncing gs://doc-understand-gcs-bucket/data/user_uploads/Generative Project.pdf -> s3://textract-bucket-yash07/user_uploads/Generative Project.pdf
2025-12-07 20:37:21 [INFO] [sync_gcs_to_s3] Finished GCS→S3 sync for prefix 'data/user_uploads/'. Files copied: 1
2025-12-07 20:37:22 [INFO] [sync_gcs_to_s3] Starting GCS→S3 sync: bucket=doc-understand-gcs-bucket, gcs_prefix='data/user_uploads/', s3_prefix='user_uploads/'
2025-12-07 20:37:23 [INFO] [sync_gcs_to_s3] Syncing gs://doc-understand-gcs-bucket/data/user_uploads/Generative Project.pdf -> s3://textract-bucket-yash07/user_uploads/Generative Project.pdf
2025-12-07 20:37:24 [INFO] [sync_gcs_to_s3] Finished GCS→S3 sync for prefix 'data/user_uploads/'. Files copied: 1
2025-12-07 20:38:37 [INFO] [sync_gcs_to_s3] Starting GCS→S3 sync: bucket=doc-understand-gcs-bucket, gcs_prefix='data/user_uploads/', s3_prefix='user_uploads/'
2025-12-07 20:38:38 [INFO] [sync_gcs_to_s3] Syncing gs://doc-understand-gcs-bucket/data/user_uploads/Generative Project.pdf -> s3://textract-bucket-yash07/user_uploads/Generative Project.pdf
2025-12-07 20:38:39 [INFO] [sync_gcs_to_s3] Finished GCS→S3 sync for prefix 'data/user_uploads/'. Files copied: 1
2025-12-07 20:44:59 [INFO] [sync_gcs_to_s3] Starting GCS→S3 sync: bucket=doc-understand-gcs-bucket, gcs_prefix='data/user_uploads/', s3_prefix='user_uploads/'
2025-12-07 20:45:01 [INFO] [sync_gcs_to_s3] Syncing gs://doc-understand-gcs-bucket/data/user_uploads/Generative Project.pdf -> s3://textract-bucket-yash07/user_uploads/Generative Project.pdf
2025-12-07 20:45:03 [INFO] [sync_gcs_to_s3] Finished GCS→S3 sync for prefix 'data/user_uploads/'. Files copied: 1
2025-12-07 20:45:03 [INFO] [sync_gcs_to_s3] Starting GCS→S3 sync: bucket=doc-understand-gcs-bucket, gcs_prefix='data/user_uploads/', s3_prefix='user_uploads/'
2025-12-07 20:45:05 [INFO] [sync_gcs_to_s3] Syncing gs://doc-understand-gcs-bucket/data/user_uploads/Generative Project.pdf -> s3://textract-bucket-yash07/user_uploads/Generative Project.pdf
2025-12-07 20:45:06 [INFO] [sync_gcs_to_s3] Finished GCS→S3 sync for prefix 'data/user_uploads/'. Files copied: 1
2025-12-07 20:50:22 [INFO] [sync_gcs_to_s3] Starting GCS→S3 sync: bucket=doc-understand-gcs-bucket, gcs_prefix='data/user_uploads/', s3_prefix='user_uploads/'
2025-12-07 20:50:24 [INFO] [sync_gcs_to_s3] Syncing gs://doc-understand-gcs-bucket/data/user_uploads/Generative Project.pdf -> s3://textract-bucket-yash07/user_uploads/Generative Project.pdf
2025-12-07 20:50:25 [INFO] [sync_gcs_to_s3] Syncing gs://doc-understand-gcs-bucket/data/user_uploads/tmpn2amssce.pdf -> s3://textract-bucket-yash07/user_uploads/tmpn2amssce.pdf
2025-12-07 20:50:25 [INFO] [sync_gcs_to_s3] Finished GCS→S3 sync for prefix 'data/user_uploads/'. Files copied: 2
2025-12-07 20:50:25 [INFO] [sync_gcs_to_s3] Starting GCS→S3 sync: bucket=doc-understand-gcs-bucket, gcs_prefix='data/user_uploads/', s3_prefix='user_uploads/'
2025-12-07 20:50:27 [INFO] [sync_gcs_to_s3] Syncing gs://doc-understand-gcs-bucket/data/user_uploads/Generative Project.pdf -> s3://textract-bucket-yash07/user_uploads/Generative Project.pdf
2025-12-07 20:50:28 [INFO] [sync_gcs_to_s3] Syncing gs://doc-understand-gcs-bucket/data/user_uploads/tmpn2amssce.pdf -> s3://textract-bucket-yash07/user_uploads/tmpn2amssce.pdf
2025-12-07 20:50:29 [INFO] [sync_gcs_to_s3] Finished GCS→S3 sync for prefix 'data/user_uploads/'. Files copied: 2
2025-12-08 11:32:27 [INFO] [sync_gcs_to_s3] Starting GCS→S3 sync: bucket=doc-understand-gcs-bucket, gcs_prefix='data/user_uploads/', s3_prefix='user_uploads/'
2025-12-08 11:32:29 [INFO] [sync_gcs_to_s3] Syncing gs://doc-understand-gcs-bucket/data/user_uploads/Generative Project.pdf -> s3://textract-bucket-yash07/user_uploads/Generative Project.pdf
2025-12-08 11:32:30 [INFO] [sync_gcs_to_s3] Syncing gs://doc-understand-gcs-bucket/data/user_uploads/tmp6azetfmz.pdf -> s3://textract-bucket-yash07/user_uploads/tmp6azetfmz.pdf
2025-12-08 11:32:31 [INFO] [sync_gcs_to_s3] Syncing gs://doc-understand-gcs-bucket/data/user_uploads/tmpn2amssce.pdf -> s3://textract-bucket-yash07/user_uploads/tmpn2amssce.pdf
2025-12-08 11:32:31 [INFO] [sync_gcs_to_s3] Finished GCS→S3 sync for prefix 'data/user_uploads/'. Files copied: 3
2025-12-08 11:32:31 [INFO] [sync_gcs_to_s3] Starting GCS→S3 sync: bucket=doc-understand-gcs-bucket, gcs_prefix='data/user_uploads/', s3_prefix='user_uploads/'
2025-12-08 11:32:33 [INFO] [sync_gcs_to_s3] Syncing gs://doc-understand-gcs-bucket/data/user_uploads/Generative Project.pdf -> s3://textract-bucket-yash07/user_uploads/Generative Project.pdf
2025-12-08 11:32:34 [INFO] [sync_gcs_to_s3] Syncing gs://doc-understand-gcs-bucket/data/user_uploads/tmp6azetfmz.pdf -> s3://textract-bucket-yash07/user_uploads/tmp6azetfmz.pdf
2025-12-08 11:32:35 [INFO] [sync_gcs_to_s3] Syncing gs://doc-understand-gcs-bucket/data/user_uploads/tmpn2amssce.pdf -> s3://textract-bucket-yash07/user_uploads/tmpn2amssce.pdf
2025-12-08 11:32:35 [INFO] [sync_gcs_to_s3] Finished GCS→S3 sync for prefix 'data/user_uploads/'. Files copied: 3
2025-12-08 11:55:43 [INFO] [sync_gcs_to_s3] Starting GCS→S3 sync: bucket=doc-understand-gcs-bucket-ash, gcs_prefix='data/user_uploads/', s3_prefix='user_uploads/'
2025-12-08 11:55:45 [INFO] [sync_gcs_to_s3] Syncing gs://doc-understand-gcs-bucket-ash/data/user_uploads/tmprz7sq8ft.pdf -> s3://textract-bucket-yash07/user_uploads/tmprz7sq8ft.pdf
2025-12-08 11:55:46 [INFO] [sync_gcs_to_s3] Finished GCS→S3 sync for prefix 'data/user_uploads/'. Files copied: 1
2025-12-08 11:55:46 [INFO] [sync_gcs_to_s3] Starting GCS→S3 sync: bucket=doc-understand-gcs-bucket-ash, gcs_prefix='data/user_uploads/', s3_prefix='user_uploads/'
2025-12-08 11:55:48 [INFO] [sync_gcs_to_s3] Syncing gs://doc-understand-gcs-bucket-ash/data/user_uploads/tmprz7sq8ft.pdf -> s3://textract-bucket-yash07/user_uploads/tmprz7sq8ft.pdf
2025-12-08 11:55:49 [INFO] [sync_gcs_to_s3] Finished GCS→S3 sync for prefix 'data/user_uploads/'. Files copied: 1
