[2025-11-07T20:46:34.133+0000] {local_task_job_runner.py:120} INFO - ::group::Pre task execution logs
[2025-11-07T20:46:34.139+0000] {taskinstance.py:2076} INFO - Dependencies all met for dep_context=non-requeueable deps ti=<TaskInstance: loan_doc_pipeline_dag.update_vector_index vector_fix_final [queued]>
[2025-11-07T20:46:34.142+0000] {taskinstance.py:2076} INFO - Dependencies all met for dep_context=requeueable deps ti=<TaskInstance: loan_doc_pipeline_dag.update_vector_index vector_fix_final [queued]>
[2025-11-07T20:46:34.142+0000] {taskinstance.py:2306} INFO - Starting attempt 1 of 2
[2025-11-07T20:46:34.146+0000] {taskinstance.py:2330} INFO - Executing <Task(PythonOperator): update_vector_index> on 2025-11-07 20:46:23+00:00
[2025-11-07T20:46:34.152+0000] {standard_task_runner.py:63} INFO - Started process 187 to run task
[2025-11-07T20:46:34.154+0000] {standard_task_runner.py:90} INFO - Running: ['***', 'tasks', 'run', 'loan_doc_pipeline_dag', 'update_vector_index', 'vector_fix_final', '--job-id', '5', '--raw', '--subdir', 'DAGS_FOLDER/loan_doc_pipeline_dag.py', '--cfg-path', '/tmp/tmpb9oh9d5d']
[2025-11-07T20:46:34.155+0000] {standard_task_runner.py:91} INFO - Job 5: Subtask update_vector_index
[2025-11-07T20:46:34.176+0000] {task_command.py:426} INFO - Running <TaskInstance: loan_doc_pipeline_dag.update_vector_index vector_fix_final [running]> on host 6a56aebf7a82
[2025-11-07T20:46:34.208+0000] {taskinstance.py:2648} INFO - Exporting env vars: AIRFLOW_CTX_DAG_OWNER='kousik' AIRFLOW_CTX_DAG_ID='loan_doc_pipeline_dag' AIRFLOW_CTX_TASK_ID='update_vector_index' AIRFLOW_CTX_EXECUTION_DATE='2025-11-07T20:46:23+00:00' AIRFLOW_CTX_TRY_NUMBER='1' AIRFLOW_CTX_DAG_RUN_ID='vector_fix_final'
[2025-11-07T20:46:34.209+0000] {taskinstance.py:430} INFO - ::endgroup::
[2025-11-07T20:46:34.219+0000] {logging_mixin.py:188} WARNING - 2025-11-07 20:46:34 | index_task | INFO | 🧩 Logger initialized for DAG → /opt/***/logs/dag_logs/dag_20251107_204634.log
[2025-11-07T20:46:34.218+0000] {config.py:104} INFO - 🧩 Logger initialized for DAG → /opt/***/logs/dag_logs/dag_20251107_204634.log
[2025-11-07T20:46:34.220+0000] {logging_mixin.py:188} WARNING - 2025-11-07 20:46:34 | index_anomaly | INFO | 🧩 Logger initialized for ANOMALY → /opt/***/logs/anomaly_logs/anomaly_20251107_204634.log
[2025-11-07T20:46:34.219+0000] {config.py:104} INFO - 🧩 Logger initialized for ANOMALY → /opt/***/logs/anomaly_logs/anomaly_20251107_204634.log
[2025-11-07T20:46:34.220+0000] {logging_mixin.py:188} WARNING - 2025-11-07 20:46:34 | index_task | INFO | 🔗 Starting vector index update...
[2025-11-07T20:46:34.220+0000] {loan_doc_pipeline_dag.py:110} INFO - 🔗 Starting vector index update...
[2025-11-07T20:46:34.226+0000] {log.py:232} WARNING - 2025-11-07 20:46:34 | scripts.LLMquery.build_index | INFO | 🧠 Adding /opt/***/data/clean_texts/Model_pipeline_20251107_204629.txt to existing index...
[2025-11-07T20:46:34.226+0000] {build_index.py:55} INFO - 🧠 Adding /opt/***/data/clean_texts/Model_pipeline_20251107_204629.txt to existing index...
[2025-11-07T20:46:34.228+0000] {SentenceTransformer.py:107} INFO - Load pretrained SentenceTransformer: sentence-transformers/all-MiniLM-L6-v2
[2025-11-07T20:46:34.925+0000] {SentenceTransformer.py:213} INFO - Use pytorch device_name: cpu
[2025-11-07T20:52:57.459+0000] {local_task_job_runner.py:124} ERROR - Received SIGTERM. Terminating subprocesses
[2025-11-07T20:52:57.495+0000] {process_utils.py:132} INFO - Sending 15 to group 187. PIDs of all processes in the group: [187]
[2025-11-07T20:52:57.504+0000] {process_utils.py:87} INFO - Sending the signal 15 to group 187
