2025-11-07 21:40:50 | index_task | INFO | 🧩 Logger initialized for DAG → /opt/airflow/logs/dag_logs/dag_20251107_214050.log
2025-11-07 21:40:50 | index_task | INFO | 🔗 Starting vector index update...
2025-11-07 21:40:51 | index_task | ERROR | ❌ Failed to index /opt/airflow/data/clean_texts/Model_pipeline_20251107_214045.txt: [91mYou are using a deprecated configuration of Chroma.

[94mIf you do not have data you wish to migrate, you only need to change how you construct
your Chroma client. Please see the "New Clients" section of https://docs.trychroma.com/deployment/migration.
________________________________________________________________________________________________

If you do have data you wish to migrate, we have a migration tool you can use in order to
migrate your data to the new Chroma architecture.
Please `pip install chroma-migrate` and run `chroma-migrate` to migrate your data and then
change how you construct your Chroma client.

See https://docs.trychroma.com/deployment/migration for more information or join our discord at https://discord.gg/MMeYNTmh3x for help![0m
Traceback (most recent call last):
  File "/opt/airflow/dags/loan_doc_pipeline_dag.py", line 118, in index_task
    add_to_index(f)
  File "/opt/airflow/scripts/LLMquery/build_index.py", line 87, in add_to_index
    raise e
  File "/opt/airflow/scripts/LLMquery/build_index.py", line 65, in add_to_index
    db = Chroma(persist_directory=INDEX_PATH, embedding_function=embeddings)
  File "/home/airflow/.local/lib/python3.10/site-packages/langchain_chroma/vectorstores.py", line 367, in __init__
    self._client = chromadb.PersistentClient(
  File "/home/airflow/.local/lib/python3.10/site-packages/chromadb/__init__.py", line 213, in PersistentClient
    return ClientCreator(tenant=tenant, database=database, settings=settings)
  File "/home/airflow/.local/lib/python3.10/site-packages/chromadb/api/client.py", line 66, in __init__
    super().__init__(settings=settings)
  File "/home/airflow/.local/lib/python3.10/site-packages/chromadb/api/shared_system_client.py", line 19, in __init__
    SharedSystemClient._create_system_if_not_exists(self._identifier, settings)
  File "/home/airflow/.local/lib/python3.10/site-packages/chromadb/api/shared_system_client.py", line 26, in _create_system_if_not_exists
    new_system = System(settings)
  File "/home/airflow/.local/lib/python3.10/site-packages/chromadb/config.py", line 385, in __init__
    if settings[key] is not None:
  File "/home/airflow/.local/lib/python3.10/site-packages/chromadb/config.py", line 319, in __getitem__
    raise ValueError(LEGACY_ERROR)
ValueError: [91mYou are using a deprecated configuration of Chroma.

[94mIf you do not have data you wish to migrate, you only need to change how you construct
your Chroma client. Please see the "New Clients" section of https://docs.trychroma.com/deployment/migration.
________________________________________________________________________________________________

If you do have data you wish to migrate, we have a migration tool you can use in order to
migrate your data to the new Chroma architecture.
Please `pip install chroma-migrate` and run `chroma-migrate` to migrate your data and then
change how you construct your Chroma client.

See https://docs.trychroma.com/deployment/migration for more information or join our discord at https://discord.gg/MMeYNTmh3x for help![0m
2025-11-07 21:40:52 | index_task | ERROR | ❌ Failed to index /opt/airflow/data/clean_texts/loan_demo2_20251107_214045.txt: [91mYou are using a deprecated configuration of Chroma.

[94mIf you do not have data you wish to migrate, you only need to change how you construct
your Chroma client. Please see the "New Clients" section of https://docs.trychroma.com/deployment/migration.
________________________________________________________________________________________________

If you do have data you wish to migrate, we have a migration tool you can use in order to
migrate your data to the new Chroma architecture.
Please `pip install chroma-migrate` and run `chroma-migrate` to migrate your data and then
change how you construct your Chroma client.

See https://docs.trychroma.com/deployment/migration for more information or join our discord at https://discord.gg/MMeYNTmh3x for help![0m
Traceback (most recent call last):
  File "/opt/airflow/dags/loan_doc_pipeline_dag.py", line 118, in index_task
    add_to_index(f)
  File "/opt/airflow/scripts/LLMquery/build_index.py", line 87, in add_to_index
    raise e
  File "/opt/airflow/scripts/LLMquery/build_index.py", line 65, in add_to_index
    db = Chroma(persist_directory=INDEX_PATH, embedding_function=embeddings)
  File "/home/airflow/.local/lib/python3.10/site-packages/langchain_chroma/vectorstores.py", line 367, in __init__
    self._client = chromadb.PersistentClient(
  File "/home/airflow/.local/lib/python3.10/site-packages/chromadb/__init__.py", line 213, in PersistentClient
    return ClientCreator(tenant=tenant, database=database, settings=settings)
  File "/home/airflow/.local/lib/python3.10/site-packages/chromadb/api/client.py", line 66, in __init__
    super().__init__(settings=settings)
  File "/home/airflow/.local/lib/python3.10/site-packages/chromadb/api/shared_system_client.py", line 19, in __init__
    SharedSystemClient._create_system_if_not_exists(self._identifier, settings)
  File "/home/airflow/.local/lib/python3.10/site-packages/chromadb/api/shared_system_client.py", line 26, in _create_system_if_not_exists
    new_system = System(settings)
  File "/home/airflow/.local/lib/python3.10/site-packages/chromadb/config.py", line 385, in __init__
    if settings[key] is not None:
  File "/home/airflow/.local/lib/python3.10/site-packages/chromadb/config.py", line 319, in __getitem__
    raise ValueError(LEGACY_ERROR)
ValueError: [91mYou are using a deprecated configuration of Chroma.

[94mIf you do not have data you wish to migrate, you only need to change how you construct
your Chroma client. Please see the "New Clients" section of https://docs.trychroma.com/deployment/migration.
________________________________________________________________________________________________

If you do have data you wish to migrate, we have a migration tool you can use in order to
migrate your data to the new Chroma architecture.
Please `pip install chroma-migrate` and run `chroma-migrate` to migrate your data and then
change how you construct your Chroma client.

See https://docs.trychroma.com/deployment/migration for more information or join our discord at https://discord.gg/MMeYNTmh3x for help![0m
2025-11-07 21:40:52 | index_task | INFO | 📊 Vector Index Summary → Updated: 0
