[2025-11-08T12:09:32.814-0500] {local_task_job_runner.py:120} INFO - ::group::Pre task execution logs
[2025-11-08T12:09:33.017-0500] {taskinstance.py:2076} INFO - Dependencies all met for dep_context=non-requeueable deps ti=<TaskInstance: ocr_pipeline_dag.normalize_segmented_json manual__2025-11-08T17:09:12.448405+00:00 [queued]>
[2025-11-08T12:09:33.037-0500] {taskinstance.py:2076} INFO - Dependencies all met for dep_context=requeueable deps ti=<TaskInstance: ocr_pipeline_dag.normalize_segmented_json manual__2025-11-08T17:09:12.448405+00:00 [queued]>
[2025-11-08T12:09:33.038-0500] {taskinstance.py:2306} INFO - Starting attempt 1 of 2
[2025-11-08T12:09:33.081-0500] {taskinstance.py:2330} INFO - Executing <Task(PythonOperator): normalize_segmented_json> on 2025-11-08 17:09:12.448405+00:00
[2025-11-08T12:09:33.097-0500] {standard_task_runner.py:90} INFO - Running: ['***', 'tasks', 'run', 'ocr_pipeline_dag', 'normalize_segmented_json', 'manual__2025-11-08T17:09:12.448405+00:00', '--job-id', '10', '--raw', '--subdir', 'DAGS_FOLDER/ocr_pipeline_dag.py', '--cfg-path', '/tmp/tmpkxrlbfqn']
[2025-11-08T12:09:33.110-0500] {standard_task_runner.py:91} INFO - Job 10: Subtask normalize_segmented_json
[2025-11-08T12:09:33.116-0500] {logging_mixin.py:188} WARNING - /home/***/.local/lib/python3.12/site-packages/***/task/task_runner/standard_task_runner.py:62 DeprecationWarning: This process (pid=262) is multi-threaded, use of fork() may lead to deadlocks in the child.
[2025-11-08T12:09:33.118-0500] {standard_task_runner.py:64} INFO - Started process 264 to run task
[2025-11-08T12:09:33.198-0500] {task_command.py:426} INFO - Running <TaskInstance: ocr_pipeline_dag.normalize_segmented_json manual__2025-11-08T17:09:12.448405+00:00 [running]> on host 12c4794374da
[2025-11-08T12:09:33.384-0500] {taskinstance.py:2648} INFO - Exporting env vars: AIRFLOW_CTX_DAG_OWNER='intellidoc_team' AIRFLOW_CTX_DAG_ID='ocr_pipeline_dag' AIRFLOW_CTX_TASK_ID='normalize_segmented_json' AIRFLOW_CTX_EXECUTION_DATE='2025-11-08T17:09:12.448405+00:00' AIRFLOW_CTX_TRY_NUMBER='1' AIRFLOW_CTX_DAG_RUN_ID='manual__2025-11-08T17:09:12.448405+00:00'
[2025-11-08T12:09:33.387-0500] {taskinstance.py:430} INFO - ::endgroup::
[2025-11-08T12:09:33.448-0500] {tracker.py:72} INFO - 🧾 Recorded task 'run_normalization_all' as STARTED
[2025-11-08T12:09:33.469-0500] {logging_mixin.py:188} WARNING - Normalizing segmented JSONs:   0%|          | 0/12 [00:00<?, ?it/s]
[2025-11-08T12:09:33.505-0500] {tracker.py:72} INFO - 🧾 Recorded task 'normalize_dummy_segmented' as STARTED
[2025-11-08T12:09:33.526-0500] {normalize_text.py:99} INFO - ✅ Normalized file saved: /opt/project/data/aws_extraction_data/normalized/dummy_normalized.json (Lines: 1)
[2025-11-08T12:09:33.559-0500] {tracker.py:72} INFO - 🧾 Recorded task 'normalize_dummy_segmented' as SUCCESS
[2025-11-08T12:09:33.601-0500] {tracker.py:72} INFO - 🧾 Recorded task 'normalize_empty_segmented' as STARTED
[2025-11-08T12:09:33.621-0500] {normalize_text.py:99} INFO - ✅ Normalized file saved: /opt/project/data/aws_extraction_data/normalized/empty_normalized.json (Lines: 0)
[2025-11-08T12:09:33.653-0500] {tracker.py:72} INFO - 🧾 Recorded task 'normalize_empty_segmented' as SUCCESS
[2025-11-08T12:09:33.655-0500] {logging_mixin.py:188} WARNING - Normalizing segmented JSONs:  17%|#6        | 2/12 [00:00<00:00, 10.80it/s]
[2025-11-08T12:09:33.696-0500] {tracker.py:72} INFO - 🧾 Recorded task 'normalize_form_centre_showcase_personal_loan_form_segmented' as STARTED
[2025-11-08T12:09:33.774-0500] {normalize_text.py:99} INFO - ✅ Normalized file saved: /opt/project/data/aws_extraction_data/normalized/form_centre_showcase_personal_loan_form_normalized.json (Lines: 568)
[2025-11-08T12:09:33.810-0500] {tracker.py:72} INFO - 🧾 Recorded task 'normalize_form_centre_showcase_personal_loan_form_segmented' as SUCCESS
[2025-11-08T12:09:33.852-0500] {tracker.py:72} INFO - 🧾 Recorded task 'normalize_gss-term-loan-agreement-ccd-5_segmented' as STARTED
[2025-11-08T12:09:33.985-0500] {normalize_text.py:99} INFO - ✅ Normalized file saved: /opt/project/data/aws_extraction_data/normalized/gss-term-loan-agreement-ccd-5_normalized.json (Lines: 1164)
[2025-11-08T12:09:34.021-0500] {tracker.py:72} INFO - 🧾 Recorded task 'normalize_gss-term-loan-agreement-ccd-5_segmented' as SUCCESS
[2025-11-08T12:09:34.024-0500] {logging_mixin.py:188} WARNING - Normalizing segmented JSONs:  33%|###3      | 4/12 [00:00<00:01,  6.82it/s]
[2025-11-08T12:09:34.062-0500] {tracker.py:72} INFO - 🧾 Recorded task 'normalize_home_loan_001_segmented' as STARTED
[2025-11-08T12:09:34.083-0500] {normalize_text.py:99} INFO - ✅ Normalized file saved: /opt/project/data/aws_extraction_data/normalized/home_loan_001_normalized.json (Lines: 12)
[2025-11-08T12:09:34.116-0500] {tracker.py:72} INFO - 🧾 Recorded task 'normalize_home_loan_001_segmented' as SUCCESS
[2025-11-08T12:09:34.173-0500] {tracker.py:72} INFO - 🧾 Recorded task 'normalize_loan1_segmented' as STARTED
[2025-11-08T12:09:34.258-0500] {normalize_text.py:99} INFO - ✅ Normalized file saved: /opt/project/data/aws_extraction_data/normalized/loan1_normalized.json (Lines: 508)
[2025-11-08T12:09:34.298-0500] {tracker.py:72} INFO - 🧾 Recorded task 'normalize_loan1_segmented' as SUCCESS
[2025-11-08T12:09:34.301-0500] {logging_mixin.py:188} WARNING - Normalizing segmented JSONs:  50%|#####     | 6/12 [00:00<00:00,  7.00it/s]
[2025-11-08T12:09:34.343-0500] {tracker.py:72} INFO - 🧾 Recorded task 'normalize_loan2_segmented' as STARTED
[2025-11-08T12:09:34.397-0500] {normalize_text.py:99} INFO - ✅ Normalized file saved: /opt/project/data/aws_extraction_data/normalized/loan2_normalized.json (Lines: 367)
[2025-11-08T12:09:34.433-0500] {tracker.py:72} INFO - 🧾 Recorded task 'normalize_loan2_segmented' as SUCCESS
[2025-11-08T12:09:34.436-0500] {logging_mixin.py:188} WARNING - Normalizing segmented JSONs:  58%|#####8    | 7/12 [00:00<00:00,  7.10it/s]
[2025-11-08T12:09:34.515-0500] {tracker.py:72} INFO - 🧾 Recorded task 'normalize_loan3_segmented' as STARTED
[2025-11-08T12:09:34.781-0500] {normalize_text.py:99} INFO - ✅ Normalized file saved: /opt/project/data/aws_extraction_data/normalized/loan3_normalized.json (Lines: 938)
[2025-11-08T12:09:34.837-0500] {tracker.py:72} INFO - 🧾 Recorded task 'normalize_loan3_segmented' as SUCCESS
[2025-11-08T12:09:34.841-0500] {logging_mixin.py:188} WARNING - Normalizing segmented JSONs:  67%|######6   | 8/12 [00:01<00:00,  4.77it/s]
[2025-11-08T12:09:34.894-0500] {tracker.py:72} INFO - 🧾 Recorded task 'normalize_loan_segmented' as STARTED
[2025-11-08T12:09:34.915-0500] {normalize_text.py:99} INFO - ✅ Normalized file saved: /opt/project/data/aws_extraction_data/normalized/loan_normalized.json (Lines: 2)
[2025-11-08T12:09:34.946-0500] {tracker.py:72} INFO - 🧾 Recorded task 'normalize_loan_segmented' as SUCCESS
[2025-11-08T12:09:34.949-0500] {logging_mixin.py:188} WARNING - Normalizing segmented JSONs:  75%|#######5  | 9/12 [00:01<00:00,  5.49it/s]
[2025-11-08T12:09:34.987-0500] {tracker.py:72} INFO - 🧾 Recorded task 'normalize_Personal-Loan-Agreement_segmented' as STARTED
[2025-11-08T12:09:35.019-0500] {normalize_text.py:99} INFO - ✅ Normalized file saved: /opt/project/data/aws_extraction_data/normalized/Personal-Loan-Agreement_normalized.json (Lines: 132)
[2025-11-08T12:09:35.052-0500] {tracker.py:72} INFO - 🧾 Recorded task 'normalize_Personal-Loan-Agreement_segmented' as SUCCESS
[2025-11-08T12:09:35.055-0500] {logging_mixin.py:188} WARNING - Normalizing segmented JSONs:  83%|########3 | 10/12 [00:01<00:00,  6.22it/s]
[2025-11-08T12:09:35.092-0500] {tracker.py:72} INFO - 🧾 Recorded task 'normalize_pl_agreement_segmented' as STARTED
[2025-11-08T12:09:35.219-0500] {normalize_text.py:99} INFO - ✅ Normalized file saved: /opt/project/data/aws_extraction_data/normalized/pl_agreement_normalized.json (Lines: 1194)
[2025-11-08T12:09:35.260-0500] {tracker.py:72} INFO - 🧾 Recorded task 'normalize_pl_agreement_segmented' as SUCCESS
[2025-11-08T12:09:35.263-0500] {logging_mixin.py:188} WARNING - Normalizing segmented JSONs:  92%|#########1| 11/12 [00:01<00:00,  5.73it/s]
[2025-11-08T12:09:35.298-0500] {tracker.py:72} INFO - 🧾 Recorded task 'normalize_specimen-agreement_segmented' as STARTED
[2025-11-08T12:09:35.387-0500] {normalize_text.py:99} INFO - ✅ Normalized file saved: /opt/project/data/aws_extraction_data/normalized/specimen-agreement_normalized.json (Lines: 446)
[2025-11-08T12:09:35.433-0500] {tracker.py:72} INFO - 🧾 Recorded task 'normalize_specimen-agreement_segmented' as SUCCESS
[2025-11-08T12:09:35.437-0500] {logging_mixin.py:188} WARNING - Normalizing segmented JSONs: 100%|##########| 12/12 [00:01<00:00,  5.74it/s]
[2025-11-08T12:09:35.449-0500] {logging_mixin.py:188} WARNING - Normalizing segmented JSONs: 100%|##########| 12/12 [00:01<00:00,  6.06it/s]
[2025-11-08T12:09:35.451-0500] {normalize_text.py:141} INFO - ✅ Completed normalization for 12 files.
[2025-11-08T12:09:35.493-0500] {tracker.py:72} INFO - 🧾 Recorded task 'run_normalization_all' as SUCCESS
[2025-11-08T12:09:35.494-0500] {python.py:237} INFO - Done. Returned value was: ['/opt/project/data/aws_extraction_data/normalized/dummy_normalized.json', '/opt/project/data/aws_extraction_data/normalized/empty_normalized.json', '/opt/project/data/aws_extraction_data/normalized/form_centre_showcase_personal_loan_form_normalized.json', '/opt/project/data/aws_extraction_data/normalized/gss-term-loan-agreement-ccd-5_normalized.json', '/opt/project/data/aws_extraction_data/normalized/home_loan_001_normalized.json', '/opt/project/data/aws_extraction_data/normalized/loan1_normalized.json', '/opt/project/data/aws_extraction_data/normalized/loan2_normalized.json', '/opt/project/data/aws_extraction_data/normalized/loan3_normalized.json', '/opt/project/data/aws_extraction_data/normalized/loan_normalized.json', '/opt/project/data/aws_extraction_data/normalized/Personal-Loan-Agreement_normalized.json', '/opt/project/data/aws_extraction_data/normalized/pl_agreement_normalized.json', '/opt/project/data/aws_extraction_data/normalized/specimen-agreement_normalized.json']
[2025-11-08T12:09:35.495-0500] {taskinstance.py:441} INFO - ::group::Post task execution logs
[2025-11-08T12:09:35.526-0500] {taskinstance.py:1206} INFO - Marking task as SUCCESS. dag_id=ocr_pipeline_dag, task_id=normalize_segmented_json, run_id=manual__2025-11-08T17:09:12.448405+00:00, execution_date=20251108T170912, start_date=20251108T170933, end_date=20251108T170935
[2025-11-08T12:09:35.584-0500] {local_task_job_runner.py:243} INFO - Task exited with return code 0
[2025-11-08T12:09:35.607-0500] {taskinstance.py:3503} INFO - 1 downstream tasks scheduled from follow-on schedule check
[2025-11-08T12:09:35.610-0500] {local_task_job_runner.py:222} INFO - ::endgroup::
