[2025-11-08T12:05:51.013-0500] {local_task_job_runner.py:120} INFO - ::group::Pre task execution logs
[2025-11-08T12:05:51.072-0500] {taskinstance.py:2076} INFO - Dependencies all met for dep_context=non-requeueable deps ti=<TaskInstance: ocr_pipeline_dag.segment_textract_json manual__2025-11-08T17:05:36.901201+00:00 [queued]>
[2025-11-08T12:05:51.091-0500] {taskinstance.py:2076} INFO - Dependencies all met for dep_context=requeueable deps ti=<TaskInstance: ocr_pipeline_dag.segment_textract_json manual__2025-11-08T17:05:36.901201+00:00 [queued]>
[2025-11-08T12:05:51.201-0500] {taskinstance.py:2306} INFO - Starting attempt 1 of 2
[2025-11-08T12:05:51.468-0500] {taskinstance.py:2330} INFO - Executing <Task(PythonOperator): segment_textract_json> on 2025-11-08 17:05:36.901201+00:00
[2025-11-08T12:05:51.488-0500] {standard_task_runner.py:90} INFO - Running: ['***', 'tasks', 'run', 'ocr_pipeline_dag', 'segment_textract_json', 'manual__2025-11-08T17:05:36.901201+00:00', '--job-id', '4', '--raw', '--subdir', 'DAGS_FOLDER/ocr_pipeline_dag.py', '--cfg-path', '/tmp/tmppyy7ejpi']
[2025-11-08T12:05:51.495-0500] {logging_mixin.py:188} WARNING - /home/***/.local/lib/python3.12/site-packages/***/task/task_runner/standard_task_runner.py:62 DeprecationWarning: This process (pid=199) is multi-threaded, use of fork() may lead to deadlocks in the child.
[2025-11-08T12:05:51.496-0500] {standard_task_runner.py:91} INFO - Job 4: Subtask segment_textract_json
[2025-11-08T12:05:51.496-0500] {standard_task_runner.py:64} INFO - Started process 201 to run task
[2025-11-08T12:05:51.647-0500] {task_command.py:426} INFO - Running <TaskInstance: ocr_pipeline_dag.segment_textract_json manual__2025-11-08T17:05:36.901201+00:00 [running]> on host 12c4794374da
[2025-11-08T12:05:51.828-0500] {taskinstance.py:2648} INFO - Exporting env vars: AIRFLOW_CTX_DAG_OWNER='intellidoc_team' AIRFLOW_CTX_DAG_ID='ocr_pipeline_dag' AIRFLOW_CTX_TASK_ID='segment_textract_json' AIRFLOW_CTX_EXECUTION_DATE='2025-11-08T17:05:36.901201+00:00' AIRFLOW_CTX_TRY_NUMBER='1' AIRFLOW_CTX_DAG_RUN_ID='manual__2025-11-08T17:05:36.901201+00:00'
[2025-11-08T12:05:51.831-0500] {taskinstance.py:430} INFO - ::endgroup::
[2025-11-08T12:05:51.915-0500] {tracker.py:72} INFO - 🧾 Recorded task 'run_segmentation_all' as STARTED
[2025-11-08T12:05:51.949-0500] {logging_mixin.py:188} WARNING - Segmenting Textract JSONs:   0%|          | 0/10 [00:00<?, ?it/s]
[2025-11-08T12:05:51.993-0500] {tracker.py:72} INFO - 🧾 Recorded task 'segment_dummy_raw' as STARTED
[2025-11-08T12:05:52.013-0500] {segment_text.py:70} INFO - 📂 Processing file: /opt/project/data/aws_extraction_data/raw/dummy_raw.json
[2025-11-08T12:05:52.016-0500] {segment_text.py:71} INFO - 📦 Total blocks found: 1
[2025-11-08T12:05:52.033-0500] {segment_text.py:93} INFO - ✅ Segmented output saved: /opt/project/data/aws_extraction_data/segmented/dummy_segmented.json (Lines: 1)
[2025-11-08T12:05:52.089-0500] {tracker.py:72} INFO - 🧾 Recorded task 'segment_dummy_raw' as SUCCESS
[2025-11-08T12:05:52.094-0500] {logging_mixin.py:188} WARNING - Segmenting Textract JSONs:  10%|#         | 1/10 [00:00<00:01,  7.00it/s]
[2025-11-08T12:05:52.159-0500] {tracker.py:72} INFO - 🧾 Recorded task 'segment_form_centre_showcase_personal_loan_form_raw' as STARTED
[2025-11-08T12:05:52.428-0500] {segment_text.py:70} INFO - 📂 Processing file: /opt/project/data/aws_extraction_data/raw/form_centre_showcase_personal_loan_form_raw.json
[2025-11-08T12:05:52.429-0500] {segment_text.py:71} INFO - 📦 Total blocks found: 4174
[2025-11-08T12:05:52.495-0500] {segment_text.py:93} INFO - ✅ Segmented output saved: /opt/project/data/aws_extraction_data/segmented/form_centre_showcase_personal_loan_form_segmented.json (Lines: 568)
[2025-11-08T12:05:52.535-0500] {tracker.py:72} INFO - 🧾 Recorded task 'segment_form_centre_showcase_personal_loan_form_raw' as SUCCESS
[2025-11-08T12:05:52.545-0500] {logging_mixin.py:188} WARNING - Segmenting Textract JSONs:  20%|##        | 2/10 [00:00<00:02,  3.08it/s]
[2025-11-08T12:05:52.585-0500] {tracker.py:72} INFO - 🧾 Recorded task 'segment_gss-term-loan-agreement-ccd-5_raw' as STARTED
[2025-11-08T12:05:53.045-0500] {segment_text.py:70} INFO - 📂 Processing file: /opt/project/data/aws_extraction_data/raw/gss-term-loan-agreement-ccd-5_raw.json
[2025-11-08T12:05:53.046-0500] {segment_text.py:71} INFO - 📦 Total blocks found: 10563
[2025-11-08T12:05:53.136-0500] {segment_text.py:93} INFO - ✅ Segmented output saved: /opt/project/data/aws_extraction_data/segmented/gss-term-loan-agreement-ccd-5_segmented.json (Lines: 1164)
[2025-11-08T12:05:53.175-0500] {tracker.py:72} INFO - 🧾 Recorded task 'segment_gss-term-loan-agreement-ccd-5_raw' as SUCCESS
[2025-11-08T12:05:53.195-0500] {logging_mixin.py:188} WARNING - Segmenting Textract JSONs:  30%|###       | 3/10 [00:01<00:03,  2.11it/s]
[2025-11-08T12:05:53.232-0500] {tracker.py:72} INFO - 🧾 Recorded task 'segment_home_loan_001_raw' as STARTED
[2025-11-08T12:05:53.246-0500] {segment_text.py:70} INFO - 📂 Processing file: /opt/project/data/aws_extraction_data/raw/home_loan_001_raw.json
[2025-11-08T12:05:53.248-0500] {segment_text.py:71} INFO - 📦 Total blocks found: 61
[2025-11-08T12:05:53.264-0500] {segment_text.py:93} INFO - ✅ Segmented output saved: /opt/project/data/aws_extraction_data/segmented/home_loan_001_segmented.json (Lines: 12)
[2025-11-08T12:05:53.305-0500] {tracker.py:72} INFO - 🧾 Recorded task 'segment_home_loan_001_raw' as SUCCESS
[2025-11-08T12:05:53.308-0500] {logging_mixin.py:188} WARNING - Segmenting Textract JSONs:  40%|####      | 4/10 [00:01<00:01,  3.02it/s]
[2025-11-08T12:05:53.357-0500] {tracker.py:72} INFO - 🧾 Recorded task 'segment_loan1_raw' as STARTED
[2025-11-08T12:05:53.482-0500] {segment_text.py:70} INFO - 📂 Processing file: /opt/project/data/aws_extraction_data/raw/loan1_raw.json
[2025-11-08T12:05:53.483-0500] {segment_text.py:71} INFO - 📦 Total blocks found: 2299
[2025-11-08T12:05:53.560-0500] {segment_text.py:93} INFO - ✅ Segmented output saved: /opt/project/data/aws_extraction_data/segmented/loan1_segmented.json (Lines: 508)
[2025-11-08T12:05:53.611-0500] {tracker.py:72} INFO - 🧾 Recorded task 'segment_loan1_raw' as SUCCESS
[2025-11-08T12:05:53.620-0500] {logging_mixin.py:188} WARNING - Segmenting Textract JSONs:  50%|#####     | 5/10 [00:01<00:01,  3.08it/s]
[2025-11-08T12:05:53.659-0500] {tracker.py:72} INFO - 🧾 Recorded task 'segment_loan2_raw' as STARTED
[2025-11-08T12:05:53.804-0500] {segment_text.py:70} INFO - 📂 Processing file: /opt/project/data/aws_extraction_data/raw/loan2_raw.json
[2025-11-08T12:05:53.806-0500] {segment_text.py:71} INFO - 📦 Total blocks found: 2797
[2025-11-08T12:05:53.862-0500] {segment_text.py:93} INFO - ✅ Segmented output saved: /opt/project/data/aws_extraction_data/segmented/loan2_segmented.json (Lines: 367)
[2025-11-08T12:05:53.914-0500] {tracker.py:72} INFO - 🧾 Recorded task 'segment_loan2_raw' as SUCCESS
[2025-11-08T12:05:53.920-0500] {logging_mixin.py:188} WARNING - Segmenting Textract JSONs:  60%|######    | 6/10 [00:01<00:01,  3.17it/s]
[2025-11-08T12:05:53.972-0500] {tracker.py:72} INFO - 🧾 Recorded task 'segment_loan3_raw' as STARTED
[2025-11-08T12:05:54.579-0500] {segment_text.py:70} INFO - 📂 Processing file: /opt/project/data/aws_extraction_data/raw/loan3_raw.json
[2025-11-08T12:05:54.581-0500] {segment_text.py:71} INFO - 📦 Total blocks found: 9881
[2025-11-08T12:05:54.734-0500] {segment_text.py:93} INFO - ✅ Segmented output saved: /opt/project/data/aws_extraction_data/segmented/loan3_segmented.json (Lines: 938)
[2025-11-08T12:05:54.778-0500] {tracker.py:72} INFO - 🧾 Recorded task 'segment_loan3_raw' as SUCCESS
[2025-11-08T12:05:54.792-0500] {logging_mixin.py:188} WARNING - Segmenting Textract JSONs:  70%|#######   | 7/10 [00:02<00:01,  2.01it/s]
[2025-11-08T12:05:54.825-0500] {tracker.py:72} INFO - 🧾 Recorded task 'segment_Personal-Loan-Agreement_raw' as STARTED
[2025-11-08T12:05:54.892-0500] {segment_text.py:70} INFO - 📂 Processing file: /opt/project/data/aws_extraction_data/raw/Personal-Loan-Agreement_raw.json
[2025-11-08T12:05:54.894-0500] {segment_text.py:71} INFO - 📦 Total blocks found: 1134
[2025-11-08T12:05:54.926-0500] {segment_text.py:93} INFO - ✅ Segmented output saved: /opt/project/data/aws_extraction_data/segmented/Personal-Loan-Agreement_segmented.json (Lines: 132)
[2025-11-08T12:05:54.964-0500] {tracker.py:72} INFO - 🧾 Recorded task 'segment_Personal-Loan-Agreement_raw' as SUCCESS
[2025-11-08T12:05:54.970-0500] {logging_mixin.py:188} WARNING - Segmenting Textract JSONs:  80%|########  | 8/10 [00:03<00:00,  2.53it/s]
[2025-11-08T12:05:55.041-0500] {tracker.py:72} INFO - 🧾 Recorded task 'segment_pl_agreement_raw' as STARTED
[2025-11-08T12:05:55.568-0500] {segment_text.py:70} INFO - 📂 Processing file: /opt/project/data/aws_extraction_data/raw/pl_agreement_raw.json
[2025-11-08T12:05:55.570-0500] {segment_text.py:71} INFO - 📦 Total blocks found: 11234
[2025-11-08T12:05:55.683-0500] {segment_text.py:93} INFO - ✅ Segmented output saved: /opt/project/data/aws_extraction_data/segmented/pl_agreement_segmented.json (Lines: 1194)
[2025-11-08T12:05:55.723-0500] {tracker.py:72} INFO - 🧾 Recorded task 'segment_pl_agreement_raw' as SUCCESS
[2025-11-08T12:05:55.753-0500] {logging_mixin.py:188} WARNING - Segmenting Textract JSONs:  90%|######### | 9/10 [00:03<00:00,  1.93it/s]
[2025-11-08T12:05:55.797-0500] {tracker.py:72} INFO - 🧾 Recorded task 'segment_specimen-agreement_raw' as STARTED
[2025-11-08T12:05:56.005-0500] {segment_text.py:70} INFO - 📂 Processing file: /opt/project/data/aws_extraction_data/raw/specimen-agreement_raw.json
[2025-11-08T12:05:56.006-0500] {segment_text.py:71} INFO - 📦 Total blocks found: 5407
[2025-11-08T12:05:56.044-0500] {segment_text.py:93} INFO - ✅ Segmented output saved: /opt/project/data/aws_extraction_data/segmented/specimen-agreement_segmented.json (Lines: 446)
[2025-11-08T12:05:56.085-0500] {tracker.py:72} INFO - 🧾 Recorded task 'segment_specimen-agreement_raw' as SUCCESS
[2025-11-08T12:05:56.096-0500] {logging_mixin.py:188} WARNING - Segmenting Textract JSONs: 100%|##########| 10/10 [00:04<00:00,  2.16it/s]
[2025-11-08T12:05:56.097-0500] {logging_mixin.py:188} WARNING - Segmenting Textract JSONs: 100%|##########| 10/10 [00:04<00:00,  2.41it/s]
[2025-11-08T12:05:56.098-0500] {segment_text.py:135} INFO - ✅ Completed segmentation for 10 files.
[2025-11-08T12:05:56.142-0500] {tracker.py:72} INFO - 🧾 Recorded task 'run_segmentation_all' as SUCCESS
[2025-11-08T12:05:56.145-0500] {python.py:237} INFO - Done. Returned value was: ['/opt/project/data/aws_extraction_data/segmented/dummy_segmented.json', '/opt/project/data/aws_extraction_data/segmented/form_centre_showcase_personal_loan_form_segmented.json', '/opt/project/data/aws_extraction_data/segmented/gss-term-loan-agreement-ccd-5_segmented.json', '/opt/project/data/aws_extraction_data/segmented/home_loan_001_segmented.json', '/opt/project/data/aws_extraction_data/segmented/loan1_segmented.json', '/opt/project/data/aws_extraction_data/segmented/loan2_segmented.json', '/opt/project/data/aws_extraction_data/segmented/loan3_segmented.json', '/opt/project/data/aws_extraction_data/segmented/Personal-Loan-Agreement_segmented.json', '/opt/project/data/aws_extraction_data/segmented/pl_agreement_segmented.json', '/opt/project/data/aws_extraction_data/segmented/specimen-agreement_segmented.json']
[2025-11-08T12:05:56.147-0500] {taskinstance.py:441} INFO - ::group::Post task execution logs
[2025-11-08T12:05:56.195-0500] {taskinstance.py:1206} INFO - Marking task as SUCCESS. dag_id=ocr_pipeline_dag, task_id=segment_textract_json, run_id=manual__2025-11-08T17:05:36.901201+00:00, execution_date=20251108T170536, start_date=20251108T170551, end_date=20251108T170556
[2025-11-08T12:05:56.259-0500] {local_task_job_runner.py:243} INFO - Task exited with return code 0
[2025-11-08T12:05:56.304-0500] {taskinstance.py:3503} INFO - 1 downstream tasks scheduled from follow-on schedule check
[2025-11-08T12:05:56.308-0500] {local_task_job_runner.py:222} INFO - ::endgroup::
