[2025-11-08T12:23:44.116-0500] {local_task_job_runner.py:120} INFO - ::group::Pre task execution logs
[2025-11-08T12:23:44.169-0500] {taskinstance.py:2076} INFO - Dependencies all met for dep_context=non-requeueable deps ti=<TaskInstance: ocr_pipeline_dag.fetch_files_from_s3 manual__2025-11-08T17:23:41.640116+00:00 [queued]>
[2025-11-08T12:23:44.180-0500] {taskinstance.py:2076} INFO - Dependencies all met for dep_context=requeueable deps ti=<TaskInstance: ocr_pipeline_dag.fetch_files_from_s3 manual__2025-11-08T17:23:41.640116+00:00 [queued]>
[2025-11-08T12:23:44.182-0500] {taskinstance.py:2306} INFO - Starting attempt 1 of 2
[2025-11-08T12:23:44.213-0500] {taskinstance.py:2330} INFO - Executing <Task(PythonOperator): fetch_files_from_s3> on 2025-11-08 17:23:41.640116+00:00
[2025-11-08T12:23:44.235-0500] {standard_task_runner.py:90} INFO - Running: ['***', 'tasks', 'run', 'ocr_pipeline_dag', 'fetch_files_from_s3', 'manual__2025-11-08T17:23:41.640116+00:00', '--job-id', '13', '--raw', '--subdir', 'DAGS_FOLDER/ocr_pipeline_dag.py', '--cfg-path', '/tmp/tmp3c9q4r7y']
[2025-11-08T12:23:44.239-0500] {standard_task_runner.py:91} INFO - Job 13: Subtask fetch_files_from_s3
[2025-11-08T12:23:44.240-0500] {logging_mixin.py:188} WARNING - /home/***/.local/lib/python3.12/site-packages/***/task/task_runner/standard_task_runner.py:62 DeprecationWarning: This process (pid=193) is multi-threaded, use of fork() may lead to deadlocks in the child.
[2025-11-08T12:23:44.241-0500] {standard_task_runner.py:64} INFO - Started process 195 to run task
[2025-11-08T12:23:44.334-0500] {task_command.py:426} INFO - Running <TaskInstance: ocr_pipeline_dag.fetch_files_from_s3 manual__2025-11-08T17:23:41.640116+00:00 [running]> on host 12c4794374da
[2025-11-08T12:23:44.466-0500] {taskinstance.py:2648} INFO - Exporting env vars: AIRFLOW_CTX_DAG_OWNER='intellidoc_team' AIRFLOW_CTX_DAG_ID='ocr_pipeline_dag' AIRFLOW_CTX_TASK_ID='fetch_files_from_s3' AIRFLOW_CTX_EXECUTION_DATE='2025-11-08T17:23:41.640116+00:00' AIRFLOW_CTX_TRY_NUMBER='1' AIRFLOW_CTX_DAG_RUN_ID='manual__2025-11-08T17:23:41.640116+00:00'
[2025-11-08T12:23:44.468-0500] {taskinstance.py:430} INFO - ::endgroup::
[2025-11-08T12:23:44.574-0500] {tracker.py:72} INFO - 🧾 Recorded task 'fetch_files' as STARTED
[2025-11-08T12:23:44.579-0500] {logging_mixin.py:188} INFO - 2025-11-08 12:23:44 [INFO] [fetch_files] 🚀 Fetching files from bucket: textract-bucket-yash07, prefix: ''
[2025-11-08T12:23:44.578-0500] {fetch_files.py:37} INFO - 🚀 Fetching files from bucket: textract-bucket-yash07, prefix: ''
[2025-11-08T12:23:44.959-0500] {logging_mixin.py:188} INFO - 2025-11-08 12:23:44 [INFO] [fetch_files] ✅ Found 9 files: ['Personal-Loan-Agreement.pdf', 'form_centre_showcase_personal_loan_form.pdf', 'gss-term-loan-agreement-ccd-5.pdf', 'home_loan_001.pdf', 'loan1.pdf', 'loan2.pdf', 'loan3.pdf', 'pl_agreement.pdf', 'specimen-agreement.pdf']
[2025-11-08T12:23:44.958-0500] {fetch_files.py:52} INFO - ✅ Found 9 files: ['Personal-Loan-Agreement.pdf', 'form_centre_showcase_personal_loan_form.pdf', 'gss-term-loan-agreement-ccd-5.pdf', 'home_loan_001.pdf', 'loan1.pdf', 'loan2.pdf', 'loan3.pdf', 'pl_agreement.pdf', 'specimen-agreement.pdf']
[2025-11-08T12:23:45.018-0500] {tracker.py:72} INFO - 🧾 Recorded task 'fetch_files' as SUCCESS
[2025-11-08T12:23:45.022-0500] {logging_mixin.py:188} INFO - 2025-11-08 12:23:45 [INFO] [fetch_files] 📦 Returning fetched files: ['Personal-Loan-Agreement.pdf', 'form_centre_showcase_personal_loan_form.pdf', 'gss-term-loan-agreement-ccd-5.pdf', 'home_loan_001.pdf', 'loan1.pdf', 'loan2.pdf', 'loan3.pdf', 'pl_agreement.pdf', 'specimen-agreement.pdf']
[2025-11-08T12:23:45.022-0500] {fetch_files.py:55} INFO - 📦 Returning fetched files: ['Personal-Loan-Agreement.pdf', 'form_centre_showcase_personal_loan_form.pdf', 'gss-term-loan-agreement-ccd-5.pdf', 'home_loan_001.pdf', 'loan1.pdf', 'loan2.pdf', 'loan3.pdf', 'pl_agreement.pdf', 'specimen-agreement.pdf']
[2025-11-08T12:23:45.027-0500] {python.py:237} INFO - Done. Returned value was: ['Personal-Loan-Agreement.pdf', 'form_centre_showcase_personal_loan_form.pdf', 'gss-term-loan-agreement-ccd-5.pdf', 'home_loan_001.pdf', 'loan1.pdf', 'loan2.pdf', 'loan3.pdf', 'pl_agreement.pdf', 'specimen-agreement.pdf']
[2025-11-08T12:23:45.029-0500] {taskinstance.py:441} INFO - ::group::Post task execution logs
[2025-11-08T12:23:45.071-0500] {taskinstance.py:1206} INFO - Marking task as SUCCESS. dag_id=ocr_pipeline_dag, task_id=fetch_files_from_s3, run_id=manual__2025-11-08T17:23:41.640116+00:00, execution_date=20251108T172341, start_date=20251108T172344, end_date=20251108T172345
[2025-11-08T12:23:45.140-0500] {local_task_job_runner.py:243} INFO - Task exited with return code 0
[2025-11-08T12:23:45.195-0500] {local_task_job_runner.py:222} INFO - ::endgroup::
