[2025-11-08T11:45:44.616-0500] {local_task_job_runner.py:120} INFO - ::group::Pre task execution logs
[2025-11-08T11:45:44.663-0500] {taskinstance.py:2076} INFO - Dependencies all met for dep_context=non-requeueable deps ti=<TaskInstance: ocr_pipeline_dag.segment_textract_json manual__2025-11-08T16:45:32.985003+00:00 [queued]>
[2025-11-08T11:45:44.677-0500] {taskinstance.py:2076} INFO - Dependencies all met for dep_context=requeueable deps ti=<TaskInstance: ocr_pipeline_dag.segment_textract_json manual__2025-11-08T16:45:32.985003+00:00 [queued]>
[2025-11-08T11:45:44.679-0500] {taskinstance.py:2306} INFO - Starting attempt 1 of 2
[2025-11-08T11:45:44.699-0500] {taskinstance.py:2330} INFO - Executing <Task(PythonOperator): segment_textract_json> on 2025-11-08 16:45:32.985003+00:00
[2025-11-08T11:45:44.722-0500] {standard_task_runner.py:90} INFO - Running: ['***', 'tasks', 'run', 'ocr_pipeline_dag', 'segment_textract_json', 'manual__2025-11-08T16:45:32.985003+00:00', '--job-id', '4', '--raw', '--subdir', 'DAGS_FOLDER/ocr_pipeline_dag.py', '--cfg-path', '/tmp/tmp9oe90qm_']
[2025-11-08T11:45:44.728-0500] {standard_task_runner.py:91} INFO - Job 4: Subtask segment_textract_json
[2025-11-08T11:45:44.729-0500] {logging_mixin.py:188} WARNING - /home/***/.local/lib/python3.12/site-packages/***/task/task_runner/standard_task_runner.py:62 DeprecationWarning: This process (pid=199) is multi-threaded, use of fork() may lead to deadlocks in the child.
[2025-11-08T11:45:44.731-0500] {standard_task_runner.py:64} INFO - Started process 201 to run task
[2025-11-08T11:45:44.830-0500] {task_command.py:426} INFO - Running <TaskInstance: ocr_pipeline_dag.segment_textract_json manual__2025-11-08T16:45:32.985003+00:00 [running]> on host 7ec7af965c9c
[2025-11-08T11:45:44.983-0500] {taskinstance.py:2648} INFO - Exporting env vars: AIRFLOW_CTX_DAG_OWNER='intellidoc_team' AIRFLOW_CTX_DAG_ID='ocr_pipeline_dag' AIRFLOW_CTX_TASK_ID='segment_textract_json' AIRFLOW_CTX_EXECUTION_DATE='2025-11-08T16:45:32.985003+00:00' AIRFLOW_CTX_TRY_NUMBER='1' AIRFLOW_CTX_DAG_RUN_ID='manual__2025-11-08T16:45:32.985003+00:00'
[2025-11-08T11:45:44.986-0500] {taskinstance.py:430} INFO - ::endgroup::
[2025-11-08T11:45:45.043-0500] {tracker.py:72} INFO - 🧾 Recorded task 'run_segmentation_all' as STARTED
[2025-11-08T11:45:45.070-0500] {logging_mixin.py:188} WARNING - Segmenting Textract JSONs:   0%|          | 0/10 [00:00<?, ?it/s]
[2025-11-08T11:45:45.100-0500] {tracker.py:72} INFO - 🧾 Recorded task 'segment_dummy_raw' as STARTED
[2025-11-08T11:45:45.114-0500] {segment_text.py:70} INFO - 📂 Processing file: /opt/project/data/aws_extraction_data/raw/dummy_raw.json
[2025-11-08T11:45:45.116-0500] {segment_text.py:71} INFO - 📦 Total blocks found: 1
[2025-11-08T11:45:45.127-0500] {segment_text.py:93} INFO - ✅ Segmented output saved: /opt/project/data/aws_extraction_data/segmented/dummy_segmented.json (Lines: 1)
[2025-11-08T11:45:45.169-0500] {tracker.py:72} INFO - 🧾 Recorded task 'segment_dummy_raw' as SUCCESS
[2025-11-08T11:45:45.173-0500] {logging_mixin.py:188} WARNING - Segmenting Textract JSONs:  10%|#         | 1/10 [00:00<00:00,  9.88it/s]
[2025-11-08T11:45:45.223-0500] {tracker.py:72} INFO - 🧾 Recorded task 'segment_form_centre_showcase_personal_loan_form_raw' as STARTED
[2025-11-08T11:45:45.645-0500] {segment_text.py:70} INFO - 📂 Processing file: /opt/project/data/aws_extraction_data/raw/form_centre_showcase_personal_loan_form_raw.json
[2025-11-08T11:45:45.646-0500] {segment_text.py:71} INFO - 📦 Total blocks found: 4174
[2025-11-08T11:45:45.692-0500] {segment_text.py:93} INFO - ✅ Segmented output saved: /opt/project/data/aws_extraction_data/segmented/form_centre_showcase_personal_loan_form_segmented.json (Lines: 568)
[2025-11-08T11:45:45.730-0500] {tracker.py:72} INFO - 🧾 Recorded task 'segment_form_centre_showcase_personal_loan_form_raw' as SUCCESS
[2025-11-08T11:45:45.742-0500] {logging_mixin.py:188} WARNING - Segmenting Textract JSONs:  20%|##        | 2/10 [00:00<00:03,  2.66it/s]
[2025-11-08T11:45:45.794-0500] {tracker.py:72} INFO - 🧾 Recorded task 'segment_gss-term-loan-agreement-ccd-5_raw' as STARTED
[2025-11-08T11:45:46.779-0500] {segment_text.py:70} INFO - 📂 Processing file: /opt/project/data/aws_extraction_data/raw/gss-term-loan-agreement-ccd-5_raw.json
[2025-11-08T11:45:46.781-0500] {segment_text.py:71} INFO - 📦 Total blocks found: 10563
[2025-11-08T11:45:46.890-0500] {segment_text.py:93} INFO - ✅ Segmented output saved: /opt/project/data/aws_extraction_data/segmented/gss-term-loan-agreement-ccd-5_segmented.json (Lines: 1164)
[2025-11-08T11:45:46.927-0500] {tracker.py:72} INFO - 🧾 Recorded task 'segment_gss-term-loan-agreement-ccd-5_raw' as SUCCESS
[2025-11-08T11:45:46.944-0500] {logging_mixin.py:188} WARNING - Segmenting Textract JSONs:  30%|###       | 3/10 [00:01<00:05,  1.33it/s]
[2025-11-08T11:45:46.970-0500] {tracker.py:72} INFO - 🧾 Recorded task 'segment_home_loan_001_raw' as STARTED
[2025-11-08T11:45:46.984-0500] {segment_text.py:70} INFO - 📂 Processing file: /opt/project/data/aws_extraction_data/raw/home_loan_001_raw.json
[2025-11-08T11:45:46.985-0500] {segment_text.py:71} INFO - 📦 Total blocks found: 61
[2025-11-08T11:45:46.996-0500] {segment_text.py:93} INFO - ✅ Segmented output saved: /opt/project/data/aws_extraction_data/segmented/home_loan_001_segmented.json (Lines: 12)
[2025-11-08T11:45:47.027-0500] {tracker.py:72} INFO - 🧾 Recorded task 'segment_home_loan_001_raw' as SUCCESS
[2025-11-08T11:45:47.071-0500] {tracker.py:72} INFO - 🧾 Recorded task 'segment_loan1_raw' as STARTED
[2025-11-08T11:45:47.162-0500] {segment_text.py:70} INFO - 📂 Processing file: /opt/project/data/aws_extraction_data/raw/loan1_raw.json
[2025-11-08T11:45:47.164-0500] {segment_text.py:71} INFO - 📦 Total blocks found: 2299
[2025-11-08T11:45:47.202-0500] {segment_text.py:93} INFO - ✅ Segmented output saved: /opt/project/data/aws_extraction_data/segmented/loan1_segmented.json (Lines: 508)
[2025-11-08T11:45:47.244-0500] {tracker.py:72} INFO - 🧾 Recorded task 'segment_loan1_raw' as SUCCESS
[2025-11-08T11:45:47.251-0500] {logging_mixin.py:188} WARNING - Segmenting Textract JSONs:  50%|#####     | 5/10 [00:02<00:02,  2.42it/s]
[2025-11-08T11:45:47.299-0500] {tracker.py:72} INFO - 🧾 Recorded task 'segment_loan2_raw' as STARTED
[2025-11-08T11:45:47.419-0500] {segment_text.py:70} INFO - 📂 Processing file: /opt/project/data/aws_extraction_data/raw/loan2_raw.json
[2025-11-08T11:45:47.420-0500] {segment_text.py:71} INFO - 📦 Total blocks found: 2797
[2025-11-08T11:45:47.460-0500] {segment_text.py:93} INFO - ✅ Segmented output saved: /opt/project/data/aws_extraction_data/segmented/loan2_segmented.json (Lines: 367)
[2025-11-08T11:45:47.503-0500] {tracker.py:72} INFO - 🧾 Recorded task 'segment_loan2_raw' as SUCCESS
[2025-11-08T11:45:47.513-0500] {logging_mixin.py:188} WARNING - Segmenting Textract JSONs:  60%|######    | 6/10 [00:02<00:01,  2.70it/s]
[2025-11-08T11:45:47.549-0500] {tracker.py:72} INFO - 🧾 Recorded task 'segment_loan3_raw' as STARTED
[2025-11-08T11:45:48.441-0500] {segment_text.py:70} INFO - 📂 Processing file: /opt/project/data/aws_extraction_data/raw/loan3_raw.json
[2025-11-08T11:45:48.443-0500] {segment_text.py:71} INFO - 📦 Total blocks found: 9881
[2025-11-08T11:45:48.533-0500] {segment_text.py:93} INFO - ✅ Segmented output saved: /opt/project/data/aws_extraction_data/segmented/loan3_segmented.json (Lines: 938)
[2025-11-08T11:45:48.579-0500] {tracker.py:72} INFO - 🧾 Recorded task 'segment_loan3_raw' as SUCCESS
[2025-11-08T11:45:48.601-0500] {logging_mixin.py:188} WARNING - Segmenting Textract JSONs:  70%|#######   | 7/10 [00:03<00:01,  1.73it/s]
[2025-11-08T11:45:48.647-0500] {tracker.py:72} INFO - 🧾 Recorded task 'segment_Personal-Loan-Agreement_raw' as STARTED
[2025-11-08T11:45:48.716-0500] {segment_text.py:70} INFO - 📂 Processing file: /opt/project/data/aws_extraction_data/raw/Personal-Loan-Agreement_raw.json
[2025-11-08T11:45:48.718-0500] {segment_text.py:71} INFO - 📦 Total blocks found: 1134
[2025-11-08T11:45:48.749-0500] {segment_text.py:93} INFO - ✅ Segmented output saved: /opt/project/data/aws_extraction_data/segmented/Personal-Loan-Agreement_segmented.json (Lines: 132)
[2025-11-08T11:45:48.796-0500] {tracker.py:72} INFO - 🧾 Recorded task 'segment_Personal-Loan-Agreement_raw' as SUCCESS
[2025-11-08T11:45:48.800-0500] {logging_mixin.py:188} WARNING - Segmenting Textract JSONs:  80%|########  | 8/10 [00:03<00:00,  2.14it/s]
[2025-11-08T11:45:48.860-0500] {tracker.py:72} INFO - 🧾 Recorded task 'segment_pl_agreement_raw' as STARTED
[2025-11-08T11:45:49.534-0500] {segment_text.py:70} INFO - 📂 Processing file: /opt/project/data/aws_extraction_data/raw/pl_agreement_raw.json
[2025-11-08T11:45:49.536-0500] {segment_text.py:71} INFO - 📦 Total blocks found: 11234
[2025-11-08T11:45:49.628-0500] {segment_text.py:93} INFO - ✅ Segmented output saved: /opt/project/data/aws_extraction_data/segmented/pl_agreement_segmented.json (Lines: 1194)
[2025-11-08T11:45:49.662-0500] {tracker.py:72} INFO - 🧾 Recorded task 'segment_pl_agreement_raw' as SUCCESS
[2025-11-08T11:45:49.680-0500] {logging_mixin.py:188} WARNING - Segmenting Textract JSONs:  90%|######### | 9/10 [00:04<00:00,  1.70it/s]
[2025-11-08T11:45:49.712-0500] {tracker.py:72} INFO - 🧾 Recorded task 'segment_specimen-agreement_raw' as STARTED
[2025-11-08T11:45:49.979-0500] {segment_text.py:70} INFO - 📂 Processing file: /opt/project/data/aws_extraction_data/raw/specimen-agreement_raw.json
[2025-11-08T11:45:49.980-0500] {segment_text.py:71} INFO - 📦 Total blocks found: 5407
[2025-11-08T11:45:50.018-0500] {segment_text.py:93} INFO - ✅ Segmented output saved: /opt/project/data/aws_extraction_data/segmented/specimen-agreement_segmented.json (Lines: 446)
[2025-11-08T11:45:50.049-0500] {tracker.py:72} INFO - 🧾 Recorded task 'segment_specimen-agreement_raw' as SUCCESS
[2025-11-08T11:45:50.058-0500] {logging_mixin.py:188} WARNING - Segmenting Textract JSONs: 100%|##########| 10/10 [00:04<00:00,  1.90it/s]
[2025-11-08T11:45:50.060-0500] {logging_mixin.py:188} WARNING - Segmenting Textract JSONs: 100%|##########| 10/10 [00:04<00:00,  2.00it/s]
[2025-11-08T11:45:50.060-0500] {segment_text.py:135} INFO - ✅ Completed segmentation for 10 files.
[2025-11-08T11:45:50.109-0500] {tracker.py:72} INFO - 🧾 Recorded task 'run_segmentation_all' as SUCCESS
[2025-11-08T11:45:50.111-0500] {python.py:237} INFO - Done. Returned value was: ['/opt/project/data/aws_extraction_data/segmented/dummy_segmented.json', '/opt/project/data/aws_extraction_data/segmented/form_centre_showcase_personal_loan_form_segmented.json', '/opt/project/data/aws_extraction_data/segmented/gss-term-loan-agreement-ccd-5_segmented.json', '/opt/project/data/aws_extraction_data/segmented/home_loan_001_segmented.json', '/opt/project/data/aws_extraction_data/segmented/loan1_segmented.json', '/opt/project/data/aws_extraction_data/segmented/loan2_segmented.json', '/opt/project/data/aws_extraction_data/segmented/loan3_segmented.json', '/opt/project/data/aws_extraction_data/segmented/Personal-Loan-Agreement_segmented.json', '/opt/project/data/aws_extraction_data/segmented/pl_agreement_segmented.json', '/opt/project/data/aws_extraction_data/segmented/specimen-agreement_segmented.json']
[2025-11-08T11:45:50.112-0500] {taskinstance.py:441} INFO - ::group::Post task execution logs
[2025-11-08T11:45:50.179-0500] {taskinstance.py:1206} INFO - Marking task as SUCCESS. dag_id=ocr_pipeline_dag, task_id=segment_textract_json, run_id=manual__2025-11-08T16:45:32.985003+00:00, execution_date=20251108T164532, start_date=20251108T164544, end_date=20251108T164550
[2025-11-08T11:45:50.258-0500] {local_task_job_runner.py:243} INFO - Task exited with return code 0
[2025-11-08T11:45:50.307-0500] {taskinstance.py:3503} INFO - 1 downstream tasks scheduled from follow-on schedule check
[2025-11-08T11:45:50.311-0500] {local_task_job_runner.py:222} INFO - ::endgroup::
