[2025-11-08T11:45:51.897-0500] {local_task_job_runner.py:120} INFO - ::group::Pre task execution logs
[2025-11-08T11:45:51.941-0500] {taskinstance.py:2076} INFO - Dependencies all met for dep_context=non-requeueable deps ti=<TaskInstance: ocr_pipeline_dag.normalize_segmented_json manual__2025-11-08T16:45:32.985003+00:00 [queued]>
[2025-11-08T11:45:51.953-0500] {taskinstance.py:2076} INFO - Dependencies all met for dep_context=requeueable deps ti=<TaskInstance: ocr_pipeline_dag.normalize_segmented_json manual__2025-11-08T16:45:32.985003+00:00 [queued]>
[2025-11-08T11:45:51.954-0500] {taskinstance.py:2306} INFO - Starting attempt 1 of 2
[2025-11-08T11:45:51.977-0500] {taskinstance.py:2330} INFO - Executing <Task(PythonOperator): normalize_segmented_json> on 2025-11-08 16:45:32.985003+00:00
[2025-11-08T11:45:51.997-0500] {standard_task_runner.py:90} INFO - Running: ['***', 'tasks', 'run', 'ocr_pipeline_dag', 'normalize_segmented_json', 'manual__2025-11-08T16:45:32.985003+00:00', '--job-id', '5', '--raw', '--subdir', 'DAGS_FOLDER/ocr_pipeline_dag.py', '--cfg-path', '/tmp/tmp1cdndzxg']
[2025-11-08T11:45:52.003-0500] {standard_task_runner.py:91} INFO - Job 5: Subtask normalize_segmented_json
[2025-11-08T11:45:52.003-0500] {logging_mixin.py:188} WARNING - /home/***/.local/lib/python3.12/site-packages/***/task/task_runner/standard_task_runner.py:62 DeprecationWarning: This process (pid=203) is multi-threaded, use of fork() may lead to deadlocks in the child.
[2025-11-08T11:45:52.005-0500] {standard_task_runner.py:64} INFO - Started process 205 to run task
[2025-11-08T11:45:52.132-0500] {task_command.py:426} INFO - Running <TaskInstance: ocr_pipeline_dag.normalize_segmented_json manual__2025-11-08T16:45:32.985003+00:00 [running]> on host 7ec7af965c9c
[2025-11-08T11:45:52.277-0500] {taskinstance.py:2648} INFO - Exporting env vars: AIRFLOW_CTX_DAG_OWNER='intellidoc_team' AIRFLOW_CTX_DAG_ID='ocr_pipeline_dag' AIRFLOW_CTX_TASK_ID='normalize_segmented_json' AIRFLOW_CTX_EXECUTION_DATE='2025-11-08T16:45:32.985003+00:00' AIRFLOW_CTX_TRY_NUMBER='1' AIRFLOW_CTX_DAG_RUN_ID='manual__2025-11-08T16:45:32.985003+00:00'
[2025-11-08T11:45:52.280-0500] {taskinstance.py:430} INFO - ::endgroup::
[2025-11-08T11:45:52.329-0500] {tracker.py:72} INFO - 🧾 Recorded task 'run_normalization_all' as STARTED
[2025-11-08T11:45:52.349-0500] {logging_mixin.py:188} WARNING - Normalizing segmented JSONs:   0%|          | 0/12 [00:00<?, ?it/s]
[2025-11-08T11:45:52.382-0500] {tracker.py:72} INFO - 🧾 Recorded task 'normalize_dummy_segmented' as STARTED
[2025-11-08T11:45:52.404-0500] {normalize_text.py:99} INFO - ✅ Normalized file saved: /opt/project/data/aws_extraction_data/normalized/dummy_normalized.json (Lines: 1)
[2025-11-08T11:45:52.436-0500] {tracker.py:72} INFO - 🧾 Recorded task 'normalize_dummy_segmented' as SUCCESS
[2025-11-08T11:45:52.482-0500] {tracker.py:72} INFO - 🧾 Recorded task 'normalize_empty_segmented' as STARTED
[2025-11-08T11:45:52.500-0500] {normalize_text.py:99} INFO - ✅ Normalized file saved: /opt/project/data/aws_extraction_data/normalized/empty_normalized.json (Lines: 0)
[2025-11-08T11:45:52.526-0500] {tracker.py:72} INFO - 🧾 Recorded task 'normalize_empty_segmented' as SUCCESS
[2025-11-08T11:45:52.528-0500] {logging_mixin.py:188} WARNING - Normalizing segmented JSONs:  17%|#6        | 2/12 [00:00<00:00, 11.21it/s]
[2025-11-08T11:45:52.562-0500] {tracker.py:72} INFO - 🧾 Recorded task 'normalize_form_centre_showcase_personal_loan_form_segmented' as STARTED
[2025-11-08T11:45:52.631-0500] {normalize_text.py:99} INFO - ✅ Normalized file saved: /opt/project/data/aws_extraction_data/normalized/form_centre_showcase_personal_loan_form_normalized.json (Lines: 568)
[2025-11-08T11:45:52.664-0500] {tracker.py:72} INFO - 🧾 Recorded task 'normalize_form_centre_showcase_personal_loan_form_segmented' as SUCCESS
[2025-11-08T11:45:52.698-0500] {tracker.py:72} INFO - 🧾 Recorded task 'normalize_gss-term-loan-agreement-ccd-5_segmented' as STARTED
[2025-11-08T11:45:52.826-0500] {normalize_text.py:99} INFO - ✅ Normalized file saved: /opt/project/data/aws_extraction_data/normalized/gss-term-loan-agreement-ccd-5_normalized.json (Lines: 1164)
[2025-11-08T11:45:52.862-0500] {tracker.py:72} INFO - 🧾 Recorded task 'normalize_gss-term-loan-agreement-ccd-5_segmented' as SUCCESS
[2025-11-08T11:45:52.865-0500] {logging_mixin.py:188} WARNING - Normalizing segmented JSONs:  33%|###3      | 4/12 [00:00<00:01,  7.37it/s]
[2025-11-08T11:45:52.909-0500] {tracker.py:72} INFO - 🧾 Recorded task 'normalize_home_loan_001_segmented' as STARTED
[2025-11-08T11:45:52.929-0500] {normalize_text.py:99} INFO - ✅ Normalized file saved: /opt/project/data/aws_extraction_data/normalized/home_loan_001_normalized.json (Lines: 12)
[2025-11-08T11:45:52.971-0500] {tracker.py:72} INFO - 🧾 Recorded task 'normalize_home_loan_001_segmented' as SUCCESS
[2025-11-08T11:45:52.976-0500] {logging_mixin.py:188} WARNING - Normalizing segmented JSONs:  42%|####1     | 5/12 [00:00<00:00,  7.79it/s]
[2025-11-08T11:45:53.024-0500] {tracker.py:72} INFO - 🧾 Recorded task 'normalize_loan1_segmented' as STARTED
[2025-11-08T11:45:53.102-0500] {normalize_text.py:99} INFO - ✅ Normalized file saved: /opt/project/data/aws_extraction_data/normalized/loan1_normalized.json (Lines: 508)
[2025-11-08T11:45:53.140-0500] {tracker.py:72} INFO - 🧾 Recorded task 'normalize_loan1_segmented' as SUCCESS
[2025-11-08T11:45:53.143-0500] {logging_mixin.py:188} WARNING - Normalizing segmented JSONs:  50%|#####     | 6/12 [00:00<00:00,  7.14it/s]
[2025-11-08T11:45:53.183-0500] {tracker.py:72} INFO - 🧾 Recorded task 'normalize_loan2_segmented' as STARTED
[2025-11-08T11:45:53.247-0500] {normalize_text.py:99} INFO - ✅ Normalized file saved: /opt/project/data/aws_extraction_data/normalized/loan2_normalized.json (Lines: 367)
[2025-11-08T11:45:53.287-0500] {tracker.py:72} INFO - 🧾 Recorded task 'normalize_loan2_segmented' as SUCCESS
[2025-11-08T11:45:53.289-0500] {logging_mixin.py:188} WARNING - Normalizing segmented JSONs:  58%|#####8    | 7/12 [00:00<00:00,  7.05it/s]
[2025-11-08T11:45:53.338-0500] {tracker.py:72} INFO - 🧾 Recorded task 'normalize_loan3_segmented' as STARTED
[2025-11-08T11:45:53.490-0500] {normalize_text.py:99} INFO - ✅ Normalized file saved: /opt/project/data/aws_extraction_data/normalized/loan3_normalized.json (Lines: 938)
[2025-11-08T11:45:53.531-0500] {tracker.py:72} INFO - 🧾 Recorded task 'normalize_loan3_segmented' as SUCCESS
[2025-11-08T11:45:53.534-0500] {logging_mixin.py:188} WARNING - Normalizing segmented JSONs:  67%|######6   | 8/12 [00:01<00:00,  5.79it/s]
[2025-11-08T11:45:53.571-0500] {tracker.py:72} INFO - 🧾 Recorded task 'normalize_loan_segmented' as STARTED
[2025-11-08T11:45:53.592-0500] {normalize_text.py:99} INFO - ✅ Normalized file saved: /opt/project/data/aws_extraction_data/normalized/loan_normalized.json (Lines: 2)
[2025-11-08T11:45:53.640-0500] {tracker.py:72} INFO - 🧾 Recorded task 'normalize_loan_segmented' as SUCCESS
[2025-11-08T11:45:53.643-0500] {logging_mixin.py:188} WARNING - Normalizing segmented JSONs:  75%|#######5  | 9/12 [00:01<00:00,  6.52it/s]
[2025-11-08T11:45:53.691-0500] {tracker.py:72} INFO - 🧾 Recorded task 'normalize_Personal-Loan-Agreement_segmented' as STARTED
[2025-11-08T11:45:53.735-0500] {normalize_text.py:99} INFO - ✅ Normalized file saved: /opt/project/data/aws_extraction_data/normalized/Personal-Loan-Agreement_normalized.json (Lines: 132)
[2025-11-08T11:45:53.772-0500] {tracker.py:72} INFO - 🧾 Recorded task 'normalize_Personal-Loan-Agreement_segmented' as SUCCESS
[2025-11-08T11:45:53.774-0500] {logging_mixin.py:188} WARNING - Normalizing segmented JSONs:  83%|########3 | 10/12 [00:01<00:00,  6.81it/s]
[2025-11-08T11:45:53.809-0500] {tracker.py:72} INFO - 🧾 Recorded task 'normalize_pl_agreement_segmented' as STARTED
[2025-11-08T11:45:53.955-0500] {normalize_text.py:99} INFO - ✅ Normalized file saved: /opt/project/data/aws_extraction_data/normalized/pl_agreement_normalized.json (Lines: 1194)
[2025-11-08T11:45:53.986-0500] {tracker.py:72} INFO - 🧾 Recorded task 'normalize_pl_agreement_segmented' as SUCCESS
[2025-11-08T11:45:53.988-0500] {logging_mixin.py:188} WARNING - Normalizing segmented JSONs:  92%|#########1| 11/12 [00:01<00:00,  5.98it/s]
[2025-11-08T11:45:54.019-0500] {tracker.py:72} INFO - 🧾 Recorded task 'normalize_specimen-agreement_segmented' as STARTED
[2025-11-08T11:45:54.076-0500] {normalize_text.py:99} INFO - ✅ Normalized file saved: /opt/project/data/aws_extraction_data/normalized/specimen-agreement_normalized.json (Lines: 446)
[2025-11-08T11:45:54.106-0500] {tracker.py:72} INFO - 🧾 Recorded task 'normalize_specimen-agreement_segmented' as SUCCESS
[2025-11-08T11:45:54.108-0500] {logging_mixin.py:188} WARNING - Normalizing segmented JSONs: 100%|##########| 12/12 [00:01<00:00,  6.54it/s]
[2025-11-08T11:45:54.109-0500] {logging_mixin.py:188} WARNING - Normalizing segmented JSONs: 100%|##########| 12/12 [00:01<00:00,  6.82it/s]
[2025-11-08T11:45:54.110-0500] {normalize_text.py:141} INFO - ✅ Completed normalization for 12 files.
[2025-11-08T11:45:54.144-0500] {tracker.py:72} INFO - 🧾 Recorded task 'run_normalization_all' as SUCCESS
[2025-11-08T11:45:54.146-0500] {python.py:237} INFO - Done. Returned value was: ['/opt/project/data/aws_extraction_data/normalized/dummy_normalized.json', '/opt/project/data/aws_extraction_data/normalized/empty_normalized.json', '/opt/project/data/aws_extraction_data/normalized/form_centre_showcase_personal_loan_form_normalized.json', '/opt/project/data/aws_extraction_data/normalized/gss-term-loan-agreement-ccd-5_normalized.json', '/opt/project/data/aws_extraction_data/normalized/home_loan_001_normalized.json', '/opt/project/data/aws_extraction_data/normalized/loan1_normalized.json', '/opt/project/data/aws_extraction_data/normalized/loan2_normalized.json', '/opt/project/data/aws_extraction_data/normalized/loan3_normalized.json', '/opt/project/data/aws_extraction_data/normalized/loan_normalized.json', '/opt/project/data/aws_extraction_data/normalized/Personal-Loan-Agreement_normalized.json', '/opt/project/data/aws_extraction_data/normalized/pl_agreement_normalized.json', '/opt/project/data/aws_extraction_data/normalized/specimen-agreement_normalized.json']
[2025-11-08T11:45:54.148-0500] {taskinstance.py:441} INFO - ::group::Post task execution logs
[2025-11-08T11:45:54.187-0500] {taskinstance.py:1206} INFO - Marking task as SUCCESS. dag_id=ocr_pipeline_dag, task_id=normalize_segmented_json, run_id=manual__2025-11-08T16:45:32.985003+00:00, execution_date=20251108T164532, start_date=20251108T164551, end_date=20251108T164554
[2025-11-08T11:45:54.231-0500] {local_task_job_runner.py:243} INFO - Task exited with return code 0
[2025-11-08T11:45:54.270-0500] {taskinstance.py:3503} INFO - 1 downstream tasks scheduled from follow-on schedule check
[2025-11-08T11:45:54.275-0500] {local_task_job_runner.py:222} INFO - ::endgroup::
