[2025-11-08T12:09:37.748-0500] {local_task_job_runner.py:120} INFO - ::group::Pre task execution logs
[2025-11-08T12:09:37.789-0500] {taskinstance.py:2076} INFO - Dependencies all met for dep_context=non-requeueable deps ti=<TaskInstance: ocr_pipeline_dag.generate_schema_and_stats manual__2025-11-08T17:09:12.448405+00:00 [queued]>
[2025-11-08T12:09:37.799-0500] {taskinstance.py:2076} INFO - Dependencies all met for dep_context=requeueable deps ti=<TaskInstance: ocr_pipeline_dag.generate_schema_and_stats manual__2025-11-08T17:09:12.448405+00:00 [queued]>
[2025-11-08T12:09:37.800-0500] {taskinstance.py:2306} INFO - Starting attempt 1 of 2
[2025-11-08T12:09:37.814-0500] {taskinstance.py:2330} INFO - Executing <Task(PythonOperator): generate_schema_and_stats> on 2025-11-08 17:09:12.448405+00:00
[2025-11-08T12:09:37.829-0500] {standard_task_runner.py:90} INFO - Running: ['***', 'tasks', 'run', 'ocr_pipeline_dag', 'generate_schema_and_stats', 'manual__2025-11-08T17:09:12.448405+00:00', '--job-id', '11', '--raw', '--subdir', 'DAGS_FOLDER/ocr_pipeline_dag.py', '--cfg-path', '/tmp/tmpsrd1sav2']
[2025-11-08T12:09:37.833-0500] {logging_mixin.py:188} WARNING - /home/***/.local/lib/python3.12/site-packages/***/task/task_runner/standard_task_runner.py:62 DeprecationWarning: This process (pid=266) is multi-threaded, use of fork() may lead to deadlocks in the child.
[2025-11-08T12:09:37.834-0500] {standard_task_runner.py:91} INFO - Job 11: Subtask generate_schema_and_stats
[2025-11-08T12:09:37.834-0500] {standard_task_runner.py:64} INFO - Started process 268 to run task
[2025-11-08T12:09:37.907-0500] {task_command.py:426} INFO - Running <TaskInstance: ocr_pipeline_dag.generate_schema_and_stats manual__2025-11-08T17:09:12.448405+00:00 [running]> on host 12c4794374da
[2025-11-08T12:09:38.019-0500] {taskinstance.py:2648} INFO - Exporting env vars: AIRFLOW_CTX_DAG_OWNER='intellidoc_team' AIRFLOW_CTX_DAG_ID='ocr_pipeline_dag' AIRFLOW_CTX_TASK_ID='generate_schema_and_stats' AIRFLOW_CTX_EXECUTION_DATE='2025-11-08T17:09:12.448405+00:00' AIRFLOW_CTX_TRY_NUMBER='1' AIRFLOW_CTX_DAG_RUN_ID='manual__2025-11-08T17:09:12.448405+00:00'
[2025-11-08T12:09:38.021-0500] {taskinstance.py:430} INFO - ::endgroup::
[2025-11-08T12:09:38.100-0500] {tracker.py:72} INFO - 🧾 Recorded task 'generate_schema_stats' as STARTED
[2025-11-08T12:09:38.103-0500] {generate_schema_stats.py:163} INFO - 🚀 Starting schema & validation statistics generation...
[2025-11-08T12:09:38.315-0500] {generate_schema_stats.py:68} INFO - ✅ Loaded 5332 rows from 12 normalized files.
[2025-11-08T12:09:38.401-0500] {generate_schema_stats.py:128} INFO - ✅ Validation rule passed: required_columns_present
[2025-11-08T12:09:38.404-0500] {generate_schema_stats.py:128} INFO - ✅ Validation rule passed: text_not_null
[2025-11-08T12:09:38.407-0500] {generate_schema_stats.py:128} INFO - ✅ Validation rule passed: conf_in_range_0_100
[2025-11-08T12:09:38.423-0500] {generate_schema_stats.py:192} INFO - ✅ Schema & validation results saved: /opt/project/data/aws_extraction_data/schema/expectations.json, /opt/project/data/aws_extraction_data/schema/validation_result.json
[2025-11-08T12:09:38.465-0500] {tracker.py:72} INFO - 🧾 Recorded task 'generate_schema_stats' as SUCCESS
[2025-11-08T12:09:38.468-0500] {logging_mixin.py:188} INFO - 
✅ Schema & statistics generated successfully!
[2025-11-08T12:09:38.470-0500] {logging_mixin.py:188} INFO - 📘 Schema & rules:   /opt/project/data/aws_extraction_data/schema/expectations.json
[2025-11-08T12:09:38.470-0500] {logging_mixin.py:188} INFO - 📊 Validation stats: /opt/project/data/aws_extraction_data/schema/validation_result.json
[2025-11-08T12:09:38.474-0500] {python.py:237} INFO - Done. Returned value was: ['/opt/project/data/aws_extraction_data/schema/expectations.json', '/opt/project/data/aws_extraction_data/schema/validation_result.json']
[2025-11-08T12:09:38.475-0500] {taskinstance.py:441} INFO - ::group::Post task execution logs
[2025-11-08T12:09:38.523-0500] {taskinstance.py:1206} INFO - Marking task as SUCCESS. dag_id=ocr_pipeline_dag, task_id=generate_schema_and_stats, run_id=manual__2025-11-08T17:09:12.448405+00:00, execution_date=20251108T170912, start_date=20251108T170937, end_date=20251108T170938
[2025-11-08T12:09:38.571-0500] {local_task_job_runner.py:243} INFO - Task exited with return code 0
[2025-11-08T12:09:38.604-0500] {taskinstance.py:3503} INFO - 0 downstream tasks scheduled from follow-on schedule check
[2025-11-08T12:09:38.608-0500] {local_task_job_runner.py:222} INFO - ::endgroup::
