[2025-11-08T12:09:22.718-0500] {local_task_job_runner.py:120} INFO - ::group::Pre task execution logs
[2025-11-08T12:09:22.769-0500] {taskinstance.py:2076} INFO - Dependencies all met for dep_context=non-requeueable deps ti=<TaskInstance: ocr_pipeline_dag.segment_textract_json manual__2025-11-08T17:09:12.448405+00:00 [queued]>
[2025-11-08T12:09:22.781-0500] {taskinstance.py:2076} INFO - Dependencies all met for dep_context=requeueable deps ti=<TaskInstance: ocr_pipeline_dag.segment_textract_json manual__2025-11-08T17:09:12.448405+00:00 [queued]>
[2025-11-08T12:09:22.782-0500] {taskinstance.py:2306} INFO - Starting attempt 1 of 2
[2025-11-08T12:09:22.801-0500] {taskinstance.py:2330} INFO - Executing <Task(PythonOperator): segment_textract_json> on 2025-11-08 17:09:12.448405+00:00
[2025-11-08T12:09:22.817-0500] {standard_task_runner.py:90} INFO - Running: ['***', 'tasks', 'run', 'ocr_pipeline_dag', 'segment_textract_json', 'manual__2025-11-08T17:09:12.448405+00:00', '--job-id', '9', '--raw', '--subdir', 'DAGS_FOLDER/ocr_pipeline_dag.py', '--cfg-path', '/tmp/tmppwt32tru']
[2025-11-08T12:09:22.823-0500] {standard_task_runner.py:91} INFO - Job 9: Subtask segment_textract_json
[2025-11-08T12:09:22.822-0500] {logging_mixin.py:188} WARNING - /home/***/.local/lib/python3.12/site-packages/***/task/task_runner/standard_task_runner.py:62 DeprecationWarning: This process (pid=252) is multi-threaded, use of fork() may lead to deadlocks in the child.
[2025-11-08T12:09:22.824-0500] {standard_task_runner.py:64} INFO - Started process 254 to run task
[2025-11-08T12:09:22.935-0500] {task_command.py:426} INFO - Running <TaskInstance: ocr_pipeline_dag.segment_textract_json manual__2025-11-08T17:09:12.448405+00:00 [running]> on host 12c4794374da
[2025-11-08T12:09:23.093-0500] {taskinstance.py:2648} INFO - Exporting env vars: AIRFLOW_CTX_DAG_OWNER='intellidoc_team' AIRFLOW_CTX_DAG_ID='ocr_pipeline_dag' AIRFLOW_CTX_TASK_ID='segment_textract_json' AIRFLOW_CTX_EXECUTION_DATE='2025-11-08T17:09:12.448405+00:00' AIRFLOW_CTX_TRY_NUMBER='1' AIRFLOW_CTX_DAG_RUN_ID='manual__2025-11-08T17:09:12.448405+00:00'
[2025-11-08T12:09:23.099-0500] {taskinstance.py:430} INFO - ::endgroup::
[2025-11-08T12:09:23.171-0500] {tracker.py:72} INFO - 🧾 Recorded task 'run_segmentation_all' as STARTED
[2025-11-08T12:09:23.200-0500] {logging_mixin.py:188} WARNING - Segmenting Textract JSONs:   0%|          | 0/10 [00:00<?, ?it/s]
[2025-11-08T12:09:23.232-0500] {tracker.py:72} INFO - 🧾 Recorded task 'segment_dummy_raw' as STARTED
[2025-11-08T12:09:23.241-0500] {segment_text.py:70} INFO - 📂 Processing file: /opt/project/data/aws_extraction_data/raw/dummy_raw.json
[2025-11-08T12:09:23.243-0500] {segment_text.py:71} INFO - 📦 Total blocks found: 1
[2025-11-08T12:09:23.254-0500] {segment_text.py:93} INFO - ✅ Segmented output saved: /opt/project/data/aws_extraction_data/segmented/dummy_segmented.json (Lines: 1)
[2025-11-08T12:09:23.288-0500] {tracker.py:72} INFO - 🧾 Recorded task 'segment_dummy_raw' as SUCCESS
[2025-11-08T12:09:23.335-0500] {tracker.py:72} INFO - 🧾 Recorded task 'segment_form_centre_showcase_personal_loan_form_raw' as STARTED
[2025-11-08T12:09:23.519-0500] {segment_text.py:70} INFO - 📂 Processing file: /opt/project/data/aws_extraction_data/raw/form_centre_showcase_personal_loan_form_raw.json
[2025-11-08T12:09:23.520-0500] {segment_text.py:71} INFO - 📦 Total blocks found: 4174
[2025-11-08T12:09:23.565-0500] {segment_text.py:93} INFO - ✅ Segmented output saved: /opt/project/data/aws_extraction_data/segmented/form_centre_showcase_personal_loan_form_segmented.json (Lines: 568)
[2025-11-08T12:09:23.601-0500] {tracker.py:72} INFO - 🧾 Recorded task 'segment_form_centre_showcase_personal_loan_form_raw' as SUCCESS
[2025-11-08T12:09:23.610-0500] {logging_mixin.py:188} WARNING - Segmenting Textract JSONs:  20%|##        | 2/10 [00:00<00:01,  4.90it/s]
[2025-11-08T12:09:23.641-0500] {tracker.py:72} INFO - 🧾 Recorded task 'segment_gss-term-loan-agreement-ccd-5_raw' as STARTED
[2025-11-08T12:09:24.039-0500] {segment_text.py:70} INFO - 📂 Processing file: /opt/project/data/aws_extraction_data/raw/gss-term-loan-agreement-ccd-5_raw.json
[2025-11-08T12:09:24.040-0500] {segment_text.py:71} INFO - 📦 Total blocks found: 10563
[2025-11-08T12:09:24.117-0500] {segment_text.py:93} INFO - ✅ Segmented output saved: /opt/project/data/aws_extraction_data/segmented/gss-term-loan-agreement-ccd-5_segmented.json (Lines: 1164)
[2025-11-08T12:09:24.156-0500] {tracker.py:72} INFO - 🧾 Recorded task 'segment_gss-term-loan-agreement-ccd-5_raw' as SUCCESS
[2025-11-08T12:09:24.170-0500] {logging_mixin.py:188} WARNING - Segmenting Textract JSONs:  30%|###       | 3/10 [00:00<00:02,  2.83it/s]
[2025-11-08T12:09:24.203-0500] {tracker.py:72} INFO - 🧾 Recorded task 'segment_home_loan_001_raw' as STARTED
[2025-11-08T12:09:24.216-0500] {segment_text.py:70} INFO - 📂 Processing file: /opt/project/data/aws_extraction_data/raw/home_loan_001_raw.json
[2025-11-08T12:09:24.217-0500] {segment_text.py:71} INFO - 📦 Total blocks found: 61
[2025-11-08T12:09:24.228-0500] {segment_text.py:93} INFO - ✅ Segmented output saved: /opt/project/data/aws_extraction_data/segmented/home_loan_001_segmented.json (Lines: 12)
[2025-11-08T12:09:24.263-0500] {tracker.py:72} INFO - 🧾 Recorded task 'segment_home_loan_001_raw' as SUCCESS
[2025-11-08T12:09:24.302-0500] {tracker.py:72} INFO - 🧾 Recorded task 'segment_loan1_raw' as STARTED
[2025-11-08T12:09:24.388-0500] {segment_text.py:70} INFO - 📂 Processing file: /opt/project/data/aws_extraction_data/raw/loan1_raw.json
[2025-11-08T12:09:24.389-0500] {segment_text.py:71} INFO - 📦 Total blocks found: 2299
[2025-11-08T12:09:24.428-0500] {segment_text.py:93} INFO - ✅ Segmented output saved: /opt/project/data/aws_extraction_data/segmented/loan1_segmented.json (Lines: 508)
[2025-11-08T12:09:24.470-0500] {tracker.py:72} INFO - 🧾 Recorded task 'segment_loan1_raw' as SUCCESS
[2025-11-08T12:09:24.475-0500] {logging_mixin.py:188} WARNING - Segmenting Textract JSONs:  50%|#####     | 5/10 [00:01<00:01,  4.10it/s]
[2025-11-08T12:09:24.532-0500] {tracker.py:72} INFO - 🧾 Recorded task 'segment_loan2_raw' as STARTED
[2025-11-08T12:09:24.720-0500] {segment_text.py:70} INFO - 📂 Processing file: /opt/project/data/aws_extraction_data/raw/loan2_raw.json
[2025-11-08T12:09:24.722-0500] {segment_text.py:71} INFO - 📦 Total blocks found: 2797
[2025-11-08T12:09:24.802-0500] {segment_text.py:93} INFO - ✅ Segmented output saved: /opt/project/data/aws_extraction_data/segmented/loan2_segmented.json (Lines: 367)
[2025-11-08T12:09:24.871-0500] {tracker.py:72} INFO - 🧾 Recorded task 'segment_loan2_raw' as SUCCESS
[2025-11-08T12:09:24.880-0500] {logging_mixin.py:188} WARNING - Segmenting Textract JSONs:  60%|######    | 6/10 [00:01<00:01,  3.46it/s]
[2025-11-08T12:09:24.923-0500] {tracker.py:72} INFO - 🧾 Recorded task 'segment_loan3_raw' as STARTED
[2025-11-08T12:09:26.179-0500] {segment_text.py:70} INFO - 📂 Processing file: /opt/project/data/aws_extraction_data/raw/loan3_raw.json
[2025-11-08T12:09:26.181-0500] {segment_text.py:71} INFO - 📦 Total blocks found: 9881
[2025-11-08T12:09:26.277-0500] {segment_text.py:93} INFO - ✅ Segmented output saved: /opt/project/data/aws_extraction_data/segmented/loan3_segmented.json (Lines: 938)
[2025-11-08T12:09:26.387-0500] {tracker.py:72} INFO - 🧾 Recorded task 'segment_loan3_raw' as SUCCESS
[2025-11-08T12:09:26.405-0500] {logging_mixin.py:188} WARNING - Segmenting Textract JSONs:  70%|#######   | 7/10 [00:03<00:01,  1.56it/s]
[2025-11-08T12:09:26.444-0500] {tracker.py:72} INFO - 🧾 Recorded task 'segment_Personal-Loan-Agreement_raw' as STARTED
[2025-11-08T12:09:26.516-0500] {segment_text.py:70} INFO - 📂 Processing file: /opt/project/data/aws_extraction_data/raw/Personal-Loan-Agreement_raw.json
[2025-11-08T12:09:26.517-0500] {segment_text.py:71} INFO - 📦 Total blocks found: 1134
[2025-11-08T12:09:26.537-0500] {segment_text.py:93} INFO - ✅ Segmented output saved: /opt/project/data/aws_extraction_data/segmented/Personal-Loan-Agreement_segmented.json (Lines: 132)
[2025-11-08T12:09:26.574-0500] {tracker.py:72} INFO - 🧾 Recorded task 'segment_Personal-Loan-Agreement_raw' as SUCCESS
[2025-11-08T12:09:26.579-0500] {logging_mixin.py:188} WARNING - Segmenting Textract JSONs:  80%|########  | 8/10 [00:03<00:01,  1.98it/s]
[2025-11-08T12:09:26.622-0500] {tracker.py:72} INFO - 🧾 Recorded task 'segment_pl_agreement_raw' as STARTED
[2025-11-08T12:09:28.473-0500] {segment_text.py:70} INFO - 📂 Processing file: /opt/project/data/aws_extraction_data/raw/pl_agreement_raw.json
[2025-11-08T12:09:28.474-0500] {segment_text.py:71} INFO - 📦 Total blocks found: 11234
[2025-11-08T12:09:28.563-0500] {segment_text.py:93} INFO - ✅ Segmented output saved: /opt/project/data/aws_extraction_data/segmented/pl_agreement_segmented.json (Lines: 1194)
[2025-11-08T12:09:28.610-0500] {tracker.py:72} INFO - 🧾 Recorded task 'segment_pl_agreement_raw' as SUCCESS
[2025-11-08T12:09:28.629-0500] {logging_mixin.py:188} WARNING - Segmenting Textract JSONs:  90%|######### | 9/10 [00:05<00:00,  1.04it/s]
[2025-11-08T12:09:28.669-0500] {tracker.py:72} INFO - 🧾 Recorded task 'segment_specimen-agreement_raw' as STARTED
[2025-11-08T12:09:28.954-0500] {segment_text.py:70} INFO - 📂 Processing file: /opt/project/data/aws_extraction_data/raw/specimen-agreement_raw.json
[2025-11-08T12:09:28.956-0500] {segment_text.py:71} INFO - 📦 Total blocks found: 5407
[2025-11-08T12:09:29.010-0500] {segment_text.py:93} INFO - ✅ Segmented output saved: /opt/project/data/aws_extraction_data/segmented/specimen-agreement_segmented.json (Lines: 446)
[2025-11-08T12:09:29.089-0500] {tracker.py:72} INFO - 🧾 Recorded task 'segment_specimen-agreement_raw' as SUCCESS
[2025-11-08T12:09:29.105-0500] {logging_mixin.py:188} WARNING - Segmenting Textract JSONs: 100%|##########| 10/10 [00:05<00:00,  1.23it/s]
[2025-11-08T12:09:29.106-0500] {logging_mixin.py:188} WARNING - Segmenting Textract JSONs: 100%|##########| 10/10 [00:05<00:00,  1.69it/s]
[2025-11-08T12:09:29.107-0500] {segment_text.py:135} INFO - ✅ Completed segmentation for 10 files.
[2025-11-08T12:09:29.151-0500] {tracker.py:72} INFO - 🧾 Recorded task 'run_segmentation_all' as SUCCESS
[2025-11-08T12:09:29.153-0500] {python.py:237} INFO - Done. Returned value was: ['/opt/project/data/aws_extraction_data/segmented/dummy_segmented.json', '/opt/project/data/aws_extraction_data/segmented/form_centre_showcase_personal_loan_form_segmented.json', '/opt/project/data/aws_extraction_data/segmented/gss-term-loan-agreement-ccd-5_segmented.json', '/opt/project/data/aws_extraction_data/segmented/home_loan_001_segmented.json', '/opt/project/data/aws_extraction_data/segmented/loan1_segmented.json', '/opt/project/data/aws_extraction_data/segmented/loan2_segmented.json', '/opt/project/data/aws_extraction_data/segmented/loan3_segmented.json', '/opt/project/data/aws_extraction_data/segmented/Personal-Loan-Agreement_segmented.json', '/opt/project/data/aws_extraction_data/segmented/pl_agreement_segmented.json', '/opt/project/data/aws_extraction_data/segmented/specimen-agreement_segmented.json']
[2025-11-08T12:09:29.155-0500] {taskinstance.py:441} INFO - ::group::Post task execution logs
[2025-11-08T12:09:29.203-0500] {taskinstance.py:1206} INFO - Marking task as SUCCESS. dag_id=ocr_pipeline_dag, task_id=segment_textract_json, run_id=manual__2025-11-08T17:09:12.448405+00:00, execution_date=20251108T170912, start_date=20251108T170922, end_date=20251108T170929
[2025-11-08T12:09:29.282-0500] {local_task_job_runner.py:243} INFO - Task exited with return code 0
[2025-11-08T12:09:29.329-0500] {taskinstance.py:3503} INFO - 1 downstream tasks scheduled from follow-on schedule check
[2025-11-08T12:09:29.333-0500] {local_task_job_runner.py:222} INFO - ::endgroup::
