[2025-11-08T11:48:05.860-0500] {local_task_job_runner.py:120} INFO - ::group::Pre task execution logs
[2025-11-08T11:48:05.924-0500] {taskinstance.py:2076} INFO - Dependencies all met for dep_context=non-requeueable deps ti=<TaskInstance: ocr_pipeline_dag.normalize_segmented_json manual__2025-11-08T16:47:49.912197+00:00 [queued]>
[2025-11-08T11:48:05.945-0500] {taskinstance.py:2076} INFO - Dependencies all met for dep_context=requeueable deps ti=<TaskInstance: ocr_pipeline_dag.normalize_segmented_json manual__2025-11-08T16:47:49.912197+00:00 [queued]>
[2025-11-08T11:48:05.948-0500] {taskinstance.py:2306} INFO - Starting attempt 1 of 2
[2025-11-08T11:48:05.976-0500] {taskinstance.py:2330} INFO - Executing <Task(PythonOperator): normalize_segmented_json> on 2025-11-08 16:47:49.912197+00:00
[2025-11-08T11:48:06.086-0500] {logging_mixin.py:188} WARNING - /home/***/.local/lib/python3.12/site-packages/***/task/task_runner/standard_task_runner.py:62 DeprecationWarning: This process (pid=244) is multi-threaded, use of fork() may lead to deadlocks in the child.
[2025-11-08T11:48:06.027-0500] {standard_task_runner.py:90} INFO - Running: ['***', 'tasks', 'run', 'ocr_pipeline_dag', 'normalize_segmented_json', 'manual__2025-11-08T16:47:49.912197+00:00', '--job-id', '10', '--raw', '--subdir', 'DAGS_FOLDER/ocr_pipeline_dag.py', '--cfg-path', '/tmp/tmp7wqpj7ga']
[2025-11-08T11:48:06.092-0500] {standard_task_runner.py:64} INFO - Started process 250 to run task
[2025-11-08T11:48:06.093-0500] {standard_task_runner.py:91} INFO - Job 10: Subtask normalize_segmented_json
[2025-11-08T11:48:06.526-0500] {task_command.py:426} INFO - Running <TaskInstance: ocr_pipeline_dag.normalize_segmented_json manual__2025-11-08T16:47:49.912197+00:00 [running]> on host 7ec7af965c9c
[2025-11-08T11:48:06.989-0500] {taskinstance.py:2648} INFO - Exporting env vars: AIRFLOW_CTX_DAG_OWNER='intellidoc_team' AIRFLOW_CTX_DAG_ID='ocr_pipeline_dag' AIRFLOW_CTX_TASK_ID='normalize_segmented_json' AIRFLOW_CTX_EXECUTION_DATE='2025-11-08T16:47:49.912197+00:00' AIRFLOW_CTX_TRY_NUMBER='1' AIRFLOW_CTX_DAG_RUN_ID='manual__2025-11-08T16:47:49.912197+00:00'
[2025-11-08T11:48:06.991-0500] {taskinstance.py:430} INFO - ::endgroup::
[2025-11-08T11:48:07.063-0500] {tracker.py:72} INFO - 🧾 Recorded task 'run_normalization_all' as STARTED
[2025-11-08T11:48:07.125-0500] {logging_mixin.py:188} WARNING - Normalizing segmented JSONs:   0%|          | 0/12 [00:00<?, ?it/s]
[2025-11-08T11:48:07.158-0500] {tracker.py:72} INFO - 🧾 Recorded task 'normalize_dummy_segmented' as STARTED
[2025-11-08T11:48:07.182-0500] {normalize_text.py:99} INFO - ✅ Normalized file saved: /opt/project/data/aws_extraction_data/normalized/dummy_normalized.json (Lines: 1)
[2025-11-08T11:48:07.219-0500] {tracker.py:72} INFO - 🧾 Recorded task 'normalize_dummy_segmented' as SUCCESS
[2025-11-08T11:48:07.271-0500] {tracker.py:72} INFO - 🧾 Recorded task 'normalize_empty_segmented' as STARTED
[2025-11-08T11:48:07.295-0500] {normalize_text.py:99} INFO - ✅ Normalized file saved: /opt/project/data/aws_extraction_data/normalized/empty_normalized.json (Lines: 0)
[2025-11-08T11:48:07.344-0500] {tracker.py:72} INFO - 🧾 Recorded task 'normalize_empty_segmented' as SUCCESS
[2025-11-08T11:48:07.348-0500] {logging_mixin.py:188} WARNING - Normalizing segmented JSONs:  17%|#6        | 2/12 [00:00<00:01,  9.01it/s]
[2025-11-08T11:48:07.394-0500] {tracker.py:72} INFO - 🧾 Recorded task 'normalize_form_centre_showcase_personal_loan_form_segmented' as STARTED
[2025-11-08T11:48:07.518-0500] {normalize_text.py:99} INFO - ✅ Normalized file saved: /opt/project/data/aws_extraction_data/normalized/form_centre_showcase_personal_loan_form_normalized.json (Lines: 568)
[2025-11-08T11:48:07.567-0500] {tracker.py:72} INFO - 🧾 Recorded task 'normalize_form_centre_showcase_personal_loan_form_segmented' as SUCCESS
[2025-11-08T11:48:07.571-0500] {logging_mixin.py:188} WARNING - Normalizing segmented JSONs:  25%|##5       | 3/12 [00:00<00:01,  6.34it/s]
[2025-11-08T11:48:07.660-0500] {tracker.py:72} INFO - 🧾 Recorded task 'normalize_gss-term-loan-agreement-ccd-5_segmented' as STARTED
[2025-11-08T11:48:07.818-0500] {normalize_text.py:99} INFO - ✅ Normalized file saved: /opt/project/data/aws_extraction_data/normalized/gss-term-loan-agreement-ccd-5_normalized.json (Lines: 1164)
[2025-11-08T11:48:07.866-0500] {tracker.py:72} INFO - 🧾 Recorded task 'normalize_gss-term-loan-agreement-ccd-5_segmented' as SUCCESS
[2025-11-08T11:48:07.874-0500] {logging_mixin.py:188} WARNING - Normalizing segmented JSONs:  33%|###3      | 4/12 [00:00<00:01,  4.73it/s]
[2025-11-08T11:48:07.922-0500] {tracker.py:72} INFO - 🧾 Recorded task 'normalize_home_loan_001_segmented' as STARTED
[2025-11-08T11:48:07.948-0500] {normalize_text.py:99} INFO - ✅ Normalized file saved: /opt/project/data/aws_extraction_data/normalized/home_loan_001_normalized.json (Lines: 12)
[2025-11-08T11:48:07.989-0500] {tracker.py:72} INFO - 🧾 Recorded task 'normalize_home_loan_001_segmented' as SUCCESS
[2025-11-08T11:48:07.992-0500] {logging_mixin.py:188} WARNING - Normalizing segmented JSONs:  42%|####1     | 5/12 [00:00<00:01,  5.58it/s]
[2025-11-08T11:48:08.067-0500] {tracker.py:72} INFO - 🧾 Recorded task 'normalize_loan1_segmented' as STARTED
[2025-11-08T11:48:08.167-0500] {normalize_text.py:99} INFO - ✅ Normalized file saved: /opt/project/data/aws_extraction_data/normalized/loan1_normalized.json (Lines: 508)
[2025-11-08T11:48:08.203-0500] {tracker.py:72} INFO - 🧾 Recorded task 'normalize_loan1_segmented' as SUCCESS
[2025-11-08T11:48:08.205-0500] {logging_mixin.py:188} WARNING - Normalizing segmented JSONs:  50%|#####     | 6/12 [00:01<00:01,  5.25it/s]
[2025-11-08T11:48:08.245-0500] {tracker.py:72} INFO - 🧾 Recorded task 'normalize_loan2_segmented' as STARTED
[2025-11-08T11:48:08.303-0500] {normalize_text.py:99} INFO - ✅ Normalized file saved: /opt/project/data/aws_extraction_data/normalized/loan2_normalized.json (Lines: 367)
[2025-11-08T11:48:08.344-0500] {tracker.py:72} INFO - 🧾 Recorded task 'normalize_loan2_segmented' as SUCCESS
[2025-11-08T11:48:08.348-0500] {logging_mixin.py:188} WARNING - Normalizing segmented JSONs:  58%|#####8    | 7/12 [00:01<00:00,  5.71it/s]
[2025-11-08T11:48:08.392-0500] {tracker.py:72} INFO - 🧾 Recorded task 'normalize_loan3_segmented' as STARTED
[2025-11-08T11:48:08.530-0500] {normalize_text.py:99} INFO - ✅ Normalized file saved: /opt/project/data/aws_extraction_data/normalized/loan3_normalized.json (Lines: 938)
[2025-11-08T11:48:08.580-0500] {tracker.py:72} INFO - 🧾 Recorded task 'normalize_loan3_segmented' as SUCCESS
[2025-11-08T11:48:08.584-0500] {logging_mixin.py:188} WARNING - Normalizing segmented JSONs:  67%|######6   | 8/12 [00:01<00:00,  5.15it/s]
[2025-11-08T11:48:08.632-0500] {tracker.py:72} INFO - 🧾 Recorded task 'normalize_loan_segmented' as STARTED
[2025-11-08T11:48:08.654-0500] {normalize_text.py:99} INFO - ✅ Normalized file saved: /opt/project/data/aws_extraction_data/normalized/loan_normalized.json (Lines: 2)
[2025-11-08T11:48:08.694-0500] {tracker.py:72} INFO - 🧾 Recorded task 'normalize_loan_segmented' as SUCCESS
[2025-11-08T11:48:08.696-0500] {logging_mixin.py:188} WARNING - Normalizing segmented JSONs:  75%|#######5  | 9/12 [00:01<00:00,  5.92it/s]
[2025-11-08T11:48:08.733-0500] {tracker.py:72} INFO - 🧾 Recorded task 'normalize_Personal-Loan-Agreement_segmented' as STARTED
[2025-11-08T11:48:08.769-0500] {normalize_text.py:99} INFO - ✅ Normalized file saved: /opt/project/data/aws_extraction_data/normalized/Personal-Loan-Agreement_normalized.json (Lines: 132)
[2025-11-08T11:48:08.807-0500] {tracker.py:72} INFO - 🧾 Recorded task 'normalize_Personal-Loan-Agreement_segmented' as SUCCESS
[2025-11-08T11:48:08.809-0500] {logging_mixin.py:188} WARNING - Normalizing segmented JSONs:  83%|########3 | 10/12 [00:01<00:00,  6.60it/s]
[2025-11-08T11:48:08.851-0500] {tracker.py:72} INFO - 🧾 Recorded task 'normalize_pl_agreement_segmented' as STARTED
[2025-11-08T11:48:09.036-0500] {normalize_text.py:99} INFO - ✅ Normalized file saved: /opt/project/data/aws_extraction_data/normalized/pl_agreement_normalized.json (Lines: 1194)
[2025-11-08T11:48:09.097-0500] {tracker.py:72} INFO - 🧾 Recorded task 'normalize_pl_agreement_segmented' as SUCCESS
[2025-11-08T11:48:09.100-0500] {logging_mixin.py:188} WARNING - Normalizing segmented JSONs:  92%|#########1| 11/12 [00:01<00:00,  5.15it/s]
[2025-11-08T11:48:09.150-0500] {tracker.py:72} INFO - 🧾 Recorded task 'normalize_specimen-agreement_segmented' as STARTED
[2025-11-08T11:48:09.225-0500] {normalize_text.py:99} INFO - ✅ Normalized file saved: /opt/project/data/aws_extraction_data/normalized/specimen-agreement_normalized.json (Lines: 446)
[2025-11-08T11:48:09.263-0500] {tracker.py:72} INFO - 🧾 Recorded task 'normalize_specimen-agreement_segmented' as SUCCESS
[2025-11-08T11:48:09.265-0500] {logging_mixin.py:188} WARNING - Normalizing segmented JSONs: 100%|##########| 12/12 [00:02<00:00,  5.40it/s]
[2025-11-08T11:48:09.266-0500] {logging_mixin.py:188} WARNING - Normalizing segmented JSONs: 100%|##########| 12/12 [00:02<00:00,  5.61it/s]
[2025-11-08T11:48:09.267-0500] {normalize_text.py:141} INFO - ✅ Completed normalization for 12 files.
[2025-11-08T11:48:09.307-0500] {tracker.py:72} INFO - 🧾 Recorded task 'run_normalization_all' as SUCCESS
[2025-11-08T11:48:09.309-0500] {python.py:237} INFO - Done. Returned value was: ['/opt/project/data/aws_extraction_data/normalized/dummy_normalized.json', '/opt/project/data/aws_extraction_data/normalized/empty_normalized.json', '/opt/project/data/aws_extraction_data/normalized/form_centre_showcase_personal_loan_form_normalized.json', '/opt/project/data/aws_extraction_data/normalized/gss-term-loan-agreement-ccd-5_normalized.json', '/opt/project/data/aws_extraction_data/normalized/home_loan_001_normalized.json', '/opt/project/data/aws_extraction_data/normalized/loan1_normalized.json', '/opt/project/data/aws_extraction_data/normalized/loan2_normalized.json', '/opt/project/data/aws_extraction_data/normalized/loan3_normalized.json', '/opt/project/data/aws_extraction_data/normalized/loan_normalized.json', '/opt/project/data/aws_extraction_data/normalized/Personal-Loan-Agreement_normalized.json', '/opt/project/data/aws_extraction_data/normalized/pl_agreement_normalized.json', '/opt/project/data/aws_extraction_data/normalized/specimen-agreement_normalized.json']
[2025-11-08T11:48:09.310-0500] {taskinstance.py:441} INFO - ::group::Post task execution logs
[2025-11-08T11:48:09.342-0500] {taskinstance.py:1206} INFO - Marking task as SUCCESS. dag_id=ocr_pipeline_dag, task_id=normalize_segmented_json, run_id=manual__2025-11-08T16:47:49.912197+00:00, execution_date=20251108T164749, start_date=20251108T164805, end_date=20251108T164809
[2025-11-08T11:48:09.414-0500] {local_task_job_runner.py:243} INFO - Task exited with return code 0
[2025-11-08T11:48:09.442-0500] {taskinstance.py:3503} INFO - 1 downstream tasks scheduled from follow-on schedule check
[2025-11-08T11:48:09.445-0500] {local_task_job_runner.py:222} INFO - ::endgroup::
