[2025-11-07T22:14:07.864+0000] {local_task_job_runner.py:120} INFO - ::group::Pre task execution logs
[2025-11-07T22:14:07.872+0000] {taskinstance.py:2076} INFO - Dependencies all met for dep_context=non-requeueable deps ti=<TaskInstance: loan_doc_pipeline_dag.update_vector_index manual__2025-11-07T22:13:58.944732+00:00 [queued]>
[2025-11-07T22:14:07.875+0000] {taskinstance.py:2076} INFO - Dependencies all met for dep_context=requeueable deps ti=<TaskInstance: loan_doc_pipeline_dag.update_vector_index manual__2025-11-07T22:13:58.944732+00:00 [queued]>
[2025-11-07T22:14:07.876+0000] {taskinstance.py:2306} INFO - Starting attempt 1 of 3
[2025-11-07T22:14:07.880+0000] {taskinstance.py:2330} INFO - Executing <Task(PythonOperator): update_vector_index> on 2025-11-07 22:13:58.944732+00:00
[2025-11-07T22:14:07.887+0000] {standard_task_runner.py:63} INFO - Started process 164 to run task
[2025-11-07T22:14:07.892+0000] {standard_task_runner.py:90} INFO - Running: ['***', 'tasks', 'run', 'loan_doc_pipeline_dag', 'update_vector_index', 'manual__2025-11-07T22:13:58.944732+00:00', '--job-id', '6', '--raw', '--subdir', 'DAGS_FOLDER/loan_doc_pipeline_dag.py', '--cfg-path', '/tmp/tmp3mpiq_jd']
[2025-11-07T22:14:07.893+0000] {standard_task_runner.py:91} INFO - Job 6: Subtask update_vector_index
[2025-11-07T22:14:07.945+0000] {task_command.py:426} INFO - Running <TaskInstance: loan_doc_pipeline_dag.update_vector_index manual__2025-11-07T22:13:58.944732+00:00 [running]> on host 642a43ff8067
[2025-11-07T22:14:07.999+0000] {taskinstance.py:2648} INFO - Exporting env vars: AIRFLOW_CTX_DAG_OWNER='kousik' AIRFLOW_CTX_DAG_ID='loan_doc_pipeline_dag' AIRFLOW_CTX_TASK_ID='update_vector_index' AIRFLOW_CTX_EXECUTION_DATE='2025-11-07T22:13:58.944732+00:00' AIRFLOW_CTX_TRY_NUMBER='1' AIRFLOW_CTX_DAG_RUN_ID='manual__2025-11-07T22:13:58.944732+00:00'
[2025-11-07T22:14:08.003+0000] {taskinstance.py:430} INFO - ::endgroup::
[2025-11-07T22:14:08.015+0000] {logging_mixin.py:188} WARNING - 2025-11-07 22:14:08 | index_task | INFO | 🧩 Logger initialized for DAG → /opt/***/logs/dag_logs/dag_20251107_221408.log
[2025-11-07T22:14:08.015+0000] {config.py:104} INFO - 🧩 Logger initialized for DAG → /opt/***/logs/dag_logs/dag_20251107_221408.log
[2025-11-07T22:14:08.016+0000] {logging_mixin.py:188} WARNING - 2025-11-07 22:14:08 | index_anomaly | INFO | 🧩 Logger initialized for ANOMALY → /opt/***/logs/anomaly_logs/anomaly_20251107_221408.log
[2025-11-07T22:14:08.016+0000] {config.py:104} INFO - 🧩 Logger initialized for ANOMALY → /opt/***/logs/anomaly_logs/anomaly_20251107_221408.log
[2025-11-07T22:14:08.016+0000] {logging_mixin.py:188} WARNING - 2025-11-07 22:14:08 | index_task | INFO | 🔗 Starting vector index update...
[2025-11-07T22:14:08.016+0000] {loan_doc_pipeline_dag.py:110} INFO - 🔗 Starting vector index update...
[2025-11-07T22:14:08.032+0000] {log.py:232} WARNING - 2025-11-07 22:14:08 | scripts.LLMquery.build_index | INFO | 🧠 Adding /opt/***/data/clean_texts/Model_pipeline_20251107_221403.txt to existing index...
[2025-11-07T22:14:08.030+0000] {build_index.py:55} INFO - 🧠 Adding /opt/***/data/clean_texts/Model_pipeline_20251107_221403.txt to existing index...
[2025-11-07T22:14:08.037+0000] {SentenceTransformer.py:107} INFO - Load pretrained SentenceTransformer: sentence-transformers/all-MiniLM-L6-v2
[2025-11-07T22:14:08.852+0000] {SentenceTransformer.py:213} INFO - Use pytorch device_name: cpu
[2025-11-07T22:14:08.859+0000] {log.py:232} WARNING - 2025-11-07 22:14:08 | scripts.LLMquery.build_index | ERROR | ❌ Failed to index /opt/***/data/clean_texts/Model_pipeline_20251107_221403.txt: [91mYou are using a deprecated configuration of Chroma.

[94mIf you do not have data you wish to migrate, you only need to change how you construct
your Chroma client. Please see the "New Clients" section of https://docs.trychroma.com/deployment/migration.
________________________________________________________________________________________________

If you do have data you wish to migrate, we have a migration tool you can use in order to
migrate your data to the new Chroma architecture.
Please `pip install chroma-migrate` and run `chroma-migrate` to migrate your data and then
change how you construct your Chroma client.

See https://docs.trychroma.com/deployment/migration for more information or join our discord at https://discord.gg/MMeYNTmh3x for help![0m
Traceback (most recent call last):
  File "/opt/***/scripts/LLMquery/build_index.py", line 65, in add_to_index
    db = Chroma(persist_directory=INDEX_PATH, embedding_function=embeddings)
  File "/home/***/.local/lib/python3.10/site-packages/langchain_chroma/vectorstores.py", line 367, in __init__
    self._client = chromadb.PersistentClient(
  File "/home/***/.local/lib/python3.10/site-packages/chromadb/__init__.py", line 213, in PersistentClient
    return ClientCreator(tenant=tenant, database=database, settings=settings)
  File "/home/***/.local/lib/python3.10/site-packages/chromadb/api/client.py", line 66, in __init__
    super().__init__(settings=settings)
  File "/home/***/.local/lib/python3.10/site-packages/chromadb/api/shared_system_client.py", line 19, in __init__
    SharedSystemClient._create_system_if_not_exists(self._identifier, settings)
  File "/home/***/.local/lib/python3.10/site-packages/chromadb/api/shared_system_client.py", line 26, in _create_system_if_not_exists
    new_system = System(settings)
  File "/home/***/.local/lib/python3.10/site-packages/chromadb/config.py", line 385, in __init__
    if settings[key] is not None:
  File "/home/***/.local/lib/python3.10/site-packages/chromadb/config.py", line 319, in __getitem__
    raise ValueError(LEGACY_ERROR)
ValueError: [91mYou are using a deprecated configuration of Chroma.

[94mIf you do not have data you wish to migrate, you only need to change how you construct
your Chroma client. Please see the "New Clients" section of https://docs.trychroma.com/deployment/migration.
________________________________________________________________________________________________

If you do have data you wish to migrate, we have a migration tool you can use in order to
migrate your data to the new Chroma architecture.
Please `pip install chroma-migrate` and run `chroma-migrate` to migrate your data and then
change how you construct your Chroma client.

See https://docs.trychroma.com/deployment/migration for more information or join our discord at https://discord.gg/MMeYNTmh3x for help![0m
[2025-11-07T22:14:08.856+0000] {build_index.py:86} ERROR - ❌ Failed to index /opt/***/data/clean_texts/Model_pipeline_20251107_221403.txt: [91mYou are using a deprecated configuration of Chroma.

[94mIf you do not have data you wish to migrate, you only need to change how you construct
your Chroma client. Please see the "New Clients" section of https://docs.trychroma.com/deployment/migration.
________________________________________________________________________________________________

If you do have data you wish to migrate, we have a migration tool you can use in order to
migrate your data to the new Chroma architecture.
Please `pip install chroma-migrate` and run `chroma-migrate` to migrate your data and then
change how you construct your Chroma client.

See https://docs.trychroma.com/deployment/migration for more information or join our discord at https://discord.gg/MMeYNTmh3x for help![0m
Traceback (most recent call last):
  File "/opt/airflow/scripts/LLMquery/build_index.py", line 65, in add_to_index
    db = Chroma(persist_directory=INDEX_PATH, embedding_function=embeddings)
  File "/home/airflow/.local/lib/python3.10/site-packages/langchain_chroma/vectorstores.py", line 367, in __init__
    self._client = chromadb.PersistentClient(
  File "/home/airflow/.local/lib/python3.10/site-packages/chromadb/__init__.py", line 213, in PersistentClient
    return ClientCreator(tenant=tenant, database=database, settings=settings)
  File "/home/airflow/.local/lib/python3.10/site-packages/chromadb/api/client.py", line 66, in __init__
    super().__init__(settings=settings)
  File "/home/airflow/.local/lib/python3.10/site-packages/chromadb/api/shared_system_client.py", line 19, in __init__
    SharedSystemClient._create_system_if_not_exists(self._identifier, settings)
  File "/home/airflow/.local/lib/python3.10/site-packages/chromadb/api/shared_system_client.py", line 26, in _create_system_if_not_exists
    new_system = System(settings)
  File "/home/airflow/.local/lib/python3.10/site-packages/chromadb/config.py", line 385, in __init__
    if settings[key] is not None:
  File "/home/airflow/.local/lib/python3.10/site-packages/chromadb/config.py", line 319, in __getitem__
    raise ValueError(LEGACY_ERROR)
ValueError: [91mYou are using a deprecated configuration of Chroma.

[94mIf you do not have data you wish to migrate, you only need to change how you construct
your Chroma client. Please see the "New Clients" section of https://docs.trychroma.com/deployment/migration.
________________________________________________________________________________________________

If you do have data you wish to migrate, we have a migration tool you can use in order to
migrate your data to the new Chroma architecture.
Please `pip install chroma-migrate` and run `chroma-migrate` to migrate your data and then
change how you construct your Chroma client.

See https://docs.trychroma.com/deployment/migration for more information or join our discord at https://discord.gg/MMeYNTmh3x for help![0m
[2025-11-07T22:14:08.859+0000] {logging_mixin.py:188} WARNING - 2025-11-07 22:14:08 | index_task | ERROR | ❌ Failed to index /opt/***/data/clean_texts/Model_pipeline_20251107_221403.txt: You are using a deprecated configuration of Chroma.

If you do not have data you wish to migrate, you only need to change how you construct
your Chroma client. Please see the "New Clients" section of https://docs.trychroma.com/deployment/migration.
________________________________________________________________________________________________

If you do have data you wish to migrate, we have a migration tool you can use in order to
migrate your data to the new Chroma architecture.
Please `pip install chroma-migrate` and run `chroma-migrate` to migrate your data and then
change how you construct your Chroma client.

See https://docs.trychroma.com/deployment/migration for more information or join our discord at https://discord.gg/MMeYNTmh3x for help!
Traceback (most recent call last):
  File "/opt/***/dags/loan_doc_pipeline_dag.py", line 118, in index_task
    add_to_index(f)
  File "/opt/***/scripts/LLMquery/build_index.py", line 87, in add_to_index
    raise e
  File "/opt/***/scripts/LLMquery/build_index.py", line 65, in add_to_index
    db = Chroma(persist_directory=INDEX_PATH, embedding_function=embeddings)
  File "/home/***/.local/lib/python3.10/site-packages/langchain_chroma/vectorstores.py", line 367, in __init__
    self._client = chromadb.PersistentClient(
  File "/home/***/.local/lib/python3.10/site-packages/chromadb/__init__.py", line 213, in PersistentClient
    return ClientCreator(tenant=tenant, database=database, settings=settings)
  File "/home/***/.local/lib/python3.10/site-packages/chromadb/api/client.py", line 66, in __init__
    super().__init__(settings=settings)
  File "/home/***/.local/lib/python3.10/site-packages/chromadb/api/shared_system_client.py", line 19, in __init__
    SharedSystemClient._create_system_if_not_exists(self._identifier, settings)
  File "/home/***/.local/lib/python3.10/site-packages/chromadb/api/shared_system_client.py", line 26, in _create_system_if_not_exists
    new_system = System(settings)
  File "/home/***/.local/lib/python3.10/site-packages/chromadb/config.py", line 385, in __init__
    if settings[key] is not None:
  File "/home/***/.local/lib/python3.10/site-packages/chromadb/config.py", line 319, in __getitem__
    raise ValueError(LEGACY_ERROR)
ValueError: You are using a deprecated configuration of Chroma.

If you do not have data you wish to migrate, you only need to change how you construct
your Chroma client. Please see the "New Clients" section of https://docs.trychroma.com/deployment/migration.
________________________________________________________________________________________________

If you do have data you wish to migrate, we have a migration tool you can use in order to
migrate your data to the new Chroma architecture.
Please `pip install chroma-migrate` and run `chroma-migrate` to migrate your data and then
change how you construct your Chroma client.

See https://docs.trychroma.com/deployment/migration for more information or join our discord at https://discord.gg/MMeYNTmh3x for help!
[2025-11-07T22:14:08.859+0000] {loan_doc_pipeline_dag.py:122} ERROR - ❌ Failed to index /opt/***/data/clean_texts/Model_pipeline_20251107_221403.txt: [91mYou are using a deprecated configuration of Chroma.

[94mIf you do not have data you wish to migrate, you only need to change how you construct
your Chroma client. Please see the "New Clients" section of https://docs.trychroma.com/deployment/migration.
________________________________________________________________________________________________

If you do have data you wish to migrate, we have a migration tool you can use in order to
migrate your data to the new Chroma architecture.
Please `pip install chroma-migrate` and run `chroma-migrate` to migrate your data and then
change how you construct your Chroma client.

See https://docs.trychroma.com/deployment/migration for more information or join our discord at https://discord.gg/MMeYNTmh3x for help![0m
Traceback (most recent call last):
  File "/opt/airflow/dags/loan_doc_pipeline_dag.py", line 118, in index_task
    add_to_index(f)
  File "/opt/airflow/scripts/LLMquery/build_index.py", line 87, in add_to_index
    raise e
  File "/opt/airflow/scripts/LLMquery/build_index.py", line 65, in add_to_index
    db = Chroma(persist_directory=INDEX_PATH, embedding_function=embeddings)
  File "/home/airflow/.local/lib/python3.10/site-packages/langchain_chroma/vectorstores.py", line 367, in __init__
    self._client = chromadb.PersistentClient(
  File "/home/airflow/.local/lib/python3.10/site-packages/chromadb/__init__.py", line 213, in PersistentClient
    return ClientCreator(tenant=tenant, database=database, settings=settings)
  File "/home/airflow/.local/lib/python3.10/site-packages/chromadb/api/client.py", line 66, in __init__
    super().__init__(settings=settings)
  File "/home/airflow/.local/lib/python3.10/site-packages/chromadb/api/shared_system_client.py", line 19, in __init__
    SharedSystemClient._create_system_if_not_exists(self._identifier, settings)
  File "/home/airflow/.local/lib/python3.10/site-packages/chromadb/api/shared_system_client.py", line 26, in _create_system_if_not_exists
    new_system = System(settings)
  File "/home/airflow/.local/lib/python3.10/site-packages/chromadb/config.py", line 385, in __init__
    if settings[key] is not None:
  File "/home/airflow/.local/lib/python3.10/site-packages/chromadb/config.py", line 319, in __getitem__
    raise ValueError(LEGACY_ERROR)
ValueError: [91mYou are using a deprecated configuration of Chroma.

[94mIf you do not have data you wish to migrate, you only need to change how you construct
your Chroma client. Please see the "New Clients" section of https://docs.trychroma.com/deployment/migration.
________________________________________________________________________________________________

If you do have data you wish to migrate, we have a migration tool you can use in order to
migrate your data to the new Chroma architecture.
Please `pip install chroma-migrate` and run `chroma-migrate` to migrate your data and then
change how you construct your Chroma client.

See https://docs.trychroma.com/deployment/migration for more information or join our discord at https://discord.gg/MMeYNTmh3x for help![0m
[2025-11-07T22:14:08.860+0000] {logging_mixin.py:188} WARNING - 2025-11-07 22:14:08 | index_anomaly | ERROR | ❌ Vectorization anomaly for /opt/***/data/clean_texts/Model_pipeline_20251107_221403.txt: You are using a deprecated configuration of Chroma.

If you do not have data you wish to migrate, you only need to change how you construct
your Chroma client. Please see the "New Clients" section of https://docs.trychroma.com/deployment/migration.
________________________________________________________________________________________________

If you do have data you wish to migrate, we have a migration tool you can use in order to
migrate your data to the new Chroma architecture.
Please `pip install chroma-migrate` and run `chroma-migrate` to migrate your data and then
change how you construct your Chroma client.

See https://docs.trychroma.com/deployment/migration for more information or join our discord at https://discord.gg/MMeYNTmh3x for help!
[2025-11-07T22:14:08.860+0000] {loan_doc_pipeline_dag.py:123} ERROR - ❌ Vectorization anomaly for /opt/***/data/clean_texts/Model_pipeline_20251107_221403.txt: [91mYou are using a deprecated configuration of Chroma.

[94mIf you do not have data you wish to migrate, you only need to change how you construct
your Chroma client. Please see the "New Clients" section of https://docs.trychroma.com/deployment/migration.
________________________________________________________________________________________________

If you do have data you wish to migrate, we have a migration tool you can use in order to
migrate your data to the new Chroma architecture.
Please `pip install chroma-migrate` and run `chroma-migrate` to migrate your data and then
change how you construct your Chroma client.

See https://docs.trychroma.com/deployment/migration for more information or join our discord at https://discord.gg/MMeYNTmh3x for help![0m
[2025-11-07T22:14:08.864+0000] {log.py:232} WARNING - 2025-11-07 22:14:08 | scripts.LLMquery.build_index | INFO | 🧠 Adding /opt/***/data/clean_texts/loan_demo2_20251107_221403.txt to existing index...
[2025-11-07T22:14:08.863+0000] {build_index.py:55} INFO - 🧠 Adding /opt/***/data/clean_texts/loan_demo2_20251107_221403.txt to existing index...
[2025-11-07T22:14:08.864+0000] {SentenceTransformer.py:107} INFO - Load pretrained SentenceTransformer: sentence-transformers/all-MiniLM-L6-v2
[2025-11-07T22:14:09.540+0000] {SentenceTransformer.py:213} INFO - Use pytorch device_name: cpu
[2025-11-07T22:14:09.542+0000] {log.py:232} WARNING - 2025-11-07 22:14:09 | scripts.LLMquery.build_index | ERROR | ❌ Failed to index /opt/***/data/clean_texts/loan_demo2_20251107_221403.txt: [91mYou are using a deprecated configuration of Chroma.

[94mIf you do not have data you wish to migrate, you only need to change how you construct
your Chroma client. Please see the "New Clients" section of https://docs.trychroma.com/deployment/migration.
________________________________________________________________________________________________

If you do have data you wish to migrate, we have a migration tool you can use in order to
migrate your data to the new Chroma architecture.
Please `pip install chroma-migrate` and run `chroma-migrate` to migrate your data and then
change how you construct your Chroma client.

See https://docs.trychroma.com/deployment/migration for more information or join our discord at https://discord.gg/MMeYNTmh3x for help![0m
Traceback (most recent call last):
  File "/opt/***/scripts/LLMquery/build_index.py", line 65, in add_to_index
    db = Chroma(persist_directory=INDEX_PATH, embedding_function=embeddings)
  File "/home/***/.local/lib/python3.10/site-packages/langchain_chroma/vectorstores.py", line 367, in __init__
    self._client = chromadb.PersistentClient(
  File "/home/***/.local/lib/python3.10/site-packages/chromadb/__init__.py", line 213, in PersistentClient
    return ClientCreator(tenant=tenant, database=database, settings=settings)
  File "/home/***/.local/lib/python3.10/site-packages/chromadb/api/client.py", line 66, in __init__
    super().__init__(settings=settings)
  File "/home/***/.local/lib/python3.10/site-packages/chromadb/api/shared_system_client.py", line 19, in __init__
    SharedSystemClient._create_system_if_not_exists(self._identifier, settings)
  File "/home/***/.local/lib/python3.10/site-packages/chromadb/api/shared_system_client.py", line 26, in _create_system_if_not_exists
    new_system = System(settings)
  File "/home/***/.local/lib/python3.10/site-packages/chromadb/config.py", line 385, in __init__
    if settings[key] is not None:
  File "/home/***/.local/lib/python3.10/site-packages/chromadb/config.py", line 319, in __getitem__
    raise ValueError(LEGACY_ERROR)
ValueError: [91mYou are using a deprecated configuration of Chroma.

[94mIf you do not have data you wish to migrate, you only need to change how you construct
your Chroma client. Please see the "New Clients" section of https://docs.trychroma.com/deployment/migration.
________________________________________________________________________________________________

If you do have data you wish to migrate, we have a migration tool you can use in order to
migrate your data to the new Chroma architecture.
Please `pip install chroma-migrate` and run `chroma-migrate` to migrate your data and then
change how you construct your Chroma client.

See https://docs.trychroma.com/deployment/migration for more information or join our discord at https://discord.gg/MMeYNTmh3x for help![0m
[2025-11-07T22:14:09.542+0000] {build_index.py:86} ERROR - ❌ Failed to index /opt/***/data/clean_texts/loan_demo2_20251107_221403.txt: [91mYou are using a deprecated configuration of Chroma.

[94mIf you do not have data you wish to migrate, you only need to change how you construct
your Chroma client. Please see the "New Clients" section of https://docs.trychroma.com/deployment/migration.
________________________________________________________________________________________________

If you do have data you wish to migrate, we have a migration tool you can use in order to
migrate your data to the new Chroma architecture.
Please `pip install chroma-migrate` and run `chroma-migrate` to migrate your data and then
change how you construct your Chroma client.

See https://docs.trychroma.com/deployment/migration for more information or join our discord at https://discord.gg/MMeYNTmh3x for help![0m
Traceback (most recent call last):
  File "/opt/airflow/scripts/LLMquery/build_index.py", line 65, in add_to_index
    db = Chroma(persist_directory=INDEX_PATH, embedding_function=embeddings)
  File "/home/airflow/.local/lib/python3.10/site-packages/langchain_chroma/vectorstores.py", line 367, in __init__
    self._client = chromadb.PersistentClient(
  File "/home/airflow/.local/lib/python3.10/site-packages/chromadb/__init__.py", line 213, in PersistentClient
    return ClientCreator(tenant=tenant, database=database, settings=settings)
  File "/home/airflow/.local/lib/python3.10/site-packages/chromadb/api/client.py", line 66, in __init__
    super().__init__(settings=settings)
  File "/home/airflow/.local/lib/python3.10/site-packages/chromadb/api/shared_system_client.py", line 19, in __init__
    SharedSystemClient._create_system_if_not_exists(self._identifier, settings)
  File "/home/airflow/.local/lib/python3.10/site-packages/chromadb/api/shared_system_client.py", line 26, in _create_system_if_not_exists
    new_system = System(settings)
  File "/home/airflow/.local/lib/python3.10/site-packages/chromadb/config.py", line 385, in __init__
    if settings[key] is not None:
  File "/home/airflow/.local/lib/python3.10/site-packages/chromadb/config.py", line 319, in __getitem__
    raise ValueError(LEGACY_ERROR)
ValueError: [91mYou are using a deprecated configuration of Chroma.

[94mIf you do not have data you wish to migrate, you only need to change how you construct
your Chroma client. Please see the "New Clients" section of https://docs.trychroma.com/deployment/migration.
________________________________________________________________________________________________

If you do have data you wish to migrate, we have a migration tool you can use in order to
migrate your data to the new Chroma architecture.
Please `pip install chroma-migrate` and run `chroma-migrate` to migrate your data and then
change how you construct your Chroma client.

See https://docs.trychroma.com/deployment/migration for more information or join our discord at https://discord.gg/MMeYNTmh3x for help![0m
[2025-11-07T22:14:09.543+0000] {logging_mixin.py:188} WARNING - 2025-11-07 22:14:09 | index_task | ERROR | ❌ Failed to index /opt/***/data/clean_texts/loan_demo2_20251107_221403.txt: You are using a deprecated configuration of Chroma.

If you do not have data you wish to migrate, you only need to change how you construct
your Chroma client. Please see the "New Clients" section of https://docs.trychroma.com/deployment/migration.
________________________________________________________________________________________________

If you do have data you wish to migrate, we have a migration tool you can use in order to
migrate your data to the new Chroma architecture.
Please `pip install chroma-migrate` and run `chroma-migrate` to migrate your data and then
change how you construct your Chroma client.

See https://docs.trychroma.com/deployment/migration for more information or join our discord at https://discord.gg/MMeYNTmh3x for help!
Traceback (most recent call last):
  File "/opt/***/dags/loan_doc_pipeline_dag.py", line 118, in index_task
    add_to_index(f)
  File "/opt/***/scripts/LLMquery/build_index.py", line 87, in add_to_index
    raise e
  File "/opt/***/scripts/LLMquery/build_index.py", line 65, in add_to_index
    db = Chroma(persist_directory=INDEX_PATH, embedding_function=embeddings)
  File "/home/***/.local/lib/python3.10/site-packages/langchain_chroma/vectorstores.py", line 367, in __init__
    self._client = chromadb.PersistentClient(
  File "/home/***/.local/lib/python3.10/site-packages/chromadb/__init__.py", line 213, in PersistentClient
    return ClientCreator(tenant=tenant, database=database, settings=settings)
  File "/home/***/.local/lib/python3.10/site-packages/chromadb/api/client.py", line 66, in __init__
    super().__init__(settings=settings)
  File "/home/***/.local/lib/python3.10/site-packages/chromadb/api/shared_system_client.py", line 19, in __init__
    SharedSystemClient._create_system_if_not_exists(self._identifier, settings)
  File "/home/***/.local/lib/python3.10/site-packages/chromadb/api/shared_system_client.py", line 26, in _create_system_if_not_exists
    new_system = System(settings)
  File "/home/***/.local/lib/python3.10/site-packages/chromadb/config.py", line 385, in __init__
    if settings[key] is not None:
  File "/home/***/.local/lib/python3.10/site-packages/chromadb/config.py", line 319, in __getitem__
    raise ValueError(LEGACY_ERROR)
ValueError: You are using a deprecated configuration of Chroma.

If you do not have data you wish to migrate, you only need to change how you construct
your Chroma client. Please see the "New Clients" section of https://docs.trychroma.com/deployment/migration.
________________________________________________________________________________________________

If you do have data you wish to migrate, we have a migration tool you can use in order to
migrate your data to the new Chroma architecture.
Please `pip install chroma-migrate` and run `chroma-migrate` to migrate your data and then
change how you construct your Chroma client.

See https://docs.trychroma.com/deployment/migration for more information or join our discord at https://discord.gg/MMeYNTmh3x for help!
[2025-11-07T22:14:09.543+0000] {loan_doc_pipeline_dag.py:122} ERROR - ❌ Failed to index /opt/***/data/clean_texts/loan_demo2_20251107_221403.txt: [91mYou are using a deprecated configuration of Chroma.

[94mIf you do not have data you wish to migrate, you only need to change how you construct
your Chroma client. Please see the "New Clients" section of https://docs.trychroma.com/deployment/migration.
________________________________________________________________________________________________

If you do have data you wish to migrate, we have a migration tool you can use in order to
migrate your data to the new Chroma architecture.
Please `pip install chroma-migrate` and run `chroma-migrate` to migrate your data and then
change how you construct your Chroma client.

See https://docs.trychroma.com/deployment/migration for more information or join our discord at https://discord.gg/MMeYNTmh3x for help![0m
Traceback (most recent call last):
  File "/opt/airflow/dags/loan_doc_pipeline_dag.py", line 118, in index_task
    add_to_index(f)
  File "/opt/airflow/scripts/LLMquery/build_index.py", line 87, in add_to_index
    raise e
  File "/opt/airflow/scripts/LLMquery/build_index.py", line 65, in add_to_index
    db = Chroma(persist_directory=INDEX_PATH, embedding_function=embeddings)
  File "/home/airflow/.local/lib/python3.10/site-packages/langchain_chroma/vectorstores.py", line 367, in __init__
    self._client = chromadb.PersistentClient(
  File "/home/airflow/.local/lib/python3.10/site-packages/chromadb/__init__.py", line 213, in PersistentClient
    return ClientCreator(tenant=tenant, database=database, settings=settings)
  File "/home/airflow/.local/lib/python3.10/site-packages/chromadb/api/client.py", line 66, in __init__
    super().__init__(settings=settings)
  File "/home/airflow/.local/lib/python3.10/site-packages/chromadb/api/shared_system_client.py", line 19, in __init__
    SharedSystemClient._create_system_if_not_exists(self._identifier, settings)
  File "/home/airflow/.local/lib/python3.10/site-packages/chromadb/api/shared_system_client.py", line 26, in _create_system_if_not_exists
    new_system = System(settings)
  File "/home/airflow/.local/lib/python3.10/site-packages/chromadb/config.py", line 385, in __init__
    if settings[key] is not None:
  File "/home/airflow/.local/lib/python3.10/site-packages/chromadb/config.py", line 319, in __getitem__
    raise ValueError(LEGACY_ERROR)
ValueError: [91mYou are using a deprecated configuration of Chroma.

[94mIf you do not have data you wish to migrate, you only need to change how you construct
your Chroma client. Please see the "New Clients" section of https://docs.trychroma.com/deployment/migration.
________________________________________________________________________________________________

If you do have data you wish to migrate, we have a migration tool you can use in order to
migrate your data to the new Chroma architecture.
Please `pip install chroma-migrate` and run `chroma-migrate` to migrate your data and then
change how you construct your Chroma client.

See https://docs.trychroma.com/deployment/migration for more information or join our discord at https://discord.gg/MMeYNTmh3x for help![0m
[2025-11-07T22:14:09.544+0000] {logging_mixin.py:188} WARNING - 2025-11-07 22:14:09 | index_anomaly | ERROR | ❌ Vectorization anomaly for /opt/***/data/clean_texts/loan_demo2_20251107_221403.txt: You are using a deprecated configuration of Chroma.

If you do not have data you wish to migrate, you only need to change how you construct
your Chroma client. Please see the "New Clients" section of https://docs.trychroma.com/deployment/migration.
________________________________________________________________________________________________

If you do have data you wish to migrate, we have a migration tool you can use in order to
migrate your data to the new Chroma architecture.
Please `pip install chroma-migrate` and run `chroma-migrate` to migrate your data and then
change how you construct your Chroma client.

See https://docs.trychroma.com/deployment/migration for more information or join our discord at https://discord.gg/MMeYNTmh3x for help!
[2025-11-07T22:14:09.544+0000] {loan_doc_pipeline_dag.py:123} ERROR - ❌ Vectorization anomaly for /opt/***/data/clean_texts/loan_demo2_20251107_221403.txt: [91mYou are using a deprecated configuration of Chroma.

[94mIf you do not have data you wish to migrate, you only need to change how you construct
your Chroma client. Please see the "New Clients" section of https://docs.trychroma.com/deployment/migration.
________________________________________________________________________________________________

If you do have data you wish to migrate, we have a migration tool you can use in order to
migrate your data to the new Chroma architecture.
Please `pip install chroma-migrate` and run `chroma-migrate` to migrate your data and then
change how you construct your Chroma client.

See https://docs.trychroma.com/deployment/migration for more information or join our discord at https://discord.gg/MMeYNTmh3x for help![0m
[2025-11-07T22:14:09.547+0000] {logging_mixin.py:188} WARNING - 2025-11-07 22:14:09 | index_task | INFO | 📊 Vector Index Summary → Updated: 0
[2025-11-07T22:14:09.547+0000] {loan_doc_pipeline_dag.py:127} INFO - 📊 Vector Index Summary → Updated: 0
[2025-11-07T22:14:09.548+0000] {python.py:237} INFO - Done. Returned value was: 0
[2025-11-07T22:14:09.548+0000] {taskinstance.py:441} INFO - ::group::Post task execution logs
[2025-11-07T22:14:09.560+0000] {taskinstance.py:1206} INFO - Marking task as SUCCESS. dag_id=loan_doc_pipeline_dag, task_id=update_vector_index, run_id=manual__2025-11-07T22:13:58.944732+00:00, execution_date=20251107T221358, start_date=20251107T221407, end_date=20251107T221409
[2025-11-07T22:14:09.583+0000] {local_task_job_runner.py:240} INFO - Task exited with return code 0
[2025-11-07T22:14:09.596+0000] {taskinstance.py:3498} INFO - 1 downstream tasks scheduled from follow-on schedule check
[2025-11-07T22:14:09.597+0000] {local_task_job_runner.py:222} INFO - ::endgroup::
