[2025-11-08T12:23:58.013-0500] {local_task_job_runner.py:120} INFO - ::group::Pre task execution logs
[2025-11-08T12:23:58.076-0500] {taskinstance.py:2076} INFO - Dependencies all met for dep_context=non-requeueable deps ti=<TaskInstance: ocr_pipeline_dag.normalize_segmented_json manual__2025-11-08T17:23:41.640116+00:00 [queued]>
[2025-11-08T12:23:58.094-0500] {taskinstance.py:2076} INFO - Dependencies all met for dep_context=requeueable deps ti=<TaskInstance: ocr_pipeline_dag.normalize_segmented_json manual__2025-11-08T17:23:41.640116+00:00 [queued]>
[2025-11-08T12:23:58.096-0500] {taskinstance.py:2306} INFO - Starting attempt 1 of 2
[2025-11-08T12:23:58.116-0500] {taskinstance.py:2330} INFO - Executing <Task(PythonOperator): normalize_segmented_json> on 2025-11-08 17:23:41.640116+00:00
[2025-11-08T12:23:58.140-0500] {standard_task_runner.py:90} INFO - Running: ['***', 'tasks', 'run', 'ocr_pipeline_dag', 'normalize_segmented_json', 'manual__2025-11-08T17:23:41.640116+00:00', '--job-id', '16', '--raw', '--subdir', 'DAGS_FOLDER/ocr_pipeline_dag.py', '--cfg-path', '/tmp/tmpvnup7c1d']
[2025-11-08T12:23:58.146-0500] {standard_task_runner.py:91} INFO - Job 16: Subtask normalize_segmented_json
[2025-11-08T12:23:58.146-0500] {logging_mixin.py:188} WARNING - /home/***/.local/lib/python3.12/site-packages/***/task/task_runner/standard_task_runner.py:62 DeprecationWarning: This process (pid=203) is multi-threaded, use of fork() may lead to deadlocks in the child.
[2025-11-08T12:23:58.147-0500] {standard_task_runner.py:64} INFO - Started process 205 to run task
[2025-11-08T12:23:58.274-0500] {task_command.py:426} INFO - Running <TaskInstance: ocr_pipeline_dag.normalize_segmented_json manual__2025-11-08T17:23:41.640116+00:00 [running]> on host 12c4794374da
[2025-11-08T12:23:58.421-0500] {taskinstance.py:2648} INFO - Exporting env vars: AIRFLOW_CTX_DAG_OWNER='intellidoc_team' AIRFLOW_CTX_DAG_ID='ocr_pipeline_dag' AIRFLOW_CTX_TASK_ID='normalize_segmented_json' AIRFLOW_CTX_EXECUTION_DATE='2025-11-08T17:23:41.640116+00:00' AIRFLOW_CTX_TRY_NUMBER='1' AIRFLOW_CTX_DAG_RUN_ID='manual__2025-11-08T17:23:41.640116+00:00'
[2025-11-08T12:23:58.424-0500] {taskinstance.py:430} INFO - ::endgroup::
[2025-11-08T12:23:58.505-0500] {tracker.py:72} INFO - 🧾 Recorded task 'run_normalization_all' as STARTED
[2025-11-08T12:23:58.542-0500] {logging_mixin.py:188} WARNING - Normalizing segmented JSONs:   0%|          | 0/12 [00:00<?, ?it/s]
[2025-11-08T12:23:58.598-0500] {tracker.py:72} INFO - 🧾 Recorded task 'normalize_dummy_segmented' as STARTED
[2025-11-08T12:23:58.630-0500] {normalize_text.py:99} INFO - ✅ Normalized file saved: /opt/project/data/aws_extraction_data/normalized/dummy_normalized.json (Lines: 1)
[2025-11-08T12:23:58.695-0500] {tracker.py:72} INFO - 🧾 Recorded task 'normalize_dummy_segmented' as SUCCESS
[2025-11-08T12:23:58.700-0500] {logging_mixin.py:188} WARNING - Normalizing segmented JSONs:   8%|8         | 1/12 [00:00<00:01,  6.42it/s]
[2025-11-08T12:23:58.757-0500] {tracker.py:72} INFO - 🧾 Recorded task 'normalize_empty_segmented' as STARTED
[2025-11-08T12:23:58.794-0500] {normalize_text.py:99} INFO - ✅ Normalized file saved: /opt/project/data/aws_extraction_data/normalized/empty_normalized.json (Lines: 0)
[2025-11-08T12:23:58.850-0500] {tracker.py:72} INFO - 🧾 Recorded task 'normalize_empty_segmented' as SUCCESS
[2025-11-08T12:23:58.854-0500] {logging_mixin.py:188} WARNING - Normalizing segmented JSONs:  17%|#6        | 2/12 [00:00<00:01,  6.46it/s]
[2025-11-08T12:23:58.915-0500] {tracker.py:72} INFO - 🧾 Recorded task 'normalize_form_centre_showcase_personal_loan_form_segmented' as STARTED
[2025-11-08T12:23:59.003-0500] {normalize_text.py:99} INFO - ✅ Normalized file saved: /opt/project/data/aws_extraction_data/normalized/form_centre_showcase_personal_loan_form_normalized.json (Lines: 568)
[2025-11-08T12:23:59.047-0500] {tracker.py:72} INFO - 🧾 Recorded task 'normalize_form_centre_showcase_personal_loan_form_segmented' as SUCCESS
[2025-11-08T12:23:59.050-0500] {logging_mixin.py:188} WARNING - Normalizing segmented JSONs:  25%|##5       | 3/12 [00:00<00:01,  5.77it/s]
[2025-11-08T12:23:59.087-0500] {tracker.py:72} INFO - 🧾 Recorded task 'normalize_gss-term-loan-agreement-ccd-5_segmented' as STARTED
[2025-11-08T12:23:59.221-0500] {normalize_text.py:99} INFO - ✅ Normalized file saved: /opt/project/data/aws_extraction_data/normalized/gss-term-loan-agreement-ccd-5_normalized.json (Lines: 1164)
[2025-11-08T12:23:59.266-0500] {tracker.py:72} INFO - 🧾 Recorded task 'normalize_gss-term-loan-agreement-ccd-5_segmented' as SUCCESS
[2025-11-08T12:23:59.270-0500] {logging_mixin.py:188} WARNING - Normalizing segmented JSONs:  33%|###3      | 4/12 [00:00<00:01,  5.21it/s]
[2025-11-08T12:23:59.311-0500] {tracker.py:72} INFO - 🧾 Recorded task 'normalize_home_loan_001_segmented' as STARTED
[2025-11-08T12:23:59.334-0500] {normalize_text.py:99} INFO - ✅ Normalized file saved: /opt/project/data/aws_extraction_data/normalized/home_loan_001_normalized.json (Lines: 12)
[2025-11-08T12:23:59.374-0500] {tracker.py:72} INFO - 🧾 Recorded task 'normalize_home_loan_001_segmented' as SUCCESS
[2025-11-08T12:23:59.376-0500] {logging_mixin.py:188} WARNING - Normalizing segmented JSONs:  42%|####1     | 5/12 [00:00<00:01,  6.21it/s]
[2025-11-08T12:23:59.427-0500] {tracker.py:72} INFO - 🧾 Recorded task 'normalize_loan1_segmented' as STARTED
[2025-11-08T12:23:59.503-0500] {normalize_text.py:99} INFO - ✅ Normalized file saved: /opt/project/data/aws_extraction_data/normalized/loan1_normalized.json (Lines: 508)
[2025-11-08T12:23:59.544-0500] {tracker.py:72} INFO - 🧾 Recorded task 'normalize_loan1_segmented' as SUCCESS
[2025-11-08T12:23:59.547-0500] {logging_mixin.py:188} WARNING - Normalizing segmented JSONs:  50%|#####     | 6/12 [00:01<00:00,  6.09it/s]
[2025-11-08T12:23:59.590-0500] {tracker.py:72} INFO - 🧾 Recorded task 'normalize_loan2_segmented' as STARTED
[2025-11-08T12:23:59.646-0500] {normalize_text.py:99} INFO - ✅ Normalized file saved: /opt/project/data/aws_extraction_data/normalized/loan2_normalized.json (Lines: 367)
[2025-11-08T12:23:59.685-0500] {tracker.py:72} INFO - 🧾 Recorded task 'normalize_loan2_segmented' as SUCCESS
[2025-11-08T12:23:59.687-0500] {logging_mixin.py:188} WARNING - Normalizing segmented JSONs:  58%|#####8    | 7/12 [00:01<00:00,  6.39it/s]
[2025-11-08T12:23:59.731-0500] {tracker.py:72} INFO - 🧾 Recorded task 'normalize_loan3_segmented' as STARTED
[2025-11-08T12:23:59.859-0500] {normalize_text.py:99} INFO - ✅ Normalized file saved: /opt/project/data/aws_extraction_data/normalized/loan3_normalized.json (Lines: 938)
[2025-11-08T12:23:59.901-0500] {tracker.py:72} INFO - 🧾 Recorded task 'normalize_loan3_segmented' as SUCCESS
[2025-11-08T12:23:59.904-0500] {logging_mixin.py:188} WARNING - Normalizing segmented JSONs:  67%|######6   | 8/12 [00:01<00:00,  5.69it/s]
[2025-11-08T12:23:59.952-0500] {tracker.py:72} INFO - 🧾 Recorded task 'normalize_loan_segmented' as STARTED
[2025-11-08T12:23:59.977-0500] {normalize_text.py:99} INFO - ✅ Normalized file saved: /opt/project/data/aws_extraction_data/normalized/loan_normalized.json (Lines: 2)
[2025-11-08T12:24:00.014-0500] {tracker.py:72} INFO - 🧾 Recorded task 'normalize_loan_segmented' as SUCCESS
[2025-11-08T12:24:00.017-0500] {logging_mixin.py:188} WARNING - Normalizing segmented JSONs:  75%|#######5  | 9/12 [00:01<00:00,  6.40it/s]
[2025-11-08T12:24:00.061-0500] {tracker.py:72} INFO - 🧾 Recorded task 'normalize_Personal-Loan-Agreement_segmented' as STARTED
[2025-11-08T12:24:00.094-0500] {normalize_text.py:99} INFO - ✅ Normalized file saved: /opt/project/data/aws_extraction_data/normalized/Personal-Loan-Agreement_normalized.json (Lines: 132)
[2025-11-08T12:24:00.144-0500] {tracker.py:72} INFO - 🧾 Recorded task 'normalize_Personal-Loan-Agreement_segmented' as SUCCESS
[2025-11-08T12:24:00.146-0500] {logging_mixin.py:188} WARNING - Normalizing segmented JSONs:  83%|########3 | 10/12 [00:01<00:00,  6.77it/s]
[2025-11-08T12:24:00.192-0500] {tracker.py:72} INFO - 🧾 Recorded task 'normalize_pl_agreement_segmented' as STARTED
[2025-11-08T12:24:00.340-0500] {normalize_text.py:99} INFO - ✅ Normalized file saved: /opt/project/data/aws_extraction_data/normalized/pl_agreement_normalized.json (Lines: 1194)
[2025-11-08T12:24:00.384-0500] {tracker.py:72} INFO - 🧾 Recorded task 'normalize_pl_agreement_segmented' as SUCCESS
[2025-11-08T12:24:00.387-0500] {logging_mixin.py:188} WARNING - Normalizing segmented JSONs:  92%|#########1| 11/12 [00:01<00:00,  5.67it/s]
[2025-11-08T12:24:00.449-0500] {tracker.py:72} INFO - 🧾 Recorded task 'normalize_specimen-agreement_segmented' as STARTED
[2025-11-08T12:24:00.535-0500] {normalize_text.py:99} INFO - ✅ Normalized file saved: /opt/project/data/aws_extraction_data/normalized/specimen-agreement_normalized.json (Lines: 446)
[2025-11-08T12:24:00.594-0500] {tracker.py:72} INFO - 🧾 Recorded task 'normalize_specimen-agreement_segmented' as SUCCESS
[2025-11-08T12:24:00.597-0500] {logging_mixin.py:188} WARNING - Normalizing segmented JSONs: 100%|##########| 12/12 [00:02<00:00,  5.36it/s]
[2025-11-08T12:24:00.599-0500] {logging_mixin.py:188} WARNING - Normalizing segmented JSONs: 100%|##########| 12/12 [00:02<00:00,  5.84it/s]
[2025-11-08T12:24:00.600-0500] {normalize_text.py:141} INFO - ✅ Completed normalization for 12 files.
[2025-11-08T12:24:00.642-0500] {tracker.py:72} INFO - 🧾 Recorded task 'run_normalization_all' as SUCCESS
[2025-11-08T12:24:00.645-0500] {python.py:237} INFO - Done. Returned value was: ['/opt/project/data/aws_extraction_data/normalized/dummy_normalized.json', '/opt/project/data/aws_extraction_data/normalized/empty_normalized.json', '/opt/project/data/aws_extraction_data/normalized/form_centre_showcase_personal_loan_form_normalized.json', '/opt/project/data/aws_extraction_data/normalized/gss-term-loan-agreement-ccd-5_normalized.json', '/opt/project/data/aws_extraction_data/normalized/home_loan_001_normalized.json', '/opt/project/data/aws_extraction_data/normalized/loan1_normalized.json', '/opt/project/data/aws_extraction_data/normalized/loan2_normalized.json', '/opt/project/data/aws_extraction_data/normalized/loan3_normalized.json', '/opt/project/data/aws_extraction_data/normalized/loan_normalized.json', '/opt/project/data/aws_extraction_data/normalized/Personal-Loan-Agreement_normalized.json', '/opt/project/data/aws_extraction_data/normalized/pl_agreement_normalized.json', '/opt/project/data/aws_extraction_data/normalized/specimen-agreement_normalized.json']
[2025-11-08T12:24:00.646-0500] {taskinstance.py:441} INFO - ::group::Post task execution logs
[2025-11-08T12:24:00.689-0500] {taskinstance.py:1206} INFO - Marking task as SUCCESS. dag_id=ocr_pipeline_dag, task_id=normalize_segmented_json, run_id=manual__2025-11-08T17:23:41.640116+00:00, execution_date=20251108T172341, start_date=20251108T172358, end_date=20251108T172400
[2025-11-08T12:24:00.734-0500] {local_task_job_runner.py:243} INFO - Task exited with return code 0
[2025-11-08T12:24:00.757-0500] {taskinstance.py:3503} INFO - 1 downstream tasks scheduled from follow-on schedule check
[2025-11-08T12:24:00.760-0500] {local_task_job_runner.py:222} INFO - ::endgroup::
