[2025-11-08T12:05:46.822-0500] {local_task_job_runner.py:120} INFO - ::group::Pre task execution logs
[2025-11-08T12:05:46.937-0500] {taskinstance.py:2076} INFO - Dependencies all met for dep_context=non-requeueable deps ti=<TaskInstance: ocr_pipeline_dag.run_textract_ocr manual__2025-11-08T17:05:36.901201+00:00 [queued]>
[2025-11-08T12:05:46.963-0500] {taskinstance.py:2076} INFO - Dependencies all met for dep_context=requeueable deps ti=<TaskInstance: ocr_pipeline_dag.run_textract_ocr manual__2025-11-08T17:05:36.901201+00:00 [queued]>
[2025-11-08T12:05:46.964-0500] {taskinstance.py:2306} INFO - Starting attempt 1 of 2
[2025-11-08T12:05:47.003-0500] {taskinstance.py:2330} INFO - Executing <Task(PythonOperator): run_textract_ocr> on 2025-11-08 17:05:36.901201+00:00
[2025-11-08T12:05:47.057-0500] {logging_mixin.py:188} WARNING - /home/***/.local/lib/python3.12/site-packages/***/task/task_runner/standard_task_runner.py:62 DeprecationWarning: This process (pid=194) is multi-threaded, use of fork() may lead to deadlocks in the child.
[2025-11-08T12:05:47.048-0500] {standard_task_runner.py:90} INFO - Running: ['***', 'tasks', 'run', 'ocr_pipeline_dag', 'run_textract_ocr', 'manual__2025-11-08T17:05:36.901201+00:00', '--job-id', '3', '--raw', '--subdir', 'DAGS_FOLDER/ocr_pipeline_dag.py', '--cfg-path', '/tmp/tmphpzw8o7_']
[2025-11-08T12:05:47.063-0500] {standard_task_runner.py:91} INFO - Job 3: Subtask run_textract_ocr
[2025-11-08T12:05:47.063-0500] {standard_task_runner.py:64} INFO - Started process 198 to run task
[2025-11-08T12:05:47.265-0500] {task_command.py:426} INFO - Running <TaskInstance: ocr_pipeline_dag.run_textract_ocr manual__2025-11-08T17:05:36.901201+00:00 [running]> on host 12c4794374da
[2025-11-08T12:05:47.419-0500] {taskinstance.py:2648} INFO - Exporting env vars: AIRFLOW_CTX_DAG_OWNER='intellidoc_team' AIRFLOW_CTX_DAG_ID='ocr_pipeline_dag' AIRFLOW_CTX_TASK_ID='run_textract_ocr' AIRFLOW_CTX_EXECUTION_DATE='2025-11-08T17:05:36.901201+00:00' AIRFLOW_CTX_TRY_NUMBER='1' AIRFLOW_CTX_DAG_RUN_ID='manual__2025-11-08T17:05:36.901201+00:00'
[2025-11-08T12:05:47.421-0500] {taskinstance.py:430} INFO - ::endgroup::
[2025-11-08T12:05:47.524-0500] {tracker.py:72} INFO - 🧾 Recorded task 'run_textract_all' as STARTED
[2025-11-08T12:05:47.631-0500] {tracker.py:72} INFO - 🧾 Recorded task 'fetch_files' as STARTED
[2025-11-08T12:05:47.633-0500] {fetch_files.py:41} INFO - 🚀 Fetching files from bucket: textract-bucket-yash07, prefix: ''
[2025-11-08T12:05:48.060-0500] {fetch_files.py:56} INFO - ✅ Found 9 files: ['Personal-Loan-Agreement.pdf', 'form_centre_showcase_personal_loan_form.pdf', 'gss-term-loan-agreement-ccd-5.pdf', 'home_loan_001.pdf', 'loan1.pdf', 'loan2.pdf', 'loan3.pdf', 'pl_agreement.pdf', 'specimen-agreement.pdf']
[2025-11-08T12:05:48.128-0500] {tracker.py:72} INFO - 🧾 Recorded task 'fetch_files' as SUCCESS
[2025-11-08T12:05:48.133-0500] {fetch_files.py:60} INFO - 📦 Returning fetched files: ['Personal-Loan-Agreement.pdf', 'form_centre_showcase_personal_loan_form.pdf', 'gss-term-loan-agreement-ccd-5.pdf', 'home_loan_001.pdf', 'loan1.pdf', 'loan2.pdf', 'loan3.pdf', 'pl_agreement.pdf', 'specimen-agreement.pdf']
[2025-11-08T12:05:48.156-0500] {run_textract.py:184} INFO - ⚡ Skipping Personal-Loan-Agreement.pdf (already processed).
[2025-11-08T12:05:48.169-0500] {run_textract.py:184} INFO - ⚡ Skipping form_centre_showcase_personal_loan_form.pdf (already processed).
[2025-11-08T12:05:48.177-0500] {run_textract.py:184} INFO - ⚡ Skipping gss-term-loan-agreement-ccd-5.pdf (already processed).
[2025-11-08T12:05:48.188-0500] {run_textract.py:184} INFO - ⚡ Skipping home_loan_001.pdf (already processed).
[2025-11-08T12:05:48.194-0500] {run_textract.py:184} INFO - ⚡ Skipping loan1.pdf (already processed).
[2025-11-08T12:05:48.201-0500] {run_textract.py:184} INFO - ⚡ Skipping loan2.pdf (already processed).
[2025-11-08T12:05:48.207-0500] {run_textract.py:184} INFO - ⚡ Skipping loan3.pdf (already processed).
[2025-11-08T12:05:48.213-0500] {run_textract.py:184} INFO - ⚡ Skipping pl_agreement.pdf (already processed).
[2025-11-08T12:05:48.221-0500] {run_textract.py:184} INFO - ⚡ Skipping specimen-agreement.pdf (already processed).
[2025-11-08T12:05:48.223-0500] {run_textract.py:205} WARNING - ⚠️ No new PDFs to process.
[2025-11-08T12:05:48.277-0500] {tracker.py:72} INFO - 🧾 Recorded task 'run_textract_all' as SUCCESS
[2025-11-08T12:05:48.280-0500] {python.py:237} INFO - Done. Returned value was: []
[2025-11-08T12:05:48.282-0500] {taskinstance.py:441} INFO - ::group::Post task execution logs
[2025-11-08T12:05:48.351-0500] {taskinstance.py:1206} INFO - Marking task as SUCCESS. dag_id=ocr_pipeline_dag, task_id=run_textract_ocr, run_id=manual__2025-11-08T17:05:36.901201+00:00, execution_date=20251108T170536, start_date=20251108T170546, end_date=20251108T170548
[2025-11-08T12:05:48.421-0500] {local_task_job_runner.py:243} INFO - Task exited with return code 0
[2025-11-08T12:05:48.475-0500] {taskinstance.py:3503} INFO - 1 downstream tasks scheduled from follow-on schedule check
[2025-11-08T12:05:48.480-0500] {local_task_job_runner.py:222} INFO - ::endgroup::
