[2025-11-08T12:23:46.862-0500] {local_task_job_runner.py:120} INFO - ::group::Pre task execution logs
[2025-11-08T12:23:46.915-0500] {taskinstance.py:2076} INFO - Dependencies all met for dep_context=non-requeueable deps ti=<TaskInstance: ocr_pipeline_dag.run_textract_ocr manual__2025-11-08T17:23:41.640116+00:00 [queued]>
[2025-11-08T12:23:46.928-0500] {taskinstance.py:2076} INFO - Dependencies all met for dep_context=requeueable deps ti=<TaskInstance: ocr_pipeline_dag.run_textract_ocr manual__2025-11-08T17:23:41.640116+00:00 [queued]>
[2025-11-08T12:23:46.929-0500] {taskinstance.py:2306} INFO - Starting attempt 1 of 2
[2025-11-08T12:23:46.946-0500] {taskinstance.py:2330} INFO - Executing <Task(PythonOperator): run_textract_ocr> on 2025-11-08 17:23:41.640116+00:00
[2025-11-08T12:23:46.969-0500] {standard_task_runner.py:90} INFO - Running: ['***', 'tasks', 'run', 'ocr_pipeline_dag', 'run_textract_ocr', 'manual__2025-11-08T17:23:41.640116+00:00', '--job-id', '14', '--raw', '--subdir', 'DAGS_FOLDER/ocr_pipeline_dag.py', '--cfg-path', '/tmp/tmppy33f2kl']
[2025-11-08T12:23:46.975-0500] {logging_mixin.py:188} WARNING - /home/***/.local/lib/python3.12/site-packages/***/task/task_runner/standard_task_runner.py:62 DeprecationWarning: This process (pid=196) is multi-threaded, use of fork() may lead to deadlocks in the child.
[2025-11-08T12:23:46.975-0500] {standard_task_runner.py:91} INFO - Job 14: Subtask run_textract_ocr
[2025-11-08T12:23:46.976-0500] {standard_task_runner.py:64} INFO - Started process 198 to run task
[2025-11-08T12:23:47.098-0500] {task_command.py:426} INFO - Running <TaskInstance: ocr_pipeline_dag.run_textract_ocr manual__2025-11-08T17:23:41.640116+00:00 [running]> on host 12c4794374da
[2025-11-08T12:23:47.247-0500] {taskinstance.py:2648} INFO - Exporting env vars: AIRFLOW_CTX_DAG_OWNER='intellidoc_team' AIRFLOW_CTX_DAG_ID='ocr_pipeline_dag' AIRFLOW_CTX_TASK_ID='run_textract_ocr' AIRFLOW_CTX_EXECUTION_DATE='2025-11-08T17:23:41.640116+00:00' AIRFLOW_CTX_TRY_NUMBER='1' AIRFLOW_CTX_DAG_RUN_ID='manual__2025-11-08T17:23:41.640116+00:00'
[2025-11-08T12:23:47.249-0500] {taskinstance.py:430} INFO - ::endgroup::
[2025-11-08T12:23:47.303-0500] {tracker.py:72} INFO - 🧾 Recorded task 'run_textract_all' as STARTED
[2025-11-08T12:23:47.385-0500] {tracker.py:72} INFO - 🧾 Recorded task 'fetch_files' as STARTED
[2025-11-08T12:23:47.401-0500] {logging_mixin.py:188} INFO - 2025-11-08 12:23:47 [INFO] [fetch_files] 🚀 Fetching files from bucket: textract-bucket-yash07, prefix: ''
[2025-11-08T12:23:47.395-0500] {fetch_files.py:37} INFO - 🚀 Fetching files from bucket: textract-bucket-yash07, prefix: ''
[2025-11-08T12:23:47.677-0500] {logging_mixin.py:188} INFO - 2025-11-08 12:23:47 [INFO] [fetch_files] ✅ Found 9 files: ['Personal-Loan-Agreement.pdf', 'form_centre_showcase_personal_loan_form.pdf', 'gss-term-loan-agreement-ccd-5.pdf', 'home_loan_001.pdf', 'loan1.pdf', 'loan2.pdf', 'loan3.pdf', 'pl_agreement.pdf', 'specimen-agreement.pdf']
[2025-11-08T12:23:47.676-0500] {fetch_files.py:52} INFO - ✅ Found 9 files: ['Personal-Loan-Agreement.pdf', 'form_centre_showcase_personal_loan_form.pdf', 'gss-term-loan-agreement-ccd-5.pdf', 'home_loan_001.pdf', 'loan1.pdf', 'loan2.pdf', 'loan3.pdf', 'pl_agreement.pdf', 'specimen-agreement.pdf']
[2025-11-08T12:23:47.724-0500] {tracker.py:72} INFO - 🧾 Recorded task 'fetch_files' as SUCCESS
[2025-11-08T12:23:47.727-0500] {logging_mixin.py:188} INFO - 2025-11-08 12:23:47 [INFO] [fetch_files] 📦 Returning fetched files: ['Personal-Loan-Agreement.pdf', 'form_centre_showcase_personal_loan_form.pdf', 'gss-term-loan-agreement-ccd-5.pdf', 'home_loan_001.pdf', 'loan1.pdf', 'loan2.pdf', 'loan3.pdf', 'pl_agreement.pdf', 'specimen-agreement.pdf']
[2025-11-08T12:23:47.727-0500] {fetch_files.py:55} INFO - 📦 Returning fetched files: ['Personal-Loan-Agreement.pdf', 'form_centre_showcase_personal_loan_form.pdf', 'gss-term-loan-agreement-ccd-5.pdf', 'home_loan_001.pdf', 'loan1.pdf', 'loan2.pdf', 'loan3.pdf', 'pl_agreement.pdf', 'specimen-agreement.pdf']
[2025-11-08T12:23:47.742-0500] {run_textract.py:184} INFO - ⚡ Skipping Personal-Loan-Agreement.pdf (already processed).
[2025-11-08T12:23:47.749-0500] {run_textract.py:184} INFO - ⚡ Skipping form_centre_showcase_personal_loan_form.pdf (already processed).
[2025-11-08T12:23:47.757-0500] {run_textract.py:184} INFO - ⚡ Skipping gss-term-loan-agreement-ccd-5.pdf (already processed).
[2025-11-08T12:23:47.762-0500] {run_textract.py:184} INFO - ⚡ Skipping home_loan_001.pdf (already processed).
[2025-11-08T12:23:47.767-0500] {run_textract.py:184} INFO - ⚡ Skipping loan1.pdf (already processed).
[2025-11-08T12:23:47.772-0500] {run_textract.py:184} INFO - ⚡ Skipping loan2.pdf (already processed).
[2025-11-08T12:23:47.779-0500] {run_textract.py:184} INFO - ⚡ Skipping loan3.pdf (already processed).
[2025-11-08T12:23:47.785-0500] {run_textract.py:184} INFO - ⚡ Skipping pl_agreement.pdf (already processed).
[2025-11-08T12:23:47.791-0500] {run_textract.py:184} INFO - ⚡ Skipping specimen-agreement.pdf (already processed).
[2025-11-08T12:23:47.793-0500] {run_textract.py:205} WARNING - ⚠️ No new PDFs to process.
[2025-11-08T12:23:47.835-0500] {tracker.py:72} INFO - 🧾 Recorded task 'run_textract_all' as SUCCESS
[2025-11-08T12:23:47.837-0500] {python.py:237} INFO - Done. Returned value was: []
[2025-11-08T12:23:47.838-0500] {taskinstance.py:441} INFO - ::group::Post task execution logs
[2025-11-08T12:23:47.883-0500] {taskinstance.py:1206} INFO - Marking task as SUCCESS. dag_id=ocr_pipeline_dag, task_id=run_textract_ocr, run_id=manual__2025-11-08T17:23:41.640116+00:00, execution_date=20251108T172341, start_date=20251108T172346, end_date=20251108T172347
[2025-11-08T12:23:47.994-0500] {local_task_job_runner.py:243} INFO - Task exited with return code 0
[2025-11-08T12:23:48.062-0500] {taskinstance.py:3503} INFO - 1 downstream tasks scheduled from follow-on schedule check
[2025-11-08T12:23:48.067-0500] {local_task_job_runner.py:222} INFO - ::endgroup::
