[2025-11-08T12:23:50.759-0500] {local_task_job_runner.py:120} INFO - ::group::Pre task execution logs
[2025-11-08T12:23:50.840-0500] {taskinstance.py:2076} INFO - Dependencies all met for dep_context=non-requeueable deps ti=<TaskInstance: ocr_pipeline_dag.segment_textract_json manual__2025-11-08T17:23:41.640116+00:00 [queued]>
[2025-11-08T12:23:50.861-0500] {taskinstance.py:2076} INFO - Dependencies all met for dep_context=requeueable deps ti=<TaskInstance: ocr_pipeline_dag.segment_textract_json manual__2025-11-08T17:23:41.640116+00:00 [queued]>
[2025-11-08T12:23:50.863-0500] {taskinstance.py:2306} INFO - Starting attempt 1 of 2
[2025-11-08T12:23:50.894-0500] {taskinstance.py:2330} INFO - Executing <Task(PythonOperator): segment_textract_json> on 2025-11-08 17:23:41.640116+00:00
[2025-11-08T12:23:50.913-0500] {standard_task_runner.py:90} INFO - Running: ['***', 'tasks', 'run', 'ocr_pipeline_dag', 'segment_textract_json', 'manual__2025-11-08T17:23:41.640116+00:00', '--job-id', '15', '--raw', '--subdir', 'DAGS_FOLDER/ocr_pipeline_dag.py', '--cfg-path', '/tmp/tmpyqh1gmuj']
[2025-11-08T12:23:50.923-0500] {standard_task_runner.py:91} INFO - Job 15: Subtask segment_textract_json
[2025-11-08T12:23:50.923-0500] {logging_mixin.py:188} WARNING - /home/***/.local/lib/python3.12/site-packages/***/task/task_runner/standard_task_runner.py:62 DeprecationWarning: This process (pid=199) is multi-threaded, use of fork() may lead to deadlocks in the child.
[2025-11-08T12:23:50.926-0500] {standard_task_runner.py:64} INFO - Started process 201 to run task
[2025-11-08T12:23:51.173-0500] {task_command.py:426} INFO - Running <TaskInstance: ocr_pipeline_dag.segment_textract_json manual__2025-11-08T17:23:41.640116+00:00 [running]> on host 12c4794374da
[2025-11-08T12:23:51.430-0500] {taskinstance.py:2648} INFO - Exporting env vars: AIRFLOW_CTX_DAG_OWNER='intellidoc_team' AIRFLOW_CTX_DAG_ID='ocr_pipeline_dag' AIRFLOW_CTX_TASK_ID='segment_textract_json' AIRFLOW_CTX_EXECUTION_DATE='2025-11-08T17:23:41.640116+00:00' AIRFLOW_CTX_TRY_NUMBER='1' AIRFLOW_CTX_DAG_RUN_ID='manual__2025-11-08T17:23:41.640116+00:00'
[2025-11-08T12:23:51.434-0500] {taskinstance.py:430} INFO - ::endgroup::
[2025-11-08T12:23:51.543-0500] {tracker.py:72} INFO - 🧾 Recorded task 'run_segmentation_all' as STARTED
[2025-11-08T12:23:51.583-0500] {logging_mixin.py:188} WARNING - Segmenting Textract JSONs:   0%|          | 0/10 [00:00<?, ?it/s]
[2025-11-08T12:23:51.634-0500] {tracker.py:72} INFO - 🧾 Recorded task 'segment_dummy_raw' as STARTED
[2025-11-08T12:23:51.648-0500] {segment_text.py:70} INFO - 📂 Processing file: /opt/project/data/aws_extraction_data/raw/dummy_raw.json
[2025-11-08T12:23:51.650-0500] {segment_text.py:71} INFO - 📦 Total blocks found: 1
[2025-11-08T12:23:51.667-0500] {segment_text.py:93} INFO - ✅ Segmented output saved: /opt/project/data/aws_extraction_data/segmented/dummy_segmented.json (Lines: 1)
[2025-11-08T12:23:51.719-0500] {tracker.py:72} INFO - 🧾 Recorded task 'segment_dummy_raw' as SUCCESS
[2025-11-08T12:23:51.722-0500] {logging_mixin.py:188} WARNING - Segmenting Textract JSONs:  10%|#         | 1/10 [00:00<00:01,  7.29it/s]
[2025-11-08T12:23:51.781-0500] {tracker.py:72} INFO - 🧾 Recorded task 'segment_form_centre_showcase_personal_loan_form_raw' as STARTED
[2025-11-08T12:23:51.975-0500] {segment_text.py:70} INFO - 📂 Processing file: /opt/project/data/aws_extraction_data/raw/form_centre_showcase_personal_loan_form_raw.json
[2025-11-08T12:23:51.977-0500] {segment_text.py:71} INFO - 📦 Total blocks found: 4174
[2025-11-08T12:23:52.028-0500] {segment_text.py:93} INFO - ✅ Segmented output saved: /opt/project/data/aws_extraction_data/segmented/form_centre_showcase_personal_loan_form_segmented.json (Lines: 568)
[2025-11-08T12:23:52.076-0500] {tracker.py:72} INFO - 🧾 Recorded task 'segment_form_centre_showcase_personal_loan_form_raw' as SUCCESS
[2025-11-08T12:23:52.084-0500] {logging_mixin.py:188} WARNING - Segmenting Textract JSONs:  20%|##        | 2/10 [00:00<00:02,  3.71it/s]
[2025-11-08T12:23:52.144-0500] {tracker.py:72} INFO - 🧾 Recorded task 'segment_gss-term-loan-agreement-ccd-5_raw' as STARTED
[2025-11-08T12:23:52.685-0500] {segment_text.py:70} INFO - 📂 Processing file: /opt/project/data/aws_extraction_data/raw/gss-term-loan-agreement-ccd-5_raw.json
[2025-11-08T12:23:52.686-0500] {segment_text.py:71} INFO - 📦 Total blocks found: 10563
[2025-11-08T12:23:52.764-0500] {segment_text.py:93} INFO - ✅ Segmented output saved: /opt/project/data/aws_extraction_data/segmented/gss-term-loan-agreement-ccd-5_segmented.json (Lines: 1164)
[2025-11-08T12:23:52.813-0500] {tracker.py:72} INFO - 🧾 Recorded task 'segment_gss-term-loan-agreement-ccd-5_raw' as SUCCESS
[2025-11-08T12:23:52.830-0500] {logging_mixin.py:188} WARNING - Segmenting Textract JSONs:  30%|###       | 3/10 [00:01<00:03,  2.05it/s]
[2025-11-08T12:23:52.864-0500] {tracker.py:72} INFO - 🧾 Recorded task 'segment_home_loan_001_raw' as STARTED
[2025-11-08T12:23:52.876-0500] {segment_text.py:70} INFO - 📂 Processing file: /opt/project/data/aws_extraction_data/raw/home_loan_001_raw.json
[2025-11-08T12:23:52.878-0500] {segment_text.py:71} INFO - 📦 Total blocks found: 61
[2025-11-08T12:23:52.891-0500] {segment_text.py:93} INFO - ✅ Segmented output saved: /opt/project/data/aws_extraction_data/segmented/home_loan_001_segmented.json (Lines: 12)
[2025-11-08T12:23:52.930-0500] {tracker.py:72} INFO - 🧾 Recorded task 'segment_home_loan_001_raw' as SUCCESS
[2025-11-08T12:23:52.932-0500] {logging_mixin.py:188} WARNING - Segmenting Textract JSONs:  40%|####      | 4/10 [00:01<00:02,  2.98it/s]
[2025-11-08T12:23:52.979-0500] {tracker.py:72} INFO - 🧾 Recorded task 'segment_loan1_raw' as STARTED
[2025-11-08T12:23:53.075-0500] {segment_text.py:70} INFO - 📂 Processing file: /opt/project/data/aws_extraction_data/raw/loan1_raw.json
[2025-11-08T12:23:53.076-0500] {segment_text.py:71} INFO - 📦 Total blocks found: 2299
[2025-11-08T12:23:53.118-0500] {segment_text.py:93} INFO - ✅ Segmented output saved: /opt/project/data/aws_extraction_data/segmented/loan1_segmented.json (Lines: 508)
[2025-11-08T12:23:53.160-0500] {tracker.py:72} INFO - 🧾 Recorded task 'segment_loan1_raw' as SUCCESS
[2025-11-08T12:23:53.166-0500] {logging_mixin.py:188} WARNING - Segmenting Textract JSONs:  50%|#####     | 5/10 [00:01<00:01,  3.35it/s]
[2025-11-08T12:23:53.207-0500] {tracker.py:72} INFO - 🧾 Recorded task 'segment_loan2_raw' as STARTED
[2025-11-08T12:23:53.323-0500] {segment_text.py:70} INFO - 📂 Processing file: /opt/project/data/aws_extraction_data/raw/loan2_raw.json
[2025-11-08T12:23:53.324-0500] {segment_text.py:71} INFO - 📦 Total blocks found: 2797
[2025-11-08T12:23:53.370-0500] {segment_text.py:93} INFO - ✅ Segmented output saved: /opt/project/data/aws_extraction_data/segmented/loan2_segmented.json (Lines: 367)
[2025-11-08T12:23:53.411-0500] {tracker.py:72} INFO - 🧾 Recorded task 'segment_loan2_raw' as SUCCESS
[2025-11-08T12:23:53.418-0500] {logging_mixin.py:188} WARNING - Segmenting Textract JSONs:  60%|######    | 6/10 [00:01<00:01,  3.54it/s]
[2025-11-08T12:23:53.469-0500] {tracker.py:72} INFO - 🧾 Recorded task 'segment_loan3_raw' as STARTED
[2025-11-08T12:23:53.932-0500] {segment_text.py:70} INFO - 📂 Processing file: /opt/project/data/aws_extraction_data/raw/loan3_raw.json
[2025-11-08T12:23:53.934-0500] {segment_text.py:71} INFO - 📦 Total blocks found: 9881
[2025-11-08T12:23:54.001-0500] {segment_text.py:93} INFO - ✅ Segmented output saved: /opt/project/data/aws_extraction_data/segmented/loan3_segmented.json (Lines: 938)
[2025-11-08T12:23:54.045-0500] {tracker.py:72} INFO - 🧾 Recorded task 'segment_loan3_raw' as SUCCESS
[2025-11-08T12:23:54.062-0500] {logging_mixin.py:188} WARNING - Segmenting Textract JSONs:  70%|#######   | 7/10 [00:02<00:01,  2.50it/s]
[2025-11-08T12:23:54.099-0500] {tracker.py:72} INFO - 🧾 Recorded task 'segment_Personal-Loan-Agreement_raw' as STARTED
[2025-11-08T12:23:54.153-0500] {segment_text.py:70} INFO - 📂 Processing file: /opt/project/data/aws_extraction_data/raw/Personal-Loan-Agreement_raw.json
[2025-11-08T12:23:54.154-0500] {segment_text.py:71} INFO - 📦 Total blocks found: 1134
[2025-11-08T12:23:54.175-0500] {segment_text.py:93} INFO - ✅ Segmented output saved: /opt/project/data/aws_extraction_data/segmented/Personal-Loan-Agreement_segmented.json (Lines: 132)
[2025-11-08T12:23:54.210-0500] {tracker.py:72} INFO - 🧾 Recorded task 'segment_Personal-Loan-Agreement_raw' as SUCCESS
[2025-11-08T12:23:54.214-0500] {logging_mixin.py:188} WARNING - Segmenting Textract JSONs:  80%|########  | 8/10 [00:02<00:00,  3.11it/s]
[2025-11-08T12:23:54.258-0500] {tracker.py:72} INFO - 🧾 Recorded task 'segment_pl_agreement_raw' as STARTED
[2025-11-08T12:23:54.764-0500] {segment_text.py:70} INFO - 📂 Processing file: /opt/project/data/aws_extraction_data/raw/pl_agreement_raw.json
[2025-11-08T12:23:54.766-0500] {segment_text.py:71} INFO - 📦 Total blocks found: 11234
[2025-11-08T12:23:54.851-0500] {segment_text.py:93} INFO - ✅ Segmented output saved: /opt/project/data/aws_extraction_data/segmented/pl_agreement_segmented.json (Lines: 1194)
[2025-11-08T12:23:54.906-0500] {tracker.py:72} INFO - 🧾 Recorded task 'segment_pl_agreement_raw' as SUCCESS
[2025-11-08T12:23:54.924-0500] {logging_mixin.py:188} WARNING - Segmenting Textract JSONs:  90%|######### | 9/10 [00:03<00:00,  2.26it/s]
[2025-11-08T12:23:54.964-0500] {tracker.py:72} INFO - 🧾 Recorded task 'segment_specimen-agreement_raw' as STARTED
[2025-11-08T12:23:55.174-0500] {segment_text.py:70} INFO - 📂 Processing file: /opt/project/data/aws_extraction_data/raw/specimen-agreement_raw.json
[2025-11-08T12:23:55.176-0500] {segment_text.py:71} INFO - 📦 Total blocks found: 5407
[2025-11-08T12:23:55.227-0500] {segment_text.py:93} INFO - ✅ Segmented output saved: /opt/project/data/aws_extraction_data/segmented/specimen-agreement_segmented.json (Lines: 446)
[2025-11-08T12:23:55.294-0500] {tracker.py:72} INFO - 🧾 Recorded task 'segment_specimen-agreement_raw' as SUCCESS
[2025-11-08T12:23:55.326-0500] {logging_mixin.py:188} WARNING - Segmenting Textract JSONs: 100%|##########| 10/10 [00:03<00:00,  2.32it/s]
[2025-11-08T12:23:55.341-0500] {logging_mixin.py:188} WARNING - Segmenting Textract JSONs: 100%|##########| 10/10 [00:03<00:00,  2.66it/s]
[2025-11-08T12:23:55.343-0500] {segment_text.py:135} INFO - ✅ Completed segmentation for 10 files.
[2025-11-08T12:23:55.485-0500] {tracker.py:72} INFO - 🧾 Recorded task 'run_segmentation_all' as SUCCESS
[2025-11-08T12:23:55.490-0500] {python.py:237} INFO - Done. Returned value was: ['/opt/project/data/aws_extraction_data/segmented/dummy_segmented.json', '/opt/project/data/aws_extraction_data/segmented/form_centre_showcase_personal_loan_form_segmented.json', '/opt/project/data/aws_extraction_data/segmented/gss-term-loan-agreement-ccd-5_segmented.json', '/opt/project/data/aws_extraction_data/segmented/home_loan_001_segmented.json', '/opt/project/data/aws_extraction_data/segmented/loan1_segmented.json', '/opt/project/data/aws_extraction_data/segmented/loan2_segmented.json', '/opt/project/data/aws_extraction_data/segmented/loan3_segmented.json', '/opt/project/data/aws_extraction_data/segmented/Personal-Loan-Agreement_segmented.json', '/opt/project/data/aws_extraction_data/segmented/pl_agreement_segmented.json', '/opt/project/data/aws_extraction_data/segmented/specimen-agreement_segmented.json']
[2025-11-08T12:23:55.491-0500] {taskinstance.py:441} INFO - ::group::Post task execution logs
[2025-11-08T12:23:55.579-0500] {taskinstance.py:1206} INFO - Marking task as SUCCESS. dag_id=ocr_pipeline_dag, task_id=segment_textract_json, run_id=manual__2025-11-08T17:23:41.640116+00:00, execution_date=20251108T172341, start_date=20251108T172350, end_date=20251108T172355
[2025-11-08T12:23:55.691-0500] {local_task_job_runner.py:243} INFO - Task exited with return code 0
[2025-11-08T12:23:55.747-0500] {taskinstance.py:3503} INFO - 1 downstream tasks scheduled from follow-on schedule check
[2025-11-08T12:23:55.749-0500] {local_task_job_runner.py:222} INFO - ::endgroup::
