[2025-11-07T22:07:01.936+0000] {local_task_job_runner.py:120} INFO - ::group::Pre task execution logs
[2025-11-07T22:07:01.948+0000] {taskinstance.py:2076} INFO - Dependencies all met for dep_context=non-requeueable deps ti=<TaskInstance: loan_doc_pipeline_dag.extract_text manual_run_20251107_170652 [queued]>
[2025-11-07T22:07:01.957+0000] {taskinstance.py:2076} INFO - Dependencies all met for dep_context=requeueable deps ti=<TaskInstance: loan_doc_pipeline_dag.extract_text manual_run_20251107_170652 [queued]>
[2025-11-07T22:07:01.957+0000] {taskinstance.py:2306} INFO - Starting attempt 1 of 3
[2025-11-07T22:07:01.962+0000] {taskinstance.py:2330} INFO - Executing <Task(PythonOperator): extract_text> on 2025-11-07 22:06:53+00:00
[2025-11-07T22:07:01.972+0000] {standard_task_runner.py:63} INFO - Started process 82 to run task
[2025-11-07T22:07:01.977+0000] {standard_task_runner.py:90} INFO - Running: ['***', 'tasks', 'run', 'loan_doc_pipeline_dag', 'extract_text', 'manual_run_20251107_170652', '--job-id', '2', '--raw', '--subdir', 'DAGS_FOLDER/loan_doc_pipeline_dag.py', '--cfg-path', '/tmp/tmpmfm9gfst']
[2025-11-07T22:07:01.978+0000] {standard_task_runner.py:91} INFO - Job 2: Subtask extract_text
[2025-11-07T22:07:02.013+0000] {task_command.py:426} INFO - Running <TaskInstance: loan_doc_pipeline_dag.extract_text manual_run_20251107_170652 [running]> on host 642a43ff8067
[2025-11-07T22:07:02.045+0000] {taskinstance.py:2648} INFO - Exporting env vars: AIRFLOW_CTX_DAG_OWNER='kousik' AIRFLOW_CTX_DAG_ID='loan_doc_pipeline_dag' AIRFLOW_CTX_TASK_ID='extract_text' AIRFLOW_CTX_EXECUTION_DATE='2025-11-07T22:06:53+00:00' AIRFLOW_CTX_TRY_NUMBER='1' AIRFLOW_CTX_DAG_RUN_ID='manual_run_20251107_170652'
[2025-11-07T22:07:02.047+0000] {taskinstance.py:430} INFO - ::endgroup::
[2025-11-07T22:07:02.073+0000] {logging_mixin.py:188} WARNING - 2025-11-07 22:07:02 | extract_task | INFO | 🧩 Logger initialized for DAG → /opt/***/logs/dag_logs/dag_20251107_220702.log
[2025-11-07T22:07:02.072+0000] {config.py:104} INFO - 🧩 Logger initialized for DAG → /opt/***/logs/dag_logs/dag_20251107_220702.log
[2025-11-07T22:07:02.074+0000] {logging_mixin.py:188} WARNING - 2025-11-07 22:07:02 | extract_anomaly | INFO | 🧩 Logger initialized for ANOMALY → /opt/***/logs/anomaly_logs/anomaly_20251107_220702.log
[2025-11-07T22:07:02.074+0000] {config.py:104} INFO - 🧩 Logger initialized for ANOMALY → /opt/***/logs/anomaly_logs/anomaly_20251107_220702.log
[2025-11-07T22:07:02.075+0000] {logging_mixin.py:188} WARNING - 2025-11-07 22:07:02 | extract_task | INFO | 📂 Starting OCR text extraction...
[2025-11-07T22:07:02.075+0000] {loan_doc_pipeline_dag.py:72} INFO - 📂 Starting OCR text extraction...
[2025-11-07T22:07:02.076+0000] {logging_mixin.py:188} WARNING - 2025-11-07 22:07:02 | extract_task | INFO | 🔍 Processing file: Model_pipeline.pdf
[2025-11-07T22:07:02.076+0000] {loan_doc_pipeline_dag.py:82} INFO - 🔍 Processing file: Model_pipeline.pdf
[2025-11-07T22:07:02.076+0000] {log.py:232} WARNING - 2025-11-07 22:07:02 | scripts.extraction_pipeline.main_extractor | INFO | Processing file: /opt/***/data/loan_docs/Model_pipeline.pdf
[2025-11-07T22:07:02.076+0000] {main_extractor.py:27} INFO - Processing file: /opt/***/data/loan_docs/Model_pipeline.pdf
[2025-11-07T22:07:02.077+0000] {log.py:232} WARNING - 2025-11-07 22:07:02 | scripts.extraction_pipeline.extractor_core | INFO | 📄 Extracting text from PDF: Model_pipeline.pdf
[2025-11-07T22:07:02.076+0000] {extractor_core.py:36} INFO - 📄 Extracting text from PDF: Model_pipeline.pdf
[2025-11-07T22:07:02.083+0000] {log.py:232} WARNING - 2025-11-07 22:07:02 | scripts.extraction_pipeline.extractor_core | INFO | Detected 4 pages in Model_pipeline.pdf
[2025-11-07T22:07:02.080+0000] {extractor_core.py:40} INFO - Detected 4 pages in Model_pipeline.pdf
[2025-11-07T22:07:02.091+0000] {extractor_core.py:58} DEBUG - Page 1/4 processed (native text extraction) in 0.01s
[2025-11-07T22:07:02.092+0000] {extractor_core.py:58} DEBUG - Page 2/4 processed (native text extraction) in 0.00s
[2025-11-07T22:07:02.093+0000] {extractor_core.py:58} DEBUG - Page 3/4 processed (native text extraction) in 0.00s
[2025-11-07T22:07:02.094+0000] {extractor_core.py:58} DEBUG - Page 4/4 processed (native text extraction) in 0.00s
[2025-11-07T22:07:02.094+0000] {log.py:232} WARNING - 2025-11-07 22:07:02 | scripts.extraction_pipeline.extractor_core | INFO | ✅ Extraction complete for Model_pipeline.pdf | Pages: 4 | Time: 0.02s
[2025-11-07T22:07:02.094+0000] {extractor_core.py:61} INFO - ✅ Extraction complete for Model_pipeline.pdf | Pages: 4 | Time: 0.02s
[2025-11-07T22:07:02.095+0000] {log.py:232} WARNING - 2025-11-07 22:07:02 | scripts.extraction_pipeline.utils | INFO | 💾 Saved extracted text → /opt/***/data/clean_texts/Model_pipeline_20251107_220702.txt | Size: 6983 chars | Time: 0.00s
[2025-11-07T22:07:02.095+0000] {utils.py:25} INFO - 💾 Saved extracted text → /opt/***/data/clean_texts/Model_pipeline_20251107_220702.txt | Size: 6983 chars | Time: 0.00s
[2025-11-07T22:07:02.095+0000] {log.py:232} WARNING - 2025-11-07 22:07:02 | scripts.extraction_pipeline.main_extractor | INFO | ✅ Extracted text saved: /opt/***/data/clean_texts/Model_pipeline_20251107_220702.txt | Time taken: 0.02s
[2025-11-07T22:07:02.095+0000] {main_extractor.py:35} INFO - ✅ Extracted text saved: /opt/***/data/clean_texts/Model_pipeline_20251107_220702.txt | Time taken: 0.02s
[2025-11-07T22:07:02.095+0000] {logging_mixin.py:188} WARNING - 2025-11-07 22:07:02 | extract_task | INFO | ✅ Extracted → /opt/***/data/clean_texts/Model_pipeline_20251107_220702.txt
[2025-11-07T22:07:02.095+0000] {loan_doc_pipeline_dag.py:87} INFO - ✅ Extracted → /opt/***/data/clean_texts/Model_pipeline_20251107_220702.txt
[2025-11-07T22:07:02.096+0000] {logging_mixin.py:188} WARNING - 2025-11-07 22:07:02 | extract_task | INFO | 🔍 Processing file: loan_demo2.pdf
[2025-11-07T22:07:02.096+0000] {loan_doc_pipeline_dag.py:82} INFO - 🔍 Processing file: loan_demo2.pdf
[2025-11-07T22:07:02.096+0000] {log.py:232} WARNING - 2025-11-07 22:07:02 | scripts.extraction_pipeline.main_extractor | INFO | Processing file: /opt/***/data/loan_docs/loan_demo2.pdf
[2025-11-07T22:07:02.096+0000] {main_extractor.py:27} INFO - Processing file: /opt/***/data/loan_docs/loan_demo2.pdf
[2025-11-07T22:07:02.096+0000] {log.py:232} WARNING - 2025-11-07 22:07:02 | scripts.extraction_pipeline.extractor_core | INFO | 📄 Extracting text from PDF: loan_demo2.pdf
[2025-11-07T22:07:02.096+0000] {extractor_core.py:36} INFO - 📄 Extracting text from PDF: loan_demo2.pdf
[2025-11-07T22:07:02.097+0000] {log.py:232} WARNING - 2025-11-07 22:07:02 | scripts.extraction_pipeline.extractor_core | INFO | Detected 9 pages in loan_demo2.pdf
[2025-11-07T22:07:02.097+0000] {extractor_core.py:40} INFO - Detected 9 pages in loan_demo2.pdf
[2025-11-07T22:07:02.103+0000] {extractor_core.py:58} DEBUG - Page 1/9 processed (native text extraction) in 0.00s
[2025-11-07T22:07:02.107+0000] {extractor_core.py:58} DEBUG - Page 2/9 processed (native text extraction) in 0.00s
[2025-11-07T22:07:02.109+0000] {extractor_core.py:58} DEBUG - Page 3/9 processed (native text extraction) in 0.00s
[2025-11-07T22:07:02.111+0000] {extractor_core.py:58} DEBUG - Page 4/9 processed (native text extraction) in 0.00s
[2025-11-07T22:07:02.113+0000] {extractor_core.py:58} DEBUG - Page 5/9 processed (native text extraction) in 0.00s
[2025-11-07T22:07:02.117+0000] {extractor_core.py:58} DEBUG - Page 6/9 processed (native text extraction) in 0.00s
[2025-11-07T22:07:02.118+0000] {extractor_core.py:58} DEBUG - Page 7/9 processed (native text extraction) in 0.00s
[2025-11-07T22:07:02.119+0000] {extractor_core.py:58} DEBUG - Page 8/9 processed (native text extraction) in 0.00s
[2025-11-07T22:07:02.120+0000] {extractor_core.py:58} DEBUG - Page 9/9 processed (native text extraction) in 0.00s
[2025-11-07T22:07:02.121+0000] {log.py:232} WARNING - 2025-11-07 22:07:02 | scripts.extraction_pipeline.extractor_core | INFO | ✅ Extraction complete for loan_demo2.pdf | Pages: 9 | Time: 0.02s
[2025-11-07T22:07:02.121+0000] {extractor_core.py:61} INFO - ✅ Extraction complete for loan_demo2.pdf | Pages: 9 | Time: 0.02s
[2025-11-07T22:07:02.122+0000] {log.py:232} WARNING - 2025-11-07 22:07:02 | scripts.extraction_pipeline.utils | INFO | 💾 Saved extracted text → /opt/***/data/clean_texts/loan_demo2_20251107_220702.txt | Size: 25451 chars | Time: 0.00s
[2025-11-07T22:07:02.122+0000] {utils.py:25} INFO - 💾 Saved extracted text → /opt/***/data/clean_texts/loan_demo2_20251107_220702.txt | Size: 25451 chars | Time: 0.00s
[2025-11-07T22:07:02.122+0000] {log.py:232} WARNING - 2025-11-07 22:07:02 | scripts.extraction_pipeline.main_extractor | INFO | ✅ Extracted text saved: /opt/***/data/clean_texts/loan_demo2_20251107_220702.txt | Time taken: 0.03s
[2025-11-07T22:07:02.122+0000] {main_extractor.py:35} INFO - ✅ Extracted text saved: /opt/***/data/clean_texts/loan_demo2_20251107_220702.txt | Time taken: 0.03s
[2025-11-07T22:07:02.122+0000] {logging_mixin.py:188} WARNING - 2025-11-07 22:07:02 | extract_task | INFO | ✅ Extracted → /opt/***/data/clean_texts/loan_demo2_20251107_220702.txt
[2025-11-07T22:07:02.122+0000] {loan_doc_pipeline_dag.py:87} INFO - ✅ Extracted → /opt/***/data/clean_texts/loan_demo2_20251107_220702.txt
[2025-11-07T22:07:02.123+0000] {logging_mixin.py:188} WARNING - 2025-11-07 22:07:02 | extract_task | INFO | 📊 Extraction Summary → Success: 2 files
[2025-11-07T22:07:02.123+0000] {loan_doc_pipeline_dag.py:94} INFO - 📊 Extraction Summary → Success: 2 files
[2025-11-07T22:07:02.123+0000] {python.py:237} INFO - Done. Returned value was: ['/opt/***/data/clean_texts/Model_pipeline_20251107_220702.txt', '/opt/***/data/clean_texts/loan_demo2_20251107_220702.txt']
[2025-11-07T22:07:02.123+0000] {taskinstance.py:441} INFO - ::group::Post task execution logs
[2025-11-07T22:07:02.136+0000] {taskinstance.py:1206} INFO - Marking task as SUCCESS. dag_id=loan_doc_pipeline_dag, task_id=extract_text, run_id=manual_run_20251107_170652, execution_date=20251107T220653, start_date=20251107T220701, end_date=20251107T220702
[2025-11-07T22:07:02.156+0000] {local_task_job_runner.py:240} INFO - Task exited with return code 0
[2025-11-07T22:07:02.167+0000] {taskinstance.py:3498} INFO - 1 downstream tasks scheduled from follow-on schedule check
[2025-11-07T22:07:02.168+0000] {local_task_job_runner.py:222} INFO - ::endgroup::
