[2025-11-08T23:35:23.791-0500] {processor.py:161} INFO - Started process (PID=3095) to work on /opt/airflow/dags/ocr_pipeline_dag.py
[2025-11-08T23:35:23.846-0500] {processor.py:830} INFO - Processing file /opt/airflow/dags/ocr_pipeline_dag.py for tasks to queue
[2025-11-08T23:35:23.943-0500] {logging_mixin.py:188} INFO - [2025-11-08T23:35:23.935-0500] {dagbag.py:545} INFO - Filling up the DagBag from /opt/airflow/dags/ocr_pipeline_dag.py
[2025-11-08T23:35:24.243-0500] {logging_mixin.py:188} INFO - 📂 Using project root: /opt/project
[2025-11-08T23:35:28.496-0500] {logging_mixin.py:188} INFO - [2025-11-08T23:35:28.486-0500] {credentials.py:1278} INFO - Found credentials in shared credentials file: ~/.aws/credentials
[2025-11-08T23:35:40.418-0500] {processor.py:840} INFO - DAG(s) 'ocr_pipeline_dag' retrieved from /opt/airflow/dags/ocr_pipeline_dag.py
[2025-11-08T23:35:40.939-0500] {logging_mixin.py:188} INFO - [2025-11-08T23:35:40.938-0500] {dag.py:3089} INFO - Sync 1 DAGs
[2025-11-08T23:35:41.032-0500] {logging_mixin.py:188} INFO - [2025-11-08T23:35:41.032-0500] {dag.py:3947} INFO - Setting next_dagrun for ocr_pipeline_dag to None, run_after=None
[2025-11-08T23:35:41.172-0500] {processor.py:183} INFO - Processing /opt/airflow/dags/ocr_pipeline_dag.py took 16.972 seconds
[2025-11-08T23:36:12.745-0500] {processor.py:161} INFO - Started process (PID=3101) to work on /opt/airflow/dags/ocr_pipeline_dag.py
[2025-11-08T23:36:12.749-0500] {processor.py:830} INFO - Processing file /opt/airflow/dags/ocr_pipeline_dag.py for tasks to queue
[2025-11-08T23:36:12.771-0500] {logging_mixin.py:188} INFO - [2025-11-08T23:36:12.767-0500] {dagbag.py:545} INFO - Filling up the DagBag from /opt/airflow/dags/ocr_pipeline_dag.py
[2025-11-08T23:36:12.879-0500] {logging_mixin.py:188} INFO - 📂 Using project root: /opt/project
[2025-11-08T23:36:14.002-0500] {logging_mixin.py:188} INFO - [2025-11-08T23:36:14.001-0500] {credentials.py:1278} INFO - Found credentials in shared credentials file: ~/.aws/credentials
[2025-11-08T23:36:15.978-0500] {processor.py:840} INFO - DAG(s) 'ocr_pipeline_dag' retrieved from /opt/airflow/dags/ocr_pipeline_dag.py
[2025-11-08T23:36:16.048-0500] {logging_mixin.py:188} INFO - [2025-11-08T23:36:16.046-0500] {dag.py:3089} INFO - Sync 1 DAGs
[2025-11-08T23:36:16.080-0500] {logging_mixin.py:188} INFO - [2025-11-08T23:36:16.080-0500] {dag.py:3947} INFO - Setting next_dagrun for ocr_pipeline_dag to None, run_after=None
[2025-11-08T23:36:16.150-0500] {processor.py:183} INFO - Processing /opt/airflow/dags/ocr_pipeline_dag.py took 3.450 seconds
[2025-11-08T23:36:46.885-0500] {processor.py:161} INFO - Started process (PID=3107) to work on /opt/airflow/dags/ocr_pipeline_dag.py
[2025-11-08T23:36:46.892-0500] {processor.py:830} INFO - Processing file /opt/airflow/dags/ocr_pipeline_dag.py for tasks to queue
[2025-11-08T23:36:46.900-0500] {logging_mixin.py:188} INFO - [2025-11-08T23:36:46.899-0500] {dagbag.py:545} INFO - Filling up the DagBag from /opt/airflow/dags/ocr_pipeline_dag.py
[2025-11-08T23:36:46.944-0500] {logging_mixin.py:188} INFO - 📂 Using project root: /opt/project
[2025-11-08T23:36:47.593-0500] {logging_mixin.py:188} INFO - [2025-11-08T23:36:47.592-0500] {credentials.py:1278} INFO - Found credentials in shared credentials file: ~/.aws/credentials
[2025-11-08T23:36:50.443-0500] {processor.py:840} INFO - DAG(s) 'ocr_pipeline_dag' retrieved from /opt/airflow/dags/ocr_pipeline_dag.py
[2025-11-08T23:36:50.511-0500] {logging_mixin.py:188} INFO - [2025-11-08T23:36:50.509-0500] {dag.py:3089} INFO - Sync 1 DAGs
[2025-11-08T23:36:50.545-0500] {logging_mixin.py:188} INFO - [2025-11-08T23:36:50.545-0500] {dag.py:3947} INFO - Setting next_dagrun for ocr_pipeline_dag to None, run_after=None
[2025-11-08T23:36:50.592-0500] {processor.py:183} INFO - Processing /opt/airflow/dags/ocr_pipeline_dag.py took 3.750 seconds
[2025-11-08T23:37:21.170-0500] {processor.py:161} INFO - Started process (PID=3113) to work on /opt/airflow/dags/ocr_pipeline_dag.py
[2025-11-08T23:37:21.176-0500] {processor.py:830} INFO - Processing file /opt/airflow/dags/ocr_pipeline_dag.py for tasks to queue
[2025-11-08T23:37:21.185-0500] {logging_mixin.py:188} INFO - [2025-11-08T23:37:21.184-0500] {dagbag.py:545} INFO - Filling up the DagBag from /opt/airflow/dags/ocr_pipeline_dag.py
[2025-11-08T23:37:21.235-0500] {logging_mixin.py:188} INFO - 📂 Using project root: /opt/project
[2025-11-08T23:37:22.077-0500] {logging_mixin.py:188} INFO - [2025-11-08T23:37:22.076-0500] {credentials.py:1278} INFO - Found credentials in shared credentials file: ~/.aws/credentials
[2025-11-08T23:37:23.795-0500] {processor.py:840} INFO - DAG(s) 'ocr_pipeline_dag' retrieved from /opt/airflow/dags/ocr_pipeline_dag.py
[2025-11-08T23:37:23.893-0500] {logging_mixin.py:188} INFO - [2025-11-08T23:37:23.892-0500] {dag.py:3089} INFO - Sync 1 DAGs
[2025-11-08T23:37:23.916-0500] {logging_mixin.py:188} INFO - [2025-11-08T23:37:23.916-0500] {dag.py:3947} INFO - Setting next_dagrun for ocr_pipeline_dag to None, run_after=None
[2025-11-08T23:37:23.953-0500] {processor.py:183} INFO - Processing /opt/airflow/dags/ocr_pipeline_dag.py took 2.921 seconds
[2025-11-08T23:37:54.744-0500] {processor.py:161} INFO - Started process (PID=3119) to work on /opt/airflow/dags/ocr_pipeline_dag.py
[2025-11-08T23:37:54.751-0500] {processor.py:830} INFO - Processing file /opt/airflow/dags/ocr_pipeline_dag.py for tasks to queue
[2025-11-08T23:37:54.769-0500] {logging_mixin.py:188} INFO - [2025-11-08T23:37:54.766-0500] {dagbag.py:545} INFO - Filling up the DagBag from /opt/airflow/dags/ocr_pipeline_dag.py
[2025-11-08T23:37:54.858-0500] {logging_mixin.py:188} INFO - 📂 Using project root: /opt/project
[2025-11-08T23:37:55.392-0500] {logging_mixin.py:188} INFO - [2025-11-08T23:37:55.391-0500] {credentials.py:1278} INFO - Found credentials in shared credentials file: ~/.aws/credentials
[2025-11-08T23:37:57.078-0500] {processor.py:840} INFO - DAG(s) 'ocr_pipeline_dag' retrieved from /opt/airflow/dags/ocr_pipeline_dag.py
[2025-11-08T23:37:57.154-0500] {logging_mixin.py:188} INFO - [2025-11-08T23:37:57.153-0500] {dag.py:3089} INFO - Sync 1 DAGs
[2025-11-08T23:37:57.186-0500] {logging_mixin.py:188} INFO - [2025-11-08T23:37:57.185-0500] {dag.py:3947} INFO - Setting next_dagrun for ocr_pipeline_dag to None, run_after=None
[2025-11-08T23:37:57.243-0500] {processor.py:183} INFO - Processing /opt/airflow/dags/ocr_pipeline_dag.py took 2.550 seconds
[2025-11-08T23:38:28.195-0500] {processor.py:161} INFO - Started process (PID=3125) to work on /opt/airflow/dags/ocr_pipeline_dag.py
[2025-11-08T23:38:28.201-0500] {processor.py:830} INFO - Processing file /opt/airflow/dags/ocr_pipeline_dag.py for tasks to queue
[2025-11-08T23:38:28.213-0500] {logging_mixin.py:188} INFO - [2025-11-08T23:38:28.210-0500] {dagbag.py:545} INFO - Filling up the DagBag from /opt/airflow/dags/ocr_pipeline_dag.py
[2025-11-08T23:38:28.356-0500] {logging_mixin.py:188} INFO - 📂 Using project root: /opt/project
[2025-11-08T23:38:29.353-0500] {logging_mixin.py:188} INFO - [2025-11-08T23:38:29.352-0500] {credentials.py:1278} INFO - Found credentials in shared credentials file: ~/.aws/credentials
[2025-11-08T23:38:32.413-0500] {processor.py:840} INFO - DAG(s) 'ocr_pipeline_dag' retrieved from /opt/airflow/dags/ocr_pipeline_dag.py
[2025-11-08T23:38:32.504-0500] {logging_mixin.py:188} INFO - [2025-11-08T23:38:32.503-0500] {dag.py:3089} INFO - Sync 1 DAGs
[2025-11-08T23:38:32.539-0500] {logging_mixin.py:188} INFO - [2025-11-08T23:38:32.538-0500] {dag.py:3947} INFO - Setting next_dagrun for ocr_pipeline_dag to None, run_after=None
[2025-11-08T23:38:32.603-0500] {processor.py:183} INFO - Processing /opt/airflow/dags/ocr_pipeline_dag.py took 3.309 seconds
[2025-11-08T23:39:06.104-0500] {processor.py:161} INFO - Started process (PID=3131) to work on /opt/airflow/dags/ocr_pipeline_dag.py
[2025-11-08T23:39:06.140-0500] {processor.py:830} INFO - Processing file /opt/airflow/dags/ocr_pipeline_dag.py for tasks to queue
[2025-11-08T23:39:06.198-0500] {logging_mixin.py:188} INFO - [2025-11-08T23:39:06.197-0500] {dagbag.py:545} INFO - Filling up the DagBag from /opt/airflow/dags/ocr_pipeline_dag.py
[2025-11-08T23:39:07.435-0500] {logging_mixin.py:188} INFO - 📂 Using project root: /opt/project
[2025-11-08T23:39:09.379-0500] {logging_mixin.py:188} INFO - [2025-11-08T23:39:09.378-0500] {credentials.py:1278} INFO - Found credentials in shared credentials file: ~/.aws/credentials
[2025-11-08T23:39:11.716-0500] {processor.py:840} INFO - DAG(s) 'ocr_pipeline_dag' retrieved from /opt/airflow/dags/ocr_pipeline_dag.py
[2025-11-08T23:39:12.185-0500] {logging_mixin.py:188} INFO - [2025-11-08T23:39:12.183-0500] {dag.py:3089} INFO - Sync 1 DAGs
[2025-11-08T23:39:12.358-0500] {logging_mixin.py:188} INFO - [2025-11-08T23:39:12.358-0500] {dag.py:3947} INFO - Setting next_dagrun for ocr_pipeline_dag to None, run_after=None
[2025-11-08T23:39:12.594-0500] {processor.py:183} INFO - Processing /opt/airflow/dags/ocr_pipeline_dag.py took 6.533 seconds
[2025-11-08T23:39:43.080-0500] {processor.py:161} INFO - Started process (PID=3137) to work on /opt/airflow/dags/ocr_pipeline_dag.py
[2025-11-08T23:39:43.087-0500] {processor.py:830} INFO - Processing file /opt/airflow/dags/ocr_pipeline_dag.py for tasks to queue
[2025-11-08T23:39:43.101-0500] {logging_mixin.py:188} INFO - [2025-11-08T23:39:43.099-0500] {dagbag.py:545} INFO - Filling up the DagBag from /opt/airflow/dags/ocr_pipeline_dag.py
[2025-11-08T23:39:43.189-0500] {logging_mixin.py:188} INFO - 📂 Using project root: /opt/project
[2025-11-08T23:39:44.921-0500] {logging_mixin.py:188} INFO - [2025-11-08T23:39:44.921-0500] {credentials.py:1278} INFO - Found credentials in shared credentials file: ~/.aws/credentials
[2025-11-08T23:39:47.366-0500] {processor.py:840} INFO - DAG(s) 'ocr_pipeline_dag' retrieved from /opt/airflow/dags/ocr_pipeline_dag.py
[2025-11-08T23:39:47.486-0500] {logging_mixin.py:188} INFO - [2025-11-08T23:39:47.484-0500] {dag.py:3089} INFO - Sync 1 DAGs
[2025-11-08T23:39:47.517-0500] {logging_mixin.py:188} INFO - [2025-11-08T23:39:47.517-0500] {dag.py:3947} INFO - Setting next_dagrun for ocr_pipeline_dag to None, run_after=None
[2025-11-08T23:39:47.581-0500] {processor.py:183} INFO - Processing /opt/airflow/dags/ocr_pipeline_dag.py took 4.548 seconds
[2025-11-08T23:40:18.697-0500] {processor.py:161} INFO - Started process (PID=3143) to work on /opt/airflow/dags/ocr_pipeline_dag.py
[2025-11-08T23:40:18.703-0500] {processor.py:830} INFO - Processing file /opt/airflow/dags/ocr_pipeline_dag.py for tasks to queue
[2025-11-08T23:40:18.717-0500] {logging_mixin.py:188} INFO - [2025-11-08T23:40:18.715-0500] {dagbag.py:545} INFO - Filling up the DagBag from /opt/airflow/dags/ocr_pipeline_dag.py
[2025-11-08T23:40:18.797-0500] {logging_mixin.py:188} INFO - 📂 Using project root: /opt/project
[2025-11-08T23:40:19.467-0500] {logging_mixin.py:188} INFO - [2025-11-08T23:40:19.466-0500] {credentials.py:1278} INFO - Found credentials in shared credentials file: ~/.aws/credentials
[2025-11-08T23:40:21.339-0500] {processor.py:840} INFO - DAG(s) 'ocr_pipeline_dag' retrieved from /opt/airflow/dags/ocr_pipeline_dag.py
[2025-11-08T23:40:21.451-0500] {logging_mixin.py:188} INFO - [2025-11-08T23:40:21.450-0500] {dag.py:3089} INFO - Sync 1 DAGs
[2025-11-08T23:40:21.479-0500] {logging_mixin.py:188} INFO - [2025-11-08T23:40:21.479-0500] {dag.py:3947} INFO - Setting next_dagrun for ocr_pipeline_dag to None, run_after=None
[2025-11-08T23:40:21.579-0500] {processor.py:183} INFO - Processing /opt/airflow/dags/ocr_pipeline_dag.py took 2.917 seconds
[2025-11-08T23:40:52.261-0500] {processor.py:161} INFO - Started process (PID=3149) to work on /opt/airflow/dags/ocr_pipeline_dag.py
[2025-11-08T23:40:52.264-0500] {processor.py:830} INFO - Processing file /opt/airflow/dags/ocr_pipeline_dag.py for tasks to queue
[2025-11-08T23:40:52.271-0500] {logging_mixin.py:188} INFO - [2025-11-08T23:40:52.270-0500] {dagbag.py:545} INFO - Filling up the DagBag from /opt/airflow/dags/ocr_pipeline_dag.py
[2025-11-08T23:40:52.438-0500] {logging_mixin.py:188} INFO - 📂 Using project root: /opt/project
[2025-11-08T23:40:52.858-0500] {logging_mixin.py:188} INFO - [2025-11-08T23:40:52.857-0500] {credentials.py:1278} INFO - Found credentials in shared credentials file: ~/.aws/credentials
[2025-11-08T23:40:54.429-0500] {processor.py:840} INFO - DAG(s) 'ocr_pipeline_dag' retrieved from /opt/airflow/dags/ocr_pipeline_dag.py
[2025-11-08T23:40:54.552-0500] {logging_mixin.py:188} INFO - [2025-11-08T23:40:54.551-0500] {dag.py:3089} INFO - Sync 1 DAGs
[2025-11-08T23:40:54.587-0500] {logging_mixin.py:188} INFO - [2025-11-08T23:40:54.586-0500] {dag.py:3947} INFO - Setting next_dagrun for ocr_pipeline_dag to None, run_after=None
[2025-11-08T23:40:54.646-0500] {processor.py:183} INFO - Processing /opt/airflow/dags/ocr_pipeline_dag.py took 2.404 seconds
[2025-11-08T23:41:25.112-0500] {processor.py:161} INFO - Started process (PID=3155) to work on /opt/airflow/dags/ocr_pipeline_dag.py
[2025-11-08T23:41:25.117-0500] {processor.py:830} INFO - Processing file /opt/airflow/dags/ocr_pipeline_dag.py for tasks to queue
[2025-11-08T23:41:25.127-0500] {logging_mixin.py:188} INFO - [2025-11-08T23:41:25.126-0500] {dagbag.py:545} INFO - Filling up the DagBag from /opt/airflow/dags/ocr_pipeline_dag.py
[2025-11-08T23:41:25.249-0500] {logging_mixin.py:188} INFO - 📂 Using project root: /opt/project
[2025-11-08T23:41:26.015-0500] {logging_mixin.py:188} INFO - [2025-11-08T23:41:26.013-0500] {credentials.py:1278} INFO - Found credentials in shared credentials file: ~/.aws/credentials
[2025-11-08T23:41:27.468-0500] {processor.py:840} INFO - DAG(s) 'ocr_pipeline_dag' retrieved from /opt/airflow/dags/ocr_pipeline_dag.py
[2025-11-08T23:41:27.546-0500] {logging_mixin.py:188} INFO - [2025-11-08T23:41:27.545-0500] {dag.py:3089} INFO - Sync 1 DAGs
[2025-11-08T23:41:27.569-0500] {logging_mixin.py:188} INFO - [2025-11-08T23:41:27.568-0500] {dag.py:3947} INFO - Setting next_dagrun for ocr_pipeline_dag to None, run_after=None
[2025-11-08T23:41:27.601-0500] {processor.py:183} INFO - Processing /opt/airflow/dags/ocr_pipeline_dag.py took 2.519 seconds
[2025-11-08T23:41:58.213-0500] {processor.py:161} INFO - Started process (PID=3161) to work on /opt/airflow/dags/ocr_pipeline_dag.py
[2025-11-08T23:41:58.217-0500] {processor.py:830} INFO - Processing file /opt/airflow/dags/ocr_pipeline_dag.py for tasks to queue
[2025-11-08T23:41:58.225-0500] {logging_mixin.py:188} INFO - [2025-11-08T23:41:58.224-0500] {dagbag.py:545} INFO - Filling up the DagBag from /opt/airflow/dags/ocr_pipeline_dag.py
[2025-11-08T23:41:58.283-0500] {logging_mixin.py:188} INFO - 📂 Using project root: /opt/project
[2025-11-08T23:41:58.807-0500] {logging_mixin.py:188} INFO - [2025-11-08T23:41:58.806-0500] {credentials.py:1278} INFO - Found credentials in shared credentials file: ~/.aws/credentials
[2025-11-08T23:42:00.165-0500] {processor.py:840} INFO - DAG(s) 'ocr_pipeline_dag' retrieved from /opt/airflow/dags/ocr_pipeline_dag.py
[2025-11-08T23:42:00.222-0500] {logging_mixin.py:188} INFO - [2025-11-08T23:42:00.222-0500] {dag.py:3089} INFO - Sync 1 DAGs
[2025-11-08T23:42:00.254-0500] {logging_mixin.py:188} INFO - [2025-11-08T23:42:00.254-0500] {dag.py:3947} INFO - Setting next_dagrun for ocr_pipeline_dag to None, run_after=None
[2025-11-08T23:42:00.321-0500] {processor.py:183} INFO - Processing /opt/airflow/dags/ocr_pipeline_dag.py took 2.134 seconds
[2025-11-08T23:42:30.997-0500] {processor.py:161} INFO - Started process (PID=3167) to work on /opt/airflow/dags/ocr_pipeline_dag.py
[2025-11-08T23:42:31.004-0500] {processor.py:830} INFO - Processing file /opt/airflow/dags/ocr_pipeline_dag.py for tasks to queue
[2025-11-08T23:42:31.017-0500] {logging_mixin.py:188} INFO - [2025-11-08T23:42:31.015-0500] {dagbag.py:545} INFO - Filling up the DagBag from /opt/airflow/dags/ocr_pipeline_dag.py
[2025-11-08T23:42:31.099-0500] {logging_mixin.py:188} INFO - 📂 Using project root: /opt/project
[2025-11-08T23:42:31.687-0500] {logging_mixin.py:188} INFO - [2025-11-08T23:42:31.686-0500] {credentials.py:1278} INFO - Found credentials in shared credentials file: ~/.aws/credentials
[2025-11-08T23:42:33.454-0500] {processor.py:840} INFO - DAG(s) 'ocr_pipeline_dag' retrieved from /opt/airflow/dags/ocr_pipeline_dag.py
[2025-11-08T23:42:33.566-0500] {logging_mixin.py:188} INFO - [2025-11-08T23:42:33.564-0500] {dag.py:3089} INFO - Sync 1 DAGs
[2025-11-08T23:42:33.630-0500] {logging_mixin.py:188} INFO - [2025-11-08T23:42:33.629-0500] {dag.py:3947} INFO - Setting next_dagrun for ocr_pipeline_dag to None, run_after=None
[2025-11-08T23:42:33.712-0500] {processor.py:183} INFO - Processing /opt/airflow/dags/ocr_pipeline_dag.py took 2.751 seconds
[2025-11-08T23:43:04.696-0500] {processor.py:161} INFO - Started process (PID=3173) to work on /opt/airflow/dags/ocr_pipeline_dag.py
[2025-11-08T23:43:04.702-0500] {processor.py:830} INFO - Processing file /opt/airflow/dags/ocr_pipeline_dag.py for tasks to queue
[2025-11-08T23:43:04.716-0500] {logging_mixin.py:188} INFO - [2025-11-08T23:43:04.714-0500] {dagbag.py:545} INFO - Filling up the DagBag from /opt/airflow/dags/ocr_pipeline_dag.py
[2025-11-08T23:43:04.804-0500] {logging_mixin.py:188} INFO - 📂 Using project root: /opt/project
[2025-11-08T23:43:05.315-0500] {logging_mixin.py:188} INFO - [2025-11-08T23:43:05.313-0500] {credentials.py:1278} INFO - Found credentials in shared credentials file: ~/.aws/credentials
[2025-11-08T23:43:07.633-0500] {processor.py:840} INFO - DAG(s) 'ocr_pipeline_dag' retrieved from /opt/airflow/dags/ocr_pipeline_dag.py
[2025-11-08T23:43:07.687-0500] {logging_mixin.py:188} INFO - [2025-11-08T23:43:07.686-0500] {dag.py:3089} INFO - Sync 1 DAGs
[2025-11-08T23:43:07.712-0500] {logging_mixin.py:188} INFO - [2025-11-08T23:43:07.712-0500] {dag.py:3947} INFO - Setting next_dagrun for ocr_pipeline_dag to None, run_after=None
[2025-11-08T23:43:07.753-0500] {processor.py:183} INFO - Processing /opt/airflow/dags/ocr_pipeline_dag.py took 3.096 seconds
[2025-11-08T23:43:38.998-0500] {processor.py:161} INFO - Started process (PID=3179) to work on /opt/airflow/dags/ocr_pipeline_dag.py
[2025-11-08T23:43:39.013-0500] {processor.py:830} INFO - Processing file /opt/airflow/dags/ocr_pipeline_dag.py for tasks to queue
[2025-11-08T23:43:39.049-0500] {logging_mixin.py:188} INFO - [2025-11-08T23:43:39.048-0500] {dagbag.py:545} INFO - Filling up the DagBag from /opt/airflow/dags/ocr_pipeline_dag.py
[2025-11-08T23:43:39.203-0500] {logging_mixin.py:188} INFO - 📂 Using project root: /opt/project
[2025-11-08T23:43:39.792-0500] {logging_mixin.py:188} INFO - [2025-11-08T23:43:39.792-0500] {credentials.py:1278} INFO - Found credentials in shared credentials file: ~/.aws/credentials
[2025-11-08T23:43:41.222-0500] {processor.py:840} INFO - DAG(s) 'ocr_pipeline_dag' retrieved from /opt/airflow/dags/ocr_pipeline_dag.py
[2025-11-08T23:43:41.315-0500] {logging_mixin.py:188} INFO - [2025-11-08T23:43:41.314-0500] {dag.py:3089} INFO - Sync 1 DAGs
[2025-11-08T23:43:41.348-0500] {logging_mixin.py:188} INFO - [2025-11-08T23:43:41.347-0500] {dag.py:3947} INFO - Setting next_dagrun for ocr_pipeline_dag to None, run_after=None
[2025-11-08T23:43:41.465-0500] {processor.py:183} INFO - Processing /opt/airflow/dags/ocr_pipeline_dag.py took 2.490 seconds
[2025-11-08T23:44:12.460-0500] {processor.py:161} INFO - Started process (PID=3185) to work on /opt/airflow/dags/ocr_pipeline_dag.py
[2025-11-08T23:44:12.466-0500] {processor.py:830} INFO - Processing file /opt/airflow/dags/ocr_pipeline_dag.py for tasks to queue
[2025-11-08T23:44:12.477-0500] {logging_mixin.py:188} INFO - [2025-11-08T23:44:12.475-0500] {dagbag.py:545} INFO - Filling up the DagBag from /opt/airflow/dags/ocr_pipeline_dag.py
[2025-11-08T23:44:12.556-0500] {logging_mixin.py:188} INFO - 📂 Using project root: /opt/project
[2025-11-08T23:44:13.054-0500] {logging_mixin.py:188} INFO - [2025-11-08T23:44:13.053-0500] {credentials.py:1278} INFO - Found credentials in shared credentials file: ~/.aws/credentials
[2025-11-08T23:44:15.628-0500] {processor.py:840} INFO - DAG(s) 'ocr_pipeline_dag' retrieved from /opt/airflow/dags/ocr_pipeline_dag.py
[2025-11-08T23:44:15.708-0500] {logging_mixin.py:188} INFO - [2025-11-08T23:44:15.707-0500] {dag.py:3089} INFO - Sync 1 DAGs
[2025-11-08T23:44:15.746-0500] {logging_mixin.py:188} INFO - [2025-11-08T23:44:15.745-0500] {dag.py:3947} INFO - Setting next_dagrun for ocr_pipeline_dag to None, run_after=None
[2025-11-08T23:44:15.859-0500] {processor.py:183} INFO - Processing /opt/airflow/dags/ocr_pipeline_dag.py took 2.297 seconds
[2025-11-08T23:44:46.472-0500] {processor.py:161} INFO - Started process (PID=3191) to work on /opt/airflow/dags/ocr_pipeline_dag.py
[2025-11-08T23:44:46.479-0500] {processor.py:830} INFO - Processing file /opt/airflow/dags/ocr_pipeline_dag.py for tasks to queue
[2025-11-08T23:44:46.489-0500] {logging_mixin.py:188} INFO - [2025-11-08T23:44:46.487-0500] {dagbag.py:545} INFO - Filling up the DagBag from /opt/airflow/dags/ocr_pipeline_dag.py
[2025-11-08T23:44:46.562-0500] {logging_mixin.py:188} INFO - 📂 Using project root: /opt/project
[2025-11-08T23:44:47.023-0500] {logging_mixin.py:188} INFO - [2025-11-08T23:44:47.023-0500] {credentials.py:1278} INFO - Found credentials in shared credentials file: ~/.aws/credentials
[2025-11-08T23:44:48.591-0500] {processor.py:840} INFO - DAG(s) 'ocr_pipeline_dag' retrieved from /opt/airflow/dags/ocr_pipeline_dag.py
[2025-11-08T23:44:48.667-0500] {logging_mixin.py:188} INFO - [2025-11-08T23:44:48.665-0500] {dag.py:3089} INFO - Sync 1 DAGs
[2025-11-08T23:44:48.708-0500] {logging_mixin.py:188} INFO - [2025-11-08T23:44:48.707-0500] {dag.py:3947} INFO - Setting next_dagrun for ocr_pipeline_dag to None, run_after=None
[2025-11-08T23:44:48.771-0500] {processor.py:183} INFO - Processing /opt/airflow/dags/ocr_pipeline_dag.py took 2.330 seconds
[2025-11-08T23:45:19.418-0500] {processor.py:161} INFO - Started process (PID=3197) to work on /opt/airflow/dags/ocr_pipeline_dag.py
[2025-11-08T23:45:19.424-0500] {processor.py:830} INFO - Processing file /opt/airflow/dags/ocr_pipeline_dag.py for tasks to queue
[2025-11-08T23:45:19.438-0500] {logging_mixin.py:188} INFO - [2025-11-08T23:45:19.436-0500] {dagbag.py:545} INFO - Filling up the DagBag from /opt/airflow/dags/ocr_pipeline_dag.py
[2025-11-08T23:45:19.522-0500] {logging_mixin.py:188} INFO - 📂 Using project root: /opt/project
[2025-11-08T23:45:20.333-0500] {logging_mixin.py:188} INFO - [2025-11-08T23:45:20.332-0500] {credentials.py:1278} INFO - Found credentials in shared credentials file: ~/.aws/credentials
[2025-11-08T23:45:22.182-0500] {processor.py:840} INFO - DAG(s) 'ocr_pipeline_dag' retrieved from /opt/airflow/dags/ocr_pipeline_dag.py
[2025-11-08T23:45:22.287-0500] {logging_mixin.py:188} INFO - [2025-11-08T23:45:22.285-0500] {dag.py:3089} INFO - Sync 1 DAGs
[2025-11-08T23:45:22.343-0500] {logging_mixin.py:188} INFO - [2025-11-08T23:45:22.342-0500] {dag.py:3947} INFO - Setting next_dagrun for ocr_pipeline_dag to None, run_after=None
[2025-11-08T23:45:22.431-0500] {processor.py:183} INFO - Processing /opt/airflow/dags/ocr_pipeline_dag.py took 3.072 seconds
[2025-11-08T23:45:53.056-0500] {processor.py:161} INFO - Started process (PID=3203) to work on /opt/airflow/dags/ocr_pipeline_dag.py
[2025-11-08T23:45:53.059-0500] {processor.py:830} INFO - Processing file /opt/airflow/dags/ocr_pipeline_dag.py for tasks to queue
[2025-11-08T23:45:53.063-0500] {logging_mixin.py:188} INFO - [2025-11-08T23:45:53.062-0500] {dagbag.py:545} INFO - Filling up the DagBag from /opt/airflow/dags/ocr_pipeline_dag.py
[2025-11-08T23:45:53.095-0500] {logging_mixin.py:188} INFO - 📂 Using project root: /opt/project
[2025-11-08T23:45:53.495-0500] {logging_mixin.py:188} INFO - [2025-11-08T23:45:53.495-0500] {credentials.py:1278} INFO - Found credentials in shared credentials file: ~/.aws/credentials
[2025-11-08T23:45:55.041-0500] {processor.py:840} INFO - DAG(s) 'ocr_pipeline_dag' retrieved from /opt/airflow/dags/ocr_pipeline_dag.py
[2025-11-08T23:45:55.151-0500] {logging_mixin.py:188} INFO - [2025-11-08T23:45:55.150-0500] {dag.py:3089} INFO - Sync 1 DAGs
[2025-11-08T23:45:55.182-0500] {logging_mixin.py:188} INFO - [2025-11-08T23:45:55.181-0500] {dag.py:3947} INFO - Setting next_dagrun for ocr_pipeline_dag to None, run_after=None
[2025-11-08T23:45:55.271-0500] {processor.py:183} INFO - Processing /opt/airflow/dags/ocr_pipeline_dag.py took 2.226 seconds
[2025-11-08T23:46:25.982-0500] {processor.py:161} INFO - Started process (PID=3209) to work on /opt/airflow/dags/ocr_pipeline_dag.py
[2025-11-08T23:46:25.988-0500] {processor.py:830} INFO - Processing file /opt/airflow/dags/ocr_pipeline_dag.py for tasks to queue
[2025-11-08T23:46:25.998-0500] {logging_mixin.py:188} INFO - [2025-11-08T23:46:25.996-0500] {dagbag.py:545} INFO - Filling up the DagBag from /opt/airflow/dags/ocr_pipeline_dag.py
[2025-11-08T23:46:26.116-0500] {logging_mixin.py:188} INFO - 📂 Using project root: /opt/project
[2025-11-08T23:46:26.569-0500] {logging_mixin.py:188} INFO - [2025-11-08T23:46:26.568-0500] {credentials.py:1278} INFO - Found credentials in shared credentials file: ~/.aws/credentials
[2025-11-08T23:46:28.005-0500] {processor.py:840} INFO - DAG(s) 'ocr_pipeline_dag' retrieved from /opt/airflow/dags/ocr_pipeline_dag.py
[2025-11-08T23:46:28.090-0500] {logging_mixin.py:188} INFO - [2025-11-08T23:46:28.089-0500] {dag.py:3089} INFO - Sync 1 DAGs
[2025-11-08T23:46:28.149-0500] {logging_mixin.py:188} INFO - [2025-11-08T23:46:28.148-0500] {dag.py:3947} INFO - Setting next_dagrun for ocr_pipeline_dag to None, run_after=None
[2025-11-08T23:46:28.300-0500] {processor.py:183} INFO - Processing /opt/airflow/dags/ocr_pipeline_dag.py took 2.352 seconds
[2025-11-08T23:46:58.688-0500] {processor.py:161} INFO - Started process (PID=3215) to work on /opt/airflow/dags/ocr_pipeline_dag.py
[2025-11-08T23:46:58.695-0500] {processor.py:830} INFO - Processing file /opt/airflow/dags/ocr_pipeline_dag.py for tasks to queue
[2025-11-08T23:46:58.711-0500] {logging_mixin.py:188} INFO - [2025-11-08T23:46:58.709-0500] {dagbag.py:545} INFO - Filling up the DagBag from /opt/airflow/dags/ocr_pipeline_dag.py
[2025-11-08T23:46:58.786-0500] {logging_mixin.py:188} INFO - 📂 Using project root: /opt/project
[2025-11-08T23:46:59.598-0500] {logging_mixin.py:188} INFO - [2025-11-08T23:46:59.597-0500] {credentials.py:1278} INFO - Found credentials in shared credentials file: ~/.aws/credentials
[2025-11-08T23:47:01.227-0500] {processor.py:840} INFO - DAG(s) 'ocr_pipeline_dag' retrieved from /opt/airflow/dags/ocr_pipeline_dag.py
[2025-11-08T23:47:01.383-0500] {logging_mixin.py:188} INFO - [2025-11-08T23:47:01.382-0500] {dag.py:3089} INFO - Sync 1 DAGs
[2025-11-08T23:47:01.411-0500] {logging_mixin.py:188} INFO - [2025-11-08T23:47:01.410-0500] {dag.py:3947} INFO - Setting next_dagrun for ocr_pipeline_dag to None, run_after=None
[2025-11-08T23:47:01.501-0500] {processor.py:183} INFO - Processing /opt/airflow/dags/ocr_pipeline_dag.py took 2.846 seconds
[2025-11-08T23:47:31.790-0500] {processor.py:161} INFO - Started process (PID=3221) to work on /opt/airflow/dags/ocr_pipeline_dag.py
[2025-11-08T23:47:31.797-0500] {processor.py:830} INFO - Processing file /opt/airflow/dags/ocr_pipeline_dag.py for tasks to queue
[2025-11-08T23:47:31.814-0500] {logging_mixin.py:188} INFO - [2025-11-08T23:47:31.812-0500] {dagbag.py:545} INFO - Filling up the DagBag from /opt/airflow/dags/ocr_pipeline_dag.py
[2025-11-08T23:47:31.901-0500] {logging_mixin.py:188} INFO - 📂 Using project root: /opt/project
[2025-11-08T23:47:32.400-0500] {logging_mixin.py:188} INFO - [2025-11-08T23:47:32.400-0500] {credentials.py:1278} INFO - Found credentials in shared credentials file: ~/.aws/credentials
[2025-11-08T23:47:33.985-0500] {processor.py:840} INFO - DAG(s) 'ocr_pipeline_dag' retrieved from /opt/airflow/dags/ocr_pipeline_dag.py
[2025-11-08T23:47:34.122-0500] {logging_mixin.py:188} INFO - [2025-11-08T23:47:34.121-0500] {dag.py:3089} INFO - Sync 1 DAGs
[2025-11-08T23:47:34.170-0500] {logging_mixin.py:188} INFO - [2025-11-08T23:47:34.170-0500] {dag.py:3947} INFO - Setting next_dagrun for ocr_pipeline_dag to None, run_after=None
[2025-11-08T23:47:34.363-0500] {processor.py:183} INFO - Processing /opt/airflow/dags/ocr_pipeline_dag.py took 2.614 seconds
[2025-11-08T23:48:05.121-0500] {processor.py:161} INFO - Started process (PID=3227) to work on /opt/airflow/dags/ocr_pipeline_dag.py
[2025-11-08T23:48:05.125-0500] {processor.py:830} INFO - Processing file /opt/airflow/dags/ocr_pipeline_dag.py for tasks to queue
[2025-11-08T23:48:05.131-0500] {logging_mixin.py:188} INFO - [2025-11-08T23:48:05.130-0500] {dagbag.py:545} INFO - Filling up the DagBag from /opt/airflow/dags/ocr_pipeline_dag.py
[2025-11-08T23:48:05.186-0500] {logging_mixin.py:188} INFO - 📂 Using project root: /opt/project
[2025-11-08T23:48:05.701-0500] {logging_mixin.py:188} INFO - [2025-11-08T23:48:05.700-0500] {credentials.py:1278} INFO - Found credentials in shared credentials file: ~/.aws/credentials
[2025-11-08T23:48:07.360-0500] {processor.py:840} INFO - DAG(s) 'ocr_pipeline_dag' retrieved from /opt/airflow/dags/ocr_pipeline_dag.py
[2025-11-08T23:48:07.439-0500] {logging_mixin.py:188} INFO - [2025-11-08T23:48:07.438-0500] {dag.py:3089} INFO - Sync 1 DAGs
[2025-11-08T23:48:07.461-0500] {logging_mixin.py:188} INFO - [2025-11-08T23:48:07.461-0500] {dag.py:3947} INFO - Setting next_dagrun for ocr_pipeline_dag to None, run_after=None
[2025-11-08T23:48:07.500-0500] {processor.py:183} INFO - Processing /opt/airflow/dags/ocr_pipeline_dag.py took 2.398 seconds
[2025-11-08T23:48:37.803-0500] {processor.py:161} INFO - Started process (PID=3233) to work on /opt/airflow/dags/ocr_pipeline_dag.py
[2025-11-08T23:48:37.808-0500] {processor.py:830} INFO - Processing file /opt/airflow/dags/ocr_pipeline_dag.py for tasks to queue
[2025-11-08T23:48:37.821-0500] {logging_mixin.py:188} INFO - [2025-11-08T23:48:37.819-0500] {dagbag.py:545} INFO - Filling up the DagBag from /opt/airflow/dags/ocr_pipeline_dag.py
[2025-11-08T23:48:37.885-0500] {logging_mixin.py:188} INFO - 📂 Using project root: /opt/project
[2025-11-08T23:48:38.459-0500] {logging_mixin.py:188} INFO - [2025-11-08T23:48:38.458-0500] {credentials.py:1278} INFO - Found credentials in shared credentials file: ~/.aws/credentials
[2025-11-08T23:48:39.945-0500] {processor.py:840} INFO - DAG(s) 'ocr_pipeline_dag' retrieved from /opt/airflow/dags/ocr_pipeline_dag.py
[2025-11-08T23:48:40.017-0500] {logging_mixin.py:188} INFO - [2025-11-08T23:48:40.016-0500] {dag.py:3089} INFO - Sync 1 DAGs
[2025-11-08T23:48:40.054-0500] {logging_mixin.py:188} INFO - [2025-11-08T23:48:40.054-0500] {dag.py:3947} INFO - Setting next_dagrun for ocr_pipeline_dag to None, run_after=None
[2025-11-08T23:48:40.105-0500] {processor.py:183} INFO - Processing /opt/airflow/dags/ocr_pipeline_dag.py took 2.328 seconds
[2025-11-08T23:49:10.719-0500] {processor.py:161} INFO - Started process (PID=3239) to work on /opt/airflow/dags/ocr_pipeline_dag.py
[2025-11-08T23:49:10.722-0500] {processor.py:830} INFO - Processing file /opt/airflow/dags/ocr_pipeline_dag.py for tasks to queue
[2025-11-08T23:49:10.728-0500] {logging_mixin.py:188} INFO - [2025-11-08T23:49:10.727-0500] {dagbag.py:545} INFO - Filling up the DagBag from /opt/airflow/dags/ocr_pipeline_dag.py
[2025-11-08T23:49:10.772-0500] {logging_mixin.py:188} INFO - 📂 Using project root: /opt/project
[2025-11-08T23:49:11.248-0500] {logging_mixin.py:188} INFO - [2025-11-08T23:49:11.248-0500] {credentials.py:1278} INFO - Found credentials in shared credentials file: ~/.aws/credentials
[2025-11-08T23:49:12.919-0500] {processor.py:840} INFO - DAG(s) 'ocr_pipeline_dag' retrieved from /opt/airflow/dags/ocr_pipeline_dag.py
[2025-11-08T23:49:12.991-0500] {logging_mixin.py:188} INFO - [2025-11-08T23:49:12.990-0500] {dag.py:3089} INFO - Sync 1 DAGs
[2025-11-08T23:49:13.024-0500] {logging_mixin.py:188} INFO - [2025-11-08T23:49:13.024-0500] {dag.py:3947} INFO - Setting next_dagrun for ocr_pipeline_dag to None, run_after=None
[2025-11-08T23:49:13.072-0500] {processor.py:183} INFO - Processing /opt/airflow/dags/ocr_pipeline_dag.py took 2.369 seconds
[2025-11-08T23:49:43.548-0500] {processor.py:161} INFO - Started process (PID=3245) to work on /opt/airflow/dags/ocr_pipeline_dag.py
[2025-11-08T23:49:43.554-0500] {processor.py:830} INFO - Processing file /opt/airflow/dags/ocr_pipeline_dag.py for tasks to queue
[2025-11-08T23:49:43.568-0500] {logging_mixin.py:188} INFO - [2025-11-08T23:49:43.566-0500] {dagbag.py:545} INFO - Filling up the DagBag from /opt/airflow/dags/ocr_pipeline_dag.py
[2025-11-08T23:49:43.708-0500] {logging_mixin.py:188} INFO - 📂 Using project root: /opt/project
[2025-11-08T23:49:44.427-0500] {logging_mixin.py:188} INFO - [2025-11-08T23:49:44.426-0500] {credentials.py:1278} INFO - Found credentials in shared credentials file: ~/.aws/credentials
[2025-11-08T23:49:45.960-0500] {processor.py:840} INFO - DAG(s) 'ocr_pipeline_dag' retrieved from /opt/airflow/dags/ocr_pipeline_dag.py
[2025-11-08T23:49:46.039-0500] {logging_mixin.py:188} INFO - [2025-11-08T23:49:46.038-0500] {dag.py:3089} INFO - Sync 1 DAGs
[2025-11-08T23:49:46.071-0500] {logging_mixin.py:188} INFO - [2025-11-08T23:49:46.071-0500] {dag.py:3947} INFO - Setting next_dagrun for ocr_pipeline_dag to None, run_after=None
[2025-11-08T23:49:46.125-0500] {processor.py:183} INFO - Processing /opt/airflow/dags/ocr_pipeline_dag.py took 2.618 seconds
[2025-11-08T23:50:16.878-0500] {processor.py:161} INFO - Started process (PID=3251) to work on /opt/airflow/dags/ocr_pipeline_dag.py
[2025-11-08T23:50:16.883-0500] {processor.py:830} INFO - Processing file /opt/airflow/dags/ocr_pipeline_dag.py for tasks to queue
[2025-11-08T23:50:16.896-0500] {logging_mixin.py:188} INFO - [2025-11-08T23:50:16.894-0500] {dagbag.py:545} INFO - Filling up the DagBag from /opt/airflow/dags/ocr_pipeline_dag.py
[2025-11-08T23:50:16.975-0500] {logging_mixin.py:188} INFO - 📂 Using project root: /opt/project
[2025-11-08T23:50:17.628-0500] {logging_mixin.py:188} INFO - [2025-11-08T23:50:17.627-0500] {credentials.py:1278} INFO - Found credentials in shared credentials file: ~/.aws/credentials
[2025-11-08T23:50:19.575-0500] {processor.py:840} INFO - DAG(s) 'ocr_pipeline_dag' retrieved from /opt/airflow/dags/ocr_pipeline_dag.py
[2025-11-08T23:50:19.724-0500] {logging_mixin.py:188} INFO - [2025-11-08T23:50:19.722-0500] {dag.py:3089} INFO - Sync 1 DAGs
[2025-11-08T23:50:19.768-0500] {logging_mixin.py:188} INFO - [2025-11-08T23:50:19.767-0500] {dag.py:3947} INFO - Setting next_dagrun for ocr_pipeline_dag to None, run_after=None
[2025-11-08T23:50:19.974-0500] {processor.py:183} INFO - Processing /opt/airflow/dags/ocr_pipeline_dag.py took 3.124 seconds
[2025-11-08T23:50:50.580-0500] {processor.py:161} INFO - Started process (PID=3257) to work on /opt/airflow/dags/ocr_pipeline_dag.py
[2025-11-08T23:50:50.585-0500] {processor.py:830} INFO - Processing file /opt/airflow/dags/ocr_pipeline_dag.py for tasks to queue
[2025-11-08T23:50:50.606-0500] {logging_mixin.py:188} INFO - [2025-11-08T23:50:50.604-0500] {dagbag.py:545} INFO - Filling up the DagBag from /opt/airflow/dags/ocr_pipeline_dag.py
[2025-11-08T23:50:50.667-0500] {logging_mixin.py:188} INFO - 📂 Using project root: /opt/project
[2025-11-08T23:50:51.213-0500] {logging_mixin.py:188} INFO - [2025-11-08T23:50:51.213-0500] {credentials.py:1278} INFO - Found credentials in shared credentials file: ~/.aws/credentials
[2025-11-08T23:50:53.210-0500] {processor.py:840} INFO - DAG(s) 'ocr_pipeline_dag' retrieved from /opt/airflow/dags/ocr_pipeline_dag.py
[2025-11-08T23:50:53.274-0500] {logging_mixin.py:188} INFO - [2025-11-08T23:50:53.274-0500] {dag.py:3089} INFO - Sync 1 DAGs
[2025-11-08T23:50:53.300-0500] {logging_mixin.py:188} INFO - [2025-11-08T23:50:53.300-0500] {dag.py:3947} INFO - Setting next_dagrun for ocr_pipeline_dag to None, run_after=None
[2025-11-08T23:50:53.347-0500] {processor.py:183} INFO - Processing /opt/airflow/dags/ocr_pipeline_dag.py took 2.798 seconds
[2025-11-08T23:51:24.159-0500] {processor.py:161} INFO - Started process (PID=3263) to work on /opt/airflow/dags/ocr_pipeline_dag.py
[2025-11-08T23:51:24.165-0500] {processor.py:830} INFO - Processing file /opt/airflow/dags/ocr_pipeline_dag.py for tasks to queue
[2025-11-08T23:51:24.175-0500] {logging_mixin.py:188} INFO - [2025-11-08T23:51:24.173-0500] {dagbag.py:545} INFO - Filling up the DagBag from /opt/airflow/dags/ocr_pipeline_dag.py
[2025-11-08T23:51:24.246-0500] {logging_mixin.py:188} INFO - 📂 Using project root: /opt/project
[2025-11-08T23:51:24.671-0500] {logging_mixin.py:188} INFO - [2025-11-08T23:51:24.671-0500] {credentials.py:1278} INFO - Found credentials in shared credentials file: ~/.aws/credentials
[2025-11-08T23:51:25.863-0500] {processor.py:840} INFO - DAG(s) 'ocr_pipeline_dag' retrieved from /opt/airflow/dags/ocr_pipeline_dag.py
[2025-11-08T23:51:25.903-0500] {logging_mixin.py:188} INFO - [2025-11-08T23:51:25.903-0500] {dag.py:3089} INFO - Sync 1 DAGs
[2025-11-08T23:51:25.920-0500] {logging_mixin.py:188} INFO - [2025-11-08T23:51:25.920-0500] {dag.py:3947} INFO - Setting next_dagrun for ocr_pipeline_dag to None, run_after=None
[2025-11-08T23:51:25.952-0500] {processor.py:183} INFO - Processing /opt/airflow/dags/ocr_pipeline_dag.py took 1.825 seconds
[2025-11-08T23:51:56.825-0500] {processor.py:161} INFO - Started process (PID=3269) to work on /opt/airflow/dags/ocr_pipeline_dag.py
[2025-11-08T23:51:56.831-0500] {processor.py:830} INFO - Processing file /opt/airflow/dags/ocr_pipeline_dag.py for tasks to queue
[2025-11-08T23:51:56.844-0500] {logging_mixin.py:188} INFO - [2025-11-08T23:51:56.841-0500] {dagbag.py:545} INFO - Filling up the DagBag from /opt/airflow/dags/ocr_pipeline_dag.py
[2025-11-08T23:51:56.922-0500] {logging_mixin.py:188} INFO - 📂 Using project root: /opt/project
[2025-11-08T23:51:57.700-0500] {logging_mixin.py:188} INFO - [2025-11-08T23:51:57.699-0500] {credentials.py:1278} INFO - Found credentials in shared credentials file: ~/.aws/credentials
[2025-11-08T23:51:58.915-0500] {processor.py:840} INFO - DAG(s) 'ocr_pipeline_dag' retrieved from /opt/airflow/dags/ocr_pipeline_dag.py
[2025-11-08T23:51:58.962-0500] {logging_mixin.py:188} INFO - [2025-11-08T23:51:58.962-0500] {dag.py:3089} INFO - Sync 1 DAGs
[2025-11-08T23:51:58.986-0500] {logging_mixin.py:188} INFO - [2025-11-08T23:51:58.985-0500] {dag.py:3947} INFO - Setting next_dagrun for ocr_pipeline_dag to None, run_after=None
[2025-11-08T23:51:59.026-0500] {processor.py:183} INFO - Processing /opt/airflow/dags/ocr_pipeline_dag.py took 2.233 seconds
[2025-11-08T23:52:29.558-0500] {processor.py:161} INFO - Started process (PID=3275) to work on /opt/airflow/dags/ocr_pipeline_dag.py
[2025-11-08T23:52:29.560-0500] {processor.py:830} INFO - Processing file /opt/airflow/dags/ocr_pipeline_dag.py for tasks to queue
[2025-11-08T23:52:29.563-0500] {logging_mixin.py:188} INFO - [2025-11-08T23:52:29.563-0500] {dagbag.py:545} INFO - Filling up the DagBag from /opt/airflow/dags/ocr_pipeline_dag.py
[2025-11-08T23:52:29.591-0500] {logging_mixin.py:188} INFO - 📂 Using project root: /opt/project
[2025-11-08T23:52:29.869-0500] {logging_mixin.py:188} INFO - [2025-11-08T23:52:29.869-0500] {credentials.py:1278} INFO - Found credentials in shared credentials file: ~/.aws/credentials
[2025-11-08T23:52:30.897-0500] {processor.py:840} INFO - DAG(s) 'ocr_pipeline_dag' retrieved from /opt/airflow/dags/ocr_pipeline_dag.py
[2025-11-08T23:52:30.937-0500] {logging_mixin.py:188} INFO - [2025-11-08T23:52:30.937-0500] {dag.py:3089} INFO - Sync 1 DAGs
[2025-11-08T23:52:30.957-0500] {logging_mixin.py:188} INFO - [2025-11-08T23:52:30.957-0500] {dag.py:3947} INFO - Setting next_dagrun for ocr_pipeline_dag to None, run_after=None
[2025-11-08T23:52:31.001-0500] {processor.py:183} INFO - Processing /opt/airflow/dags/ocr_pipeline_dag.py took 1.454 seconds
[2025-11-08T23:53:01.517-0500] {processor.py:161} INFO - Started process (PID=3281) to work on /opt/airflow/dags/ocr_pipeline_dag.py
[2025-11-08T23:53:01.523-0500] {processor.py:830} INFO - Processing file /opt/airflow/dags/ocr_pipeline_dag.py for tasks to queue
[2025-11-08T23:53:01.532-0500] {logging_mixin.py:188} INFO - [2025-11-08T23:53:01.531-0500] {dagbag.py:545} INFO - Filling up the DagBag from /opt/airflow/dags/ocr_pipeline_dag.py
[2025-11-08T23:53:01.602-0500] {logging_mixin.py:188} INFO - 📂 Using project root: /opt/project
[2025-11-08T23:53:02.043-0500] {logging_mixin.py:188} INFO - [2025-11-08T23:53:02.043-0500] {credentials.py:1278} INFO - Found credentials in shared credentials file: ~/.aws/credentials
[2025-11-08T23:53:03.657-0500] {processor.py:840} INFO - DAG(s) 'ocr_pipeline_dag' retrieved from /opt/airflow/dags/ocr_pipeline_dag.py
[2025-11-08T23:53:03.718-0500] {logging_mixin.py:188} INFO - [2025-11-08T23:53:03.717-0500] {dag.py:3089} INFO - Sync 1 DAGs
[2025-11-08T23:53:03.744-0500] {logging_mixin.py:188} INFO - [2025-11-08T23:53:03.744-0500] {dag.py:3947} INFO - Setting next_dagrun for ocr_pipeline_dag to None, run_after=None
[2025-11-08T23:53:03.792-0500] {processor.py:183} INFO - Processing /opt/airflow/dags/ocr_pipeline_dag.py took 2.303 seconds
[2025-11-08T23:53:34.449-0500] {processor.py:161} INFO - Started process (PID=3287) to work on /opt/airflow/dags/ocr_pipeline_dag.py
[2025-11-08T23:53:34.456-0500] {processor.py:830} INFO - Processing file /opt/airflow/dags/ocr_pipeline_dag.py for tasks to queue
[2025-11-08T23:53:34.471-0500] {logging_mixin.py:188} INFO - [2025-11-08T23:53:34.469-0500] {dagbag.py:545} INFO - Filling up the DagBag from /opt/airflow/dags/ocr_pipeline_dag.py
[2025-11-08T23:53:34.541-0500] {logging_mixin.py:188} INFO - 📂 Using project root: /opt/project
[2025-11-08T23:53:35.002-0500] {logging_mixin.py:188} INFO - [2025-11-08T23:53:35.001-0500] {credentials.py:1278} INFO - Found credentials in shared credentials file: ~/.aws/credentials
[2025-11-08T23:53:37.921-0500] {processor.py:840} INFO - DAG(s) 'ocr_pipeline_dag' retrieved from /opt/airflow/dags/ocr_pipeline_dag.py
[2025-11-08T23:53:38.033-0500] {logging_mixin.py:188} INFO - [2025-11-08T23:53:38.033-0500] {dag.py:3089} INFO - Sync 1 DAGs
[2025-11-08T23:53:38.061-0500] {logging_mixin.py:188} INFO - [2025-11-08T23:53:38.061-0500] {dag.py:3947} INFO - Setting next_dagrun for ocr_pipeline_dag to None, run_after=None
[2025-11-08T23:53:38.109-0500] {processor.py:183} INFO - Processing /opt/airflow/dags/ocr_pipeline_dag.py took 2.476 seconds
[2025-11-08T23:54:08.571-0500] {processor.py:161} INFO - Started process (PID=3293) to work on /opt/airflow/dags/ocr_pipeline_dag.py
[2025-11-08T23:54:08.579-0500] {processor.py:830} INFO - Processing file /opt/airflow/dags/ocr_pipeline_dag.py for tasks to queue
[2025-11-08T23:54:08.595-0500] {logging_mixin.py:188} INFO - [2025-11-08T23:54:08.593-0500] {dagbag.py:545} INFO - Filling up the DagBag from /opt/airflow/dags/ocr_pipeline_dag.py
[2025-11-08T23:54:08.670-0500] {logging_mixin.py:188} INFO - 📂 Using project root: /opt/project
[2025-11-08T23:54:09.210-0500] {logging_mixin.py:188} INFO - [2025-11-08T23:54:09.209-0500] {credentials.py:1278} INFO - Found credentials in shared credentials file: ~/.aws/credentials
[2025-11-08T23:54:10.887-0500] {processor.py:840} INFO - DAG(s) 'ocr_pipeline_dag' retrieved from /opt/airflow/dags/ocr_pipeline_dag.py
[2025-11-08T23:54:11.001-0500] {logging_mixin.py:188} INFO - [2025-11-08T23:54:11.000-0500] {dag.py:3089} INFO - Sync 1 DAGs
[2025-11-08T23:54:11.047-0500] {logging_mixin.py:188} INFO - [2025-11-08T23:54:11.047-0500] {dag.py:3947} INFO - Setting next_dagrun for ocr_pipeline_dag to None, run_after=None
[2025-11-08T23:54:11.119-0500] {processor.py:183} INFO - Processing /opt/airflow/dags/ocr_pipeline_dag.py took 2.583 seconds
[2025-11-08T23:54:41.723-0500] {processor.py:161} INFO - Started process (PID=3299) to work on /opt/airflow/dags/ocr_pipeline_dag.py
[2025-11-08T23:54:41.729-0500] {processor.py:830} INFO - Processing file /opt/airflow/dags/ocr_pipeline_dag.py for tasks to queue
[2025-11-08T23:54:41.741-0500] {logging_mixin.py:188} INFO - [2025-11-08T23:54:41.739-0500] {dagbag.py:545} INFO - Filling up the DagBag from /opt/airflow/dags/ocr_pipeline_dag.py
[2025-11-08T23:54:41.824-0500] {logging_mixin.py:188} INFO - 📂 Using project root: /opt/project
[2025-11-08T23:54:42.352-0500] {logging_mixin.py:188} INFO - [2025-11-08T23:54:42.351-0500] {credentials.py:1278} INFO - Found credentials in shared credentials file: ~/.aws/credentials
[2025-11-08T23:54:43.686-0500] {processor.py:840} INFO - DAG(s) 'ocr_pipeline_dag' retrieved from /opt/airflow/dags/ocr_pipeline_dag.py
[2025-11-08T23:54:43.840-0500] {logging_mixin.py:188} INFO - [2025-11-08T23:54:43.838-0500] {dag.py:3089} INFO - Sync 1 DAGs
[2025-11-08T23:54:43.891-0500] {logging_mixin.py:188} INFO - [2025-11-08T23:54:43.890-0500] {dag.py:3947} INFO - Setting next_dagrun for ocr_pipeline_dag to None, run_after=None
[2025-11-08T23:54:44.030-0500] {processor.py:183} INFO - Processing /opt/airflow/dags/ocr_pipeline_dag.py took 2.347 seconds
[2025-11-08T23:55:14.763-0500] {processor.py:161} INFO - Started process (PID=3305) to work on /opt/airflow/dags/ocr_pipeline_dag.py
[2025-11-08T23:55:14.767-0500] {processor.py:830} INFO - Processing file /opt/airflow/dags/ocr_pipeline_dag.py for tasks to queue
[2025-11-08T23:55:14.772-0500] {logging_mixin.py:188} INFO - [2025-11-08T23:55:14.772-0500] {dagbag.py:545} INFO - Filling up the DagBag from /opt/airflow/dags/ocr_pipeline_dag.py
[2025-11-08T23:55:14.803-0500] {logging_mixin.py:188} INFO - 📂 Using project root: /opt/project
[2025-11-08T23:55:15.162-0500] {logging_mixin.py:188} INFO - [2025-11-08T23:55:15.161-0500] {credentials.py:1278} INFO - Found credentials in shared credentials file: ~/.aws/credentials
[2025-11-08T23:55:16.303-0500] {processor.py:840} INFO - DAG(s) 'ocr_pipeline_dag' retrieved from /opt/airflow/dags/ocr_pipeline_dag.py
[2025-11-08T23:55:16.350-0500] {logging_mixin.py:188} INFO - [2025-11-08T23:55:16.349-0500] {dag.py:3089} INFO - Sync 1 DAGs
[2025-11-08T23:55:16.373-0500] {logging_mixin.py:188} INFO - [2025-11-08T23:55:16.373-0500] {dag.py:3947} INFO - Setting next_dagrun for ocr_pipeline_dag to None, run_after=None
[2025-11-08T23:55:16.426-0500] {processor.py:183} INFO - Processing /opt/airflow/dags/ocr_pipeline_dag.py took 1.679 seconds
[2025-11-08T23:55:47.154-0500] {processor.py:161} INFO - Started process (PID=3311) to work on /opt/airflow/dags/ocr_pipeline_dag.py
[2025-11-08T23:55:47.159-0500] {processor.py:830} INFO - Processing file /opt/airflow/dags/ocr_pipeline_dag.py for tasks to queue
[2025-11-08T23:55:47.167-0500] {logging_mixin.py:188} INFO - [2025-11-08T23:55:47.165-0500] {dagbag.py:545} INFO - Filling up the DagBag from /opt/airflow/dags/ocr_pipeline_dag.py
[2025-11-08T23:55:47.206-0500] {logging_mixin.py:188} INFO - 📂 Using project root: /opt/project
[2025-11-08T23:55:47.632-0500] {logging_mixin.py:188} INFO - [2025-11-08T23:55:47.630-0500] {credentials.py:1278} INFO - Found credentials in shared credentials file: ~/.aws/credentials
[2025-11-08T23:55:50.040-0500] {processor.py:840} INFO - DAG(s) 'ocr_pipeline_dag' retrieved from /opt/airflow/dags/ocr_pipeline_dag.py
[2025-11-08T23:55:50.095-0500] {logging_mixin.py:188} INFO - [2025-11-08T23:55:50.094-0500] {dag.py:3089} INFO - Sync 1 DAGs
[2025-11-08T23:55:50.113-0500] {logging_mixin.py:188} INFO - [2025-11-08T23:55:50.112-0500] {dag.py:3947} INFO - Setting next_dagrun for ocr_pipeline_dag to None, run_after=None
[2025-11-08T23:55:50.176-0500] {processor.py:183} INFO - Processing /opt/airflow/dags/ocr_pipeline_dag.py took 3.049 seconds
[2025-11-08T23:56:20.746-0500] {processor.py:161} INFO - Started process (PID=3317) to work on /opt/airflow/dags/ocr_pipeline_dag.py
[2025-11-08T23:56:20.750-0500] {processor.py:830} INFO - Processing file /opt/airflow/dags/ocr_pipeline_dag.py for tasks to queue
[2025-11-08T23:56:20.763-0500] {logging_mixin.py:188} INFO - [2025-11-08T23:56:20.756-0500] {dagbag.py:545} INFO - Filling up the DagBag from /opt/airflow/dags/ocr_pipeline_dag.py
[2025-11-08T23:56:20.804-0500] {logging_mixin.py:188} INFO - 📂 Using project root: /opt/project
[2025-11-08T23:56:21.410-0500] {logging_mixin.py:188} INFO - [2025-11-08T23:56:21.410-0500] {credentials.py:1278} INFO - Found credentials in shared credentials file: ~/.aws/credentials
[2025-11-08T23:56:23.790-0500] {processor.py:840} INFO - DAG(s) 'ocr_pipeline_dag' retrieved from /opt/airflow/dags/ocr_pipeline_dag.py
[2025-11-08T23:56:23.925-0500] {logging_mixin.py:188} INFO - [2025-11-08T23:56:23.923-0500] {dag.py:3089} INFO - Sync 1 DAGs
[2025-11-08T23:56:23.959-0500] {logging_mixin.py:188} INFO - [2025-11-08T23:56:23.959-0500] {dag.py:3947} INFO - Setting next_dagrun for ocr_pipeline_dag to None, run_after=None
[2025-11-08T23:56:24.018-0500] {processor.py:183} INFO - Processing /opt/airflow/dags/ocr_pipeline_dag.py took 3.301 seconds
[2025-11-08T23:56:54.537-0500] {processor.py:161} INFO - Started process (PID=3323) to work on /opt/airflow/dags/ocr_pipeline_dag.py
[2025-11-08T23:56:54.542-0500] {processor.py:830} INFO - Processing file /opt/airflow/dags/ocr_pipeline_dag.py for tasks to queue
[2025-11-08T23:56:54.572-0500] {logging_mixin.py:188} INFO - [2025-11-08T23:56:54.571-0500] {dagbag.py:545} INFO - Filling up the DagBag from /opt/airflow/dags/ocr_pipeline_dag.py
[2025-11-08T23:56:54.612-0500] {logging_mixin.py:188} INFO - 📂 Using project root: /opt/project
[2025-11-08T23:56:55.176-0500] {logging_mixin.py:188} INFO - [2025-11-08T23:56:55.176-0500] {credentials.py:1278} INFO - Found credentials in shared credentials file: ~/.aws/credentials
[2025-11-08T23:56:56.765-0500] {processor.py:840} INFO - DAG(s) 'ocr_pipeline_dag' retrieved from /opt/airflow/dags/ocr_pipeline_dag.py
[2025-11-08T23:56:56.808-0500] {logging_mixin.py:188} INFO - [2025-11-08T23:56:56.808-0500] {dag.py:3089} INFO - Sync 1 DAGs
[2025-11-08T23:56:56.829-0500] {logging_mixin.py:188} INFO - [2025-11-08T23:56:56.828-0500] {dag.py:3947} INFO - Setting next_dagrun for ocr_pipeline_dag to None, run_after=None
[2025-11-08T23:56:56.883-0500] {processor.py:183} INFO - Processing /opt/airflow/dags/ocr_pipeline_dag.py took 2.383 seconds
[2025-11-08T23:57:27.389-0500] {processor.py:161} INFO - Started process (PID=3329) to work on /opt/airflow/dags/ocr_pipeline_dag.py
[2025-11-08T23:57:27.392-0500] {processor.py:830} INFO - Processing file /opt/airflow/dags/ocr_pipeline_dag.py for tasks to queue
[2025-11-08T23:57:27.397-0500] {logging_mixin.py:188} INFO - [2025-11-08T23:57:27.396-0500] {dagbag.py:545} INFO - Filling up the DagBag from /opt/airflow/dags/ocr_pipeline_dag.py
[2025-11-08T23:57:27.519-0500] {logging_mixin.py:188} INFO - 📂 Using project root: /opt/project
[2025-11-08T23:57:27.905-0500] {logging_mixin.py:188} INFO - [2025-11-08T23:57:27.904-0500] {credentials.py:1278} INFO - Found credentials in shared credentials file: ~/.aws/credentials
[2025-11-08T23:57:29.420-0500] {processor.py:840} INFO - DAG(s) 'ocr_pipeline_dag' retrieved from /opt/airflow/dags/ocr_pipeline_dag.py
[2025-11-08T23:57:29.476-0500] {logging_mixin.py:188} INFO - [2025-11-08T23:57:29.476-0500] {dag.py:3089} INFO - Sync 1 DAGs
[2025-11-08T23:57:29.504-0500] {logging_mixin.py:188} INFO - [2025-11-08T23:57:29.503-0500] {dag.py:3947} INFO - Setting next_dagrun for ocr_pipeline_dag to None, run_after=None
[2025-11-08T23:57:29.553-0500] {processor.py:183} INFO - Processing /opt/airflow/dags/ocr_pipeline_dag.py took 2.184 seconds
[2025-11-08T23:58:00.188-0500] {processor.py:161} INFO - Started process (PID=3335) to work on /opt/airflow/dags/ocr_pipeline_dag.py
[2025-11-08T23:58:00.191-0500] {processor.py:830} INFO - Processing file /opt/airflow/dags/ocr_pipeline_dag.py for tasks to queue
[2025-11-08T23:58:00.195-0500] {logging_mixin.py:188} INFO - [2025-11-08T23:58:00.195-0500] {dagbag.py:545} INFO - Filling up the DagBag from /opt/airflow/dags/ocr_pipeline_dag.py
[2025-11-08T23:58:00.226-0500] {logging_mixin.py:188} INFO - 📂 Using project root: /opt/project
[2025-11-08T23:58:00.648-0500] {logging_mixin.py:188} INFO - [2025-11-08T23:58:00.648-0500] {credentials.py:1278} INFO - Found credentials in shared credentials file: ~/.aws/credentials
[2025-11-08T23:58:01.926-0500] {processor.py:840} INFO - DAG(s) 'ocr_pipeline_dag' retrieved from /opt/airflow/dags/ocr_pipeline_dag.py
[2025-11-08T23:58:01.974-0500] {logging_mixin.py:188} INFO - [2025-11-08T23:58:01.973-0500] {dag.py:3089} INFO - Sync 1 DAGs
[2025-11-08T23:58:02.000-0500] {logging_mixin.py:188} INFO - [2025-11-08T23:58:01.999-0500] {dag.py:3947} INFO - Setting next_dagrun for ocr_pipeline_dag to None, run_after=None
[2025-11-08T23:58:02.049-0500] {processor.py:183} INFO - Processing /opt/airflow/dags/ocr_pipeline_dag.py took 1.873 seconds
[2025-11-08T23:58:32.723-0500] {processor.py:161} INFO - Started process (PID=3341) to work on /opt/airflow/dags/ocr_pipeline_dag.py
[2025-11-08T23:58:32.726-0500] {processor.py:830} INFO - Processing file /opt/airflow/dags/ocr_pipeline_dag.py for tasks to queue
[2025-11-08T23:58:32.732-0500] {logging_mixin.py:188} INFO - [2025-11-08T23:58:32.731-0500] {dagbag.py:545} INFO - Filling up the DagBag from /opt/airflow/dags/ocr_pipeline_dag.py
[2025-11-08T23:58:32.774-0500] {logging_mixin.py:188} INFO - 📂 Using project root: /opt/project
[2025-11-08T23:58:33.295-0500] {logging_mixin.py:188} INFO - [2025-11-08T23:58:33.294-0500] {credentials.py:1278} INFO - Found credentials in shared credentials file: ~/.aws/credentials
[2025-11-08T23:58:34.874-0500] {processor.py:840} INFO - DAG(s) 'ocr_pipeline_dag' retrieved from /opt/airflow/dags/ocr_pipeline_dag.py
[2025-11-08T23:58:34.972-0500] {logging_mixin.py:188} INFO - [2025-11-08T23:58:34.971-0500] {dag.py:3089} INFO - Sync 1 DAGs
[2025-11-08T23:58:35.010-0500] {logging_mixin.py:188} INFO - [2025-11-08T23:58:35.009-0500] {dag.py:3947} INFO - Setting next_dagrun for ocr_pipeline_dag to None, run_after=None
[2025-11-08T23:58:35.062-0500] {processor.py:183} INFO - Processing /opt/airflow/dags/ocr_pipeline_dag.py took 2.354 seconds
[2025-11-08T23:59:05.406-0500] {processor.py:161} INFO - Started process (PID=3347) to work on /opt/airflow/dags/ocr_pipeline_dag.py
[2025-11-08T23:59:05.412-0500] {processor.py:830} INFO - Processing file /opt/airflow/dags/ocr_pipeline_dag.py for tasks to queue
[2025-11-08T23:59:05.428-0500] {logging_mixin.py:188} INFO - [2025-11-08T23:59:05.426-0500] {dagbag.py:545} INFO - Filling up the DagBag from /opt/airflow/dags/ocr_pipeline_dag.py
[2025-11-08T23:59:05.486-0500] {logging_mixin.py:188} INFO - 📂 Using project root: /opt/project
[2025-11-08T23:59:05.973-0500] {logging_mixin.py:188} INFO - [2025-11-08T23:59:05.972-0500] {credentials.py:1278} INFO - Found credentials in shared credentials file: ~/.aws/credentials
[2025-11-08T23:59:07.405-0500] {processor.py:840} INFO - DAG(s) 'ocr_pipeline_dag' retrieved from /opt/airflow/dags/ocr_pipeline_dag.py
[2025-11-08T23:59:07.479-0500] {logging_mixin.py:188} INFO - [2025-11-08T23:59:07.478-0500] {dag.py:3089} INFO - Sync 1 DAGs
[2025-11-08T23:59:07.509-0500] {logging_mixin.py:188} INFO - [2025-11-08T23:59:07.509-0500] {dag.py:3947} INFO - Setting next_dagrun for ocr_pipeline_dag to None, run_after=None
[2025-11-08T23:59:07.603-0500] {processor.py:183} INFO - Processing /opt/airflow/dags/ocr_pipeline_dag.py took 2.230 seconds
[2025-11-08T23:59:37.945-0500] {processor.py:161} INFO - Started process (PID=3353) to work on /opt/airflow/dags/ocr_pipeline_dag.py
[2025-11-08T23:59:37.948-0500] {processor.py:830} INFO - Processing file /opt/airflow/dags/ocr_pipeline_dag.py for tasks to queue
[2025-11-08T23:59:37.956-0500] {logging_mixin.py:188} INFO - [2025-11-08T23:59:37.954-0500] {dagbag.py:545} INFO - Filling up the DagBag from /opt/airflow/dags/ocr_pipeline_dag.py
[2025-11-08T23:59:37.999-0500] {logging_mixin.py:188} INFO - 📂 Using project root: /opt/project
[2025-11-08T23:59:38.668-0500] {logging_mixin.py:188} INFO - [2025-11-08T23:59:38.667-0500] {credentials.py:1278} INFO - Found credentials in shared credentials file: ~/.aws/credentials
[2025-11-08T23:59:40.204-0500] {processor.py:840} INFO - DAG(s) 'ocr_pipeline_dag' retrieved from /opt/airflow/dags/ocr_pipeline_dag.py
[2025-11-08T23:59:40.245-0500] {logging_mixin.py:188} INFO - [2025-11-08T23:59:40.244-0500] {dag.py:3089} INFO - Sync 1 DAGs
[2025-11-08T23:59:40.267-0500] {logging_mixin.py:188} INFO - [2025-11-08T23:59:40.267-0500] {dag.py:3947} INFO - Setting next_dagrun for ocr_pipeline_dag to None, run_after=None
[2025-11-08T23:59:40.317-0500] {processor.py:183} INFO - Processing /opt/airflow/dags/ocr_pipeline_dag.py took 2.386 seconds
[2025-11-09T00:00:10.941-0500] {processor.py:161} INFO - Started process (PID=3359) to work on /opt/airflow/dags/ocr_pipeline_dag.py
[2025-11-09T00:00:10.944-0500] {processor.py:830} INFO - Processing file /opt/airflow/dags/ocr_pipeline_dag.py for tasks to queue
[2025-11-09T00:00:10.950-0500] {logging_mixin.py:188} INFO - [2025-11-09T00:00:10.949-0500] {dagbag.py:545} INFO - Filling up the DagBag from /opt/airflow/dags/ocr_pipeline_dag.py
[2025-11-09T00:00:11.000-0500] {logging_mixin.py:188} INFO - 📂 Using project root: /opt/project
[2025-11-09T00:00:11.307-0500] {logging_mixin.py:188} INFO - [2025-11-09T00:00:11.306-0500] {credentials.py:1278} INFO - Found credentials in shared credentials file: ~/.aws/credentials
[2025-11-09T00:00:12.995-0500] {processor.py:840} INFO - DAG(s) 'ocr_pipeline_dag' retrieved from /opt/airflow/dags/ocr_pipeline_dag.py
[2025-11-09T00:00:13.048-0500] {logging_mixin.py:188} INFO - [2025-11-09T00:00:13.047-0500] {dag.py:3089} INFO - Sync 1 DAGs
[2025-11-09T00:00:13.069-0500] {logging_mixin.py:188} INFO - [2025-11-09T00:00:13.068-0500] {dag.py:3947} INFO - Setting next_dagrun for ocr_pipeline_dag to None, run_after=None
[2025-11-09T00:00:13.156-0500] {processor.py:183} INFO - Processing /opt/airflow/dags/ocr_pipeline_dag.py took 2.235 seconds
[2025-11-09T00:00:44.000-0500] {processor.py:161} INFO - Started process (PID=3365) to work on /opt/airflow/dags/ocr_pipeline_dag.py
[2025-11-09T00:00:44.005-0500] {processor.py:830} INFO - Processing file /opt/airflow/dags/ocr_pipeline_dag.py for tasks to queue
[2025-11-09T00:00:44.012-0500] {logging_mixin.py:188} INFO - [2025-11-09T00:00:44.011-0500] {dagbag.py:545} INFO - Filling up the DagBag from /opt/airflow/dags/ocr_pipeline_dag.py
[2025-11-09T00:00:44.058-0500] {logging_mixin.py:188} INFO - 📂 Using project root: /opt/project
[2025-11-09T00:00:44.422-0500] {logging_mixin.py:188} INFO - [2025-11-09T00:00:44.421-0500] {credentials.py:1278} INFO - Found credentials in shared credentials file: ~/.aws/credentials
[2025-11-09T00:00:45.675-0500] {processor.py:840} INFO - DAG(s) 'ocr_pipeline_dag' retrieved from /opt/airflow/dags/ocr_pipeline_dag.py
[2025-11-09T00:00:45.839-0500] {logging_mixin.py:188} INFO - [2025-11-09T00:00:45.837-0500] {dag.py:3089} INFO - Sync 1 DAGs
[2025-11-09T00:00:45.902-0500] {logging_mixin.py:188} INFO - [2025-11-09T00:00:45.901-0500] {dag.py:3947} INFO - Setting next_dagrun for ocr_pipeline_dag to None, run_after=None
[2025-11-09T00:00:46.018-0500] {processor.py:183} INFO - Processing /opt/airflow/dags/ocr_pipeline_dag.py took 2.084 seconds
[2025-11-09T00:01:16.535-0500] {processor.py:161} INFO - Started process (PID=3371) to work on /opt/airflow/dags/ocr_pipeline_dag.py
[2025-11-09T00:01:16.538-0500] {processor.py:830} INFO - Processing file /opt/airflow/dags/ocr_pipeline_dag.py for tasks to queue
[2025-11-09T00:01:16.544-0500] {logging_mixin.py:188} INFO - [2025-11-09T00:01:16.543-0500] {dagbag.py:545} INFO - Filling up the DagBag from /opt/airflow/dags/ocr_pipeline_dag.py
[2025-11-09T00:01:16.585-0500] {logging_mixin.py:188} INFO - 📂 Using project root: /opt/project
[2025-11-09T00:01:17.095-0500] {logging_mixin.py:188} INFO - [2025-11-09T00:01:17.095-0500] {credentials.py:1278} INFO - Found credentials in shared credentials file: ~/.aws/credentials
[2025-11-09T00:01:18.593-0500] {processor.py:840} INFO - DAG(s) 'ocr_pipeline_dag' retrieved from /opt/airflow/dags/ocr_pipeline_dag.py
[2025-11-09T00:01:18.731-0500] {logging_mixin.py:188} INFO - [2025-11-09T00:01:18.729-0500] {dag.py:3089} INFO - Sync 1 DAGs
[2025-11-09T00:01:18.784-0500] {logging_mixin.py:188} INFO - [2025-11-09T00:01:18.783-0500] {dag.py:3947} INFO - Setting next_dagrun for ocr_pipeline_dag to None, run_after=None
[2025-11-09T00:01:18.866-0500] {processor.py:183} INFO - Processing /opt/airflow/dags/ocr_pipeline_dag.py took 2.349 seconds
[2025-11-09T00:01:49.316-0500] {processor.py:161} INFO - Started process (PID=3377) to work on /opt/airflow/dags/ocr_pipeline_dag.py
[2025-11-09T00:01:49.319-0500] {processor.py:830} INFO - Processing file /opt/airflow/dags/ocr_pipeline_dag.py for tasks to queue
[2025-11-09T00:01:49.325-0500] {logging_mixin.py:188} INFO - [2025-11-09T00:01:49.324-0500] {dagbag.py:545} INFO - Filling up the DagBag from /opt/airflow/dags/ocr_pipeline_dag.py
[2025-11-09T00:01:49.366-0500] {logging_mixin.py:188} INFO - 📂 Using project root: /opt/project
[2025-11-09T00:01:49.833-0500] {logging_mixin.py:188} INFO - [2025-11-09T00:01:49.832-0500] {credentials.py:1278} INFO - Found credentials in shared credentials file: ~/.aws/credentials
[2025-11-09T00:01:51.511-0500] {processor.py:840} INFO - DAG(s) 'ocr_pipeline_dag' retrieved from /opt/airflow/dags/ocr_pipeline_dag.py
[2025-11-09T00:01:51.620-0500] {logging_mixin.py:188} INFO - [2025-11-09T00:01:51.619-0500] {dag.py:3089} INFO - Sync 1 DAGs
[2025-11-09T00:01:51.652-0500] {logging_mixin.py:188} INFO - [2025-11-09T00:01:51.651-0500] {dag.py:3947} INFO - Setting next_dagrun for ocr_pipeline_dag to None, run_after=None
[2025-11-09T00:01:51.693-0500] {processor.py:183} INFO - Processing /opt/airflow/dags/ocr_pipeline_dag.py took 2.392 seconds
[2025-11-09T00:02:22.139-0500] {processor.py:161} INFO - Started process (PID=3383) to work on /opt/airflow/dags/ocr_pipeline_dag.py
[2025-11-09T00:02:22.141-0500] {processor.py:830} INFO - Processing file /opt/airflow/dags/ocr_pipeline_dag.py for tasks to queue
[2025-11-09T00:02:22.147-0500] {logging_mixin.py:188} INFO - [2025-11-09T00:02:22.146-0500] {dagbag.py:545} INFO - Filling up the DagBag from /opt/airflow/dags/ocr_pipeline_dag.py
[2025-11-09T00:02:22.183-0500] {logging_mixin.py:188} INFO - 📂 Using project root: /opt/project
[2025-11-09T00:02:22.588-0500] {logging_mixin.py:188} INFO - [2025-11-09T00:02:22.587-0500] {credentials.py:1278} INFO - Found credentials in shared credentials file: ~/.aws/credentials
[2025-11-09T00:02:23.972-0500] {processor.py:840} INFO - DAG(s) 'ocr_pipeline_dag' retrieved from /opt/airflow/dags/ocr_pipeline_dag.py
[2025-11-09T00:02:24.076-0500] {logging_mixin.py:188} INFO - [2025-11-09T00:02:24.075-0500] {dag.py:3089} INFO - Sync 1 DAGs
[2025-11-09T00:02:24.106-0500] {logging_mixin.py:188} INFO - [2025-11-09T00:02:24.106-0500] {dag.py:3947} INFO - Setting next_dagrun for ocr_pipeline_dag to None, run_after=None
[2025-11-09T00:02:24.198-0500] {processor.py:183} INFO - Processing /opt/airflow/dags/ocr_pipeline_dag.py took 2.079 seconds
[2025-11-09T00:02:54.843-0500] {processor.py:161} INFO - Started process (PID=3389) to work on /opt/airflow/dags/ocr_pipeline_dag.py
[2025-11-09T00:02:54.848-0500] {processor.py:830} INFO - Processing file /opt/airflow/dags/ocr_pipeline_dag.py for tasks to queue
[2025-11-09T00:02:54.860-0500] {logging_mixin.py:188} INFO - [2025-11-09T00:02:54.858-0500] {dagbag.py:545} INFO - Filling up the DagBag from /opt/airflow/dags/ocr_pipeline_dag.py
[2025-11-09T00:02:54.929-0500] {logging_mixin.py:188} INFO - 📂 Using project root: /opt/project
[2025-11-09T00:02:55.420-0500] {logging_mixin.py:188} INFO - [2025-11-09T00:02:55.419-0500] {credentials.py:1278} INFO - Found credentials in shared credentials file: ~/.aws/credentials
[2025-11-09T00:02:56.759-0500] {processor.py:840} INFO - DAG(s) 'ocr_pipeline_dag' retrieved from /opt/airflow/dags/ocr_pipeline_dag.py
[2025-11-09T00:02:56.899-0500] {logging_mixin.py:188} INFO - [2025-11-09T00:02:56.898-0500] {dag.py:3089} INFO - Sync 1 DAGs
[2025-11-09T00:02:56.945-0500] {logging_mixin.py:188} INFO - [2025-11-09T00:02:56.944-0500] {dag.py:3947} INFO - Setting next_dagrun for ocr_pipeline_dag to None, run_after=None
[2025-11-09T00:02:57.061-0500] {processor.py:183} INFO - Processing /opt/airflow/dags/ocr_pipeline_dag.py took 2.245 seconds
[2025-11-09T00:03:27.726-0500] {processor.py:161} INFO - Started process (PID=3395) to work on /opt/airflow/dags/ocr_pipeline_dag.py
[2025-11-09T00:03:27.731-0500] {processor.py:830} INFO - Processing file /opt/airflow/dags/ocr_pipeline_dag.py for tasks to queue
[2025-11-09T00:03:27.743-0500] {logging_mixin.py:188} INFO - [2025-11-09T00:03:27.741-0500] {dagbag.py:545} INFO - Filling up the DagBag from /opt/airflow/dags/ocr_pipeline_dag.py
[2025-11-09T00:03:27.811-0500] {logging_mixin.py:188} INFO - 📂 Using project root: /opt/project
[2025-11-09T00:03:28.326-0500] {logging_mixin.py:188} INFO - [2025-11-09T00:03:28.325-0500] {credentials.py:1278} INFO - Found credentials in shared credentials file: ~/.aws/credentials
[2025-11-09T00:03:30.860-0500] {processor.py:840} INFO - DAG(s) 'ocr_pipeline_dag' retrieved from /opt/airflow/dags/ocr_pipeline_dag.py
[2025-11-09T00:03:30.901-0500] {logging_mixin.py:188} INFO - [2025-11-09T00:03:30.900-0500] {dag.py:3089} INFO - Sync 1 DAGs
[2025-11-09T00:03:30.920-0500] {logging_mixin.py:188} INFO - [2025-11-09T00:03:30.920-0500] {dag.py:3947} INFO - Setting next_dagrun for ocr_pipeline_dag to None, run_after=None
[2025-11-09T00:03:30.951-0500] {processor.py:183} INFO - Processing /opt/airflow/dags/ocr_pipeline_dag.py took 2.013 seconds
[2025-11-09T00:04:01.643-0500] {processor.py:161} INFO - Started process (PID=3401) to work on /opt/airflow/dags/ocr_pipeline_dag.py
[2025-11-09T00:04:01.645-0500] {processor.py:830} INFO - Processing file /opt/airflow/dags/ocr_pipeline_dag.py for tasks to queue
[2025-11-09T00:04:01.652-0500] {logging_mixin.py:188} INFO - [2025-11-09T00:04:01.651-0500] {dagbag.py:545} INFO - Filling up the DagBag from /opt/airflow/dags/ocr_pipeline_dag.py
[2025-11-09T00:04:01.682-0500] {logging_mixin.py:188} INFO - 📂 Using project root: /opt/project
[2025-11-09T00:04:02.094-0500] {logging_mixin.py:188} INFO - [2025-11-09T00:04:02.093-0500] {credentials.py:1278} INFO - Found credentials in shared credentials file: ~/.aws/credentials
[2025-11-09T00:04:03.758-0500] {processor.py:840} INFO - DAG(s) 'ocr_pipeline_dag' retrieved from /opt/airflow/dags/ocr_pipeline_dag.py
[2025-11-09T00:04:03.821-0500] {logging_mixin.py:188} INFO - [2025-11-09T00:04:03.820-0500] {dag.py:3089} INFO - Sync 1 DAGs
[2025-11-09T00:04:03.852-0500] {logging_mixin.py:188} INFO - [2025-11-09T00:04:03.851-0500] {dag.py:3947} INFO - Setting next_dagrun for ocr_pipeline_dag to None, run_after=None
[2025-11-09T00:04:03.917-0500] {processor.py:183} INFO - Processing /opt/airflow/dags/ocr_pipeline_dag.py took 2.287 seconds
[2025-11-09T00:04:34.449-0500] {processor.py:161} INFO - Started process (PID=3407) to work on /opt/airflow/dags/ocr_pipeline_dag.py
[2025-11-09T00:04:34.454-0500] {processor.py:830} INFO - Processing file /opt/airflow/dags/ocr_pipeline_dag.py for tasks to queue
[2025-11-09T00:04:34.463-0500] {logging_mixin.py:188} INFO - [2025-11-09T00:04:34.462-0500] {dagbag.py:545} INFO - Filling up the DagBag from /opt/airflow/dags/ocr_pipeline_dag.py
[2025-11-09T00:04:34.533-0500] {logging_mixin.py:188} INFO - 📂 Using project root: /opt/project
[2025-11-09T00:04:35.082-0500] {logging_mixin.py:188} INFO - [2025-11-09T00:04:35.081-0500] {credentials.py:1278} INFO - Found credentials in shared credentials file: ~/.aws/credentials
[2025-11-09T00:04:36.372-0500] {processor.py:840} INFO - DAG(s) 'ocr_pipeline_dag' retrieved from /opt/airflow/dags/ocr_pipeline_dag.py
[2025-11-09T00:04:36.480-0500] {logging_mixin.py:188} INFO - [2025-11-09T00:04:36.479-0500] {dag.py:3089} INFO - Sync 1 DAGs
[2025-11-09T00:04:36.513-0500] {logging_mixin.py:188} INFO - [2025-11-09T00:04:36.512-0500] {dag.py:3947} INFO - Setting next_dagrun for ocr_pipeline_dag to None, run_after=None
[2025-11-09T00:04:36.564-0500] {processor.py:183} INFO - Processing /opt/airflow/dags/ocr_pipeline_dag.py took 2.144 seconds
[2025-11-09T00:05:07.604-0500] {processor.py:161} INFO - Started process (PID=3413) to work on /opt/airflow/dags/ocr_pipeline_dag.py
[2025-11-09T00:05:07.610-0500] {processor.py:830} INFO - Processing file /opt/airflow/dags/ocr_pipeline_dag.py for tasks to queue
[2025-11-09T00:05:07.620-0500] {logging_mixin.py:188} INFO - [2025-11-09T00:05:07.618-0500] {dagbag.py:545} INFO - Filling up the DagBag from /opt/airflow/dags/ocr_pipeline_dag.py
[2025-11-09T00:05:07.699-0500] {logging_mixin.py:188} INFO - 📂 Using project root: /opt/project
[2025-11-09T00:05:08.304-0500] {logging_mixin.py:188} INFO - [2025-11-09T00:05:08.303-0500] {credentials.py:1278} INFO - Found credentials in shared credentials file: ~/.aws/credentials
[2025-11-09T00:05:09.941-0500] {processor.py:840} INFO - DAG(s) 'ocr_pipeline_dag' retrieved from /opt/airflow/dags/ocr_pipeline_dag.py
[2025-11-09T00:05:10.003-0500] {logging_mixin.py:188} INFO - [2025-11-09T00:05:10.002-0500] {dag.py:3089} INFO - Sync 1 DAGs
[2025-11-09T00:05:10.030-0500] {logging_mixin.py:188} INFO - [2025-11-09T00:05:10.029-0500] {dag.py:3947} INFO - Setting next_dagrun for ocr_pipeline_dag to None, run_after=None
[2025-11-09T00:05:10.073-0500] {processor.py:183} INFO - Processing /opt/airflow/dags/ocr_pipeline_dag.py took 2.503 seconds
[2025-11-09T00:05:40.324-0500] {processor.py:161} INFO - Started process (PID=3419) to work on /opt/airflow/dags/ocr_pipeline_dag.py
[2025-11-09T00:05:40.329-0500] {processor.py:830} INFO - Processing file /opt/airflow/dags/ocr_pipeline_dag.py for tasks to queue
[2025-11-09T00:05:40.339-0500] {logging_mixin.py:188} INFO - [2025-11-09T00:05:40.337-0500] {dagbag.py:545} INFO - Filling up the DagBag from /opt/airflow/dags/ocr_pipeline_dag.py
[2025-11-09T00:05:40.410-0500] {logging_mixin.py:188} INFO - 📂 Using project root: /opt/project
[2025-11-09T00:05:41.156-0500] {logging_mixin.py:188} INFO - [2025-11-09T00:05:41.155-0500] {credentials.py:1278} INFO - Found credentials in shared credentials file: ~/.aws/credentials
[2025-11-09T00:05:42.748-0500] {processor.py:840} INFO - DAG(s) 'ocr_pipeline_dag' retrieved from /opt/airflow/dags/ocr_pipeline_dag.py
[2025-11-09T00:05:42.867-0500] {logging_mixin.py:188} INFO - [2025-11-09T00:05:42.865-0500] {dag.py:3089} INFO - Sync 1 DAGs
[2025-11-09T00:05:42.913-0500] {logging_mixin.py:188} INFO - [2025-11-09T00:05:42.912-0500] {dag.py:3947} INFO - Setting next_dagrun for ocr_pipeline_dag to None, run_after=None
[2025-11-09T00:05:42.978-0500] {processor.py:183} INFO - Processing /opt/airflow/dags/ocr_pipeline_dag.py took 2.685 seconds
[2025-11-09T00:06:13.925-0500] {processor.py:161} INFO - Started process (PID=3425) to work on /opt/airflow/dags/ocr_pipeline_dag.py
[2025-11-09T00:06:13.930-0500] {processor.py:830} INFO - Processing file /opt/airflow/dags/ocr_pipeline_dag.py for tasks to queue
[2025-11-09T00:06:13.940-0500] {logging_mixin.py:188} INFO - [2025-11-09T00:06:13.939-0500] {dagbag.py:545} INFO - Filling up the DagBag from /opt/airflow/dags/ocr_pipeline_dag.py
[2025-11-09T00:06:14.013-0500] {logging_mixin.py:188} INFO - 📂 Using project root: /opt/project
[2025-11-09T00:06:14.496-0500] {logging_mixin.py:188} INFO - [2025-11-09T00:06:14.495-0500] {credentials.py:1278} INFO - Found credentials in shared credentials file: ~/.aws/credentials
[2025-11-09T00:06:15.736-0500] {processor.py:840} INFO - DAG(s) 'ocr_pipeline_dag' retrieved from /opt/airflow/dags/ocr_pipeline_dag.py
[2025-11-09T00:06:15.866-0500] {logging_mixin.py:188} INFO - [2025-11-09T00:06:15.864-0500] {dag.py:3089} INFO - Sync 1 DAGs
[2025-11-09T00:06:15.956-0500] {logging_mixin.py:188} INFO - [2025-11-09T00:06:15.955-0500] {dag.py:3947} INFO - Setting next_dagrun for ocr_pipeline_dag to None, run_after=None
[2025-11-09T00:06:16.034-0500] {processor.py:183} INFO - Processing /opt/airflow/dags/ocr_pipeline_dag.py took 2.139 seconds
[2025-11-09T00:06:46.829-0500] {processor.py:161} INFO - Started process (PID=3431) to work on /opt/airflow/dags/ocr_pipeline_dag.py
[2025-11-09T00:06:46.835-0500] {processor.py:830} INFO - Processing file /opt/airflow/dags/ocr_pipeline_dag.py for tasks to queue
[2025-11-09T00:06:46.844-0500] {logging_mixin.py:188} INFO - [2025-11-09T00:06:46.843-0500] {dagbag.py:545} INFO - Filling up the DagBag from /opt/airflow/dags/ocr_pipeline_dag.py
[2025-11-09T00:06:46.915-0500] {logging_mixin.py:188} INFO - 📂 Using project root: /opt/project
[2025-11-09T00:06:47.456-0500] {logging_mixin.py:188} INFO - [2025-11-09T00:06:47.455-0500] {credentials.py:1278} INFO - Found credentials in shared credentials file: ~/.aws/credentials
[2025-11-09T00:06:48.927-0500] {processor.py:840} INFO - DAG(s) 'ocr_pipeline_dag' retrieved from /opt/airflow/dags/ocr_pipeline_dag.py
[2025-11-09T00:06:49.004-0500] {logging_mixin.py:188} INFO - [2025-11-09T00:06:49.003-0500] {dag.py:3089} INFO - Sync 1 DAGs
[2025-11-09T00:06:49.031-0500] {logging_mixin.py:188} INFO - [2025-11-09T00:06:49.030-0500] {dag.py:3947} INFO - Setting next_dagrun for ocr_pipeline_dag to None, run_after=None
[2025-11-09T00:06:49.085-0500] {processor.py:183} INFO - Processing /opt/airflow/dags/ocr_pipeline_dag.py took 2.284 seconds
[2025-11-09T00:07:19.537-0500] {processor.py:161} INFO - Started process (PID=3437) to work on /opt/airflow/dags/ocr_pipeline_dag.py
[2025-11-09T00:07:19.540-0500] {processor.py:830} INFO - Processing file /opt/airflow/dags/ocr_pipeline_dag.py for tasks to queue
[2025-11-09T00:07:19.547-0500] {logging_mixin.py:188} INFO - [2025-11-09T00:07:19.546-0500] {dagbag.py:545} INFO - Filling up the DagBag from /opt/airflow/dags/ocr_pipeline_dag.py
[2025-11-09T00:07:19.591-0500] {logging_mixin.py:188} INFO - 📂 Using project root: /opt/project
[2025-11-09T00:07:20.363-0500] {logging_mixin.py:188} INFO - [2025-11-09T00:07:20.362-0500] {credentials.py:1278} INFO - Found credentials in shared credentials file: ~/.aws/credentials
[2025-11-09T00:07:21.923-0500] {processor.py:840} INFO - DAG(s) 'ocr_pipeline_dag' retrieved from /opt/airflow/dags/ocr_pipeline_dag.py
[2025-11-09T00:07:21.986-0500] {logging_mixin.py:188} INFO - [2025-11-09T00:07:21.985-0500] {dag.py:3089} INFO - Sync 1 DAGs
[2025-11-09T00:07:22.020-0500] {logging_mixin.py:188} INFO - [2025-11-09T00:07:22.018-0500] {dag.py:3947} INFO - Setting next_dagrun for ocr_pipeline_dag to None, run_after=None
[2025-11-09T00:07:22.081-0500] {processor.py:183} INFO - Processing /opt/airflow/dags/ocr_pipeline_dag.py took 2.566 seconds
